Archive member included because of file (symbol)

/usr/lib/gcc/i686-w64-mingw32/4.8/../../../../i686-w64-mingw32/lib/../lib/libkernel32.a(dnqfbs01140.o)
                              build/release/stub_zlib_solid/exec.o (_imp__Sleep@4)
/usr/lib/gcc/i686-w64-mingw32/4.8/../../../../i686-w64-mingw32/lib/../lib/libkernel32.a(dnqfbs01057.o)
                              build/release/stub_zlib_solid/exec.o (_imp__SetFileAttributesA@8)
/usr/lib/gcc/i686-w64-mingw32/4.8/../../../../i686-w64-mingw32/lib/../lib/libkernel32.a(dnqfbs00126.o)
                              build/release/stub_zlib_solid/exec.o (_imp__CreateDirectoryA@8)
/usr/lib/gcc/i686-w64-mingw32/4.8/../../../../i686-w64-mingw32/lib/../lib/libkernel32.a(dnqfbs00515.o)
                              build/release/stub_zlib_solid/exec.o (_imp__GetLastError@0)
/usr/lib/gcc/i686-w64-mingw32/4.8/../../../../i686-w64-mingw32/lib/../lib/libkernel32.a(dnqfbs00486.o)
                              build/release/stub_zlib_solid/exec.o (_imp__GetFileAttributesA@4)
/usr/lib/gcc/i686-w64-mingw32/4.8/../../../../i686-w64-mingw32/lib/../lib/libkernel32.a(dnqfbs01040.o)
                              build/release/stub_zlib_solid/exec.o (_imp__SetCurrentDirectoryA@4)
/usr/lib/gcc/i686-w64-mingw32/4.8/../../../../i686-w64-mingw32/lib/../lib/libkernel32.a(dnqfbs00844.o)
                              build/release/stub_zlib_solid/exec.o (_imp__MoveFileA@8)
/usr/lib/gcc/i686-w64-mingw32/4.8/../../../../i686-w64-mingw32/lib/../lib/libkernel32.a(dnqfbs00505.o)
                              build/release/stub_zlib_solid/exec.o (_imp__GetFullPathNameA@16)
/usr/lib/gcc/i686-w64-mingw32/4.8/../../../../i686-w64-mingw32/lib/../lib/libkernel32.a(dnqfbs00610.o)
                              build/release/stub_zlib_solid/exec.o (_imp__GetShortPathNameA@12)
/usr/lib/gcc/i686-w64-mingw32/4.8/../../../../i686-w64-mingw32/lib/../lib/libkernel32.a(dnqfbs00991.o)
                              build/release/stub_zlib_solid/exec.o (_imp__SearchPathA@24)
/usr/lib/gcc/i686-w64-mingw32/4.8/../../../../i686-w64-mingw32/lib/../lib/libkernel32.a(dnqfbs00097.o)
                              build/release/stub_zlib_solid/exec.o (_imp__CompareFileTime@8)
/usr/lib/gcc/i686-w64-mingw32/4.8/../../../../i686-w64-mingw32/lib/../lib/libkernel32.a(dnqfbs01069.o)
                              build/release/stub_zlib_solid/exec.o (_imp__SetFileTime@16)
/usr/lib/gcc/i686-w64-mingw32/4.8/../../../../i686-w64-mingw32/lib/../lib/libkernel32.a(dnqfbs00083.o)
                              build/release/stub_zlib_solid/exec.o (_imp__CloseHandle@4)
/usr/lib/gcc/i686-w64-mingw32/4.8/../../../../i686-w64-mingw32/lib/../lib/libkernel32.a(dnqfbs01295.o)
                              build/release/stub_zlib_solid/exec.o (_imp__lstrcmpiA@8)
/usr/lib/gcc/i686-w64-mingw32/4.8/../../../../i686-w64-mingw32/lib/../lib/libkernel32.a(dnqfbs01292.o)
                              build/release/stub_zlib_solid/exec.o (_imp__lstrcmpA@8)
/usr/lib/gcc/i686-w64-mingw32/4.8/../../../../i686-w64-mingw32/lib/../lib/libkernel32.a(dnqfbs00285.o)
                              build/release/stub_zlib_solid/exec.o (_imp__ExpandEnvironmentStringsA@12)
/usr/lib/gcc/i686-w64-mingw32/4.8/../../../../i686-w64-mingw32/lib/../lib/libkernel32.a(dnqfbs00702.o)
                              build/release/stub_zlib_solid/exec.o (_imp__GlobalFree@4)
/usr/lib/gcc/i686-w64-mingw32/4.8/../../../../i686-w64-mingw32/lib/../lib/libkernel32.a(dnqfbs00695.o)
                              build/release/stub_zlib_solid/exec.o (_imp__GlobalAlloc@8)
/usr/lib/gcc/i686-w64-mingw32/4.8/../../../../i686-w64-mingw32/lib/../lib/libkernel32.a(dnqfbs00852.o)
                              build/release/stub_zlib_solid/exec.o (_imp__MulDiv@12)
/usr/lib/gcc/i686-w64-mingw32/4.8/../../../../i686-w64-mingw32/lib/../lib/libkernel32.a(dnqfbs01218.o)
                              build/release/stub_zlib_solid/exec.o (_imp__WaitForSingleObject@8)
/usr/lib/gcc/i686-w64-mingw32/4.8/../../../../i686-w64-mingw32/lib/../lib/libkernel32.a(dnqfbs00482.o)
                              build/release/stub_zlib_solid/exec.o (_imp__GetExitCodeProcess@8)
/usr/lib/gcc/i686-w64-mingw32/4.8/../../../../i686-w64-mingw32/lib/../lib/libkernel32.a(dnqfbs00810.o)
                              build/release/stub_zlib_solid/exec.o (_imp__LoadLibraryExA@12)
/usr/lib/gcc/i686-w64-mingw32/4.8/../../../../i686-w64-mingw32/lib/../lib/libkernel32.a(dnqfbs00533.o)
                              build/release/stub_zlib_solid/exec.o (_imp__GetModuleHandleA@4)
/usr/lib/gcc/i686-w64-mingw32/4.8/../../../../i686-w64-mingw32/lib/../lib/libkernel32.a(dnqfbs00581.o)
                              build/release/stub_zlib_solid/exec.o (_imp__GetProcAddress@8)
/usr/lib/gcc/i686-w64-mingw32/4.8/../../../../i686-w64-mingw32/lib/../lib/libkernel32.a(dnqfbs00356.o)
                              build/release/stub_zlib_solid/exec.o (_imp__FreeLibrary@4)
[...]
Memory Configuration

Name             Origin             Length             Attributes
*default*        0x0000000000000000 0xffffffffffffffff

Linker script and memory map

                0x0000000000400000                __image_base__ = 0x400000
                0x0000000000000000                __dll__ = 0x0
                0x0000000000400000                ___ImageBase = 0x400000
                0x0000000000001000                __section_alignment__ = 0x1000
                0x0000000000000200                __file_alignment__ = 0x200
                0x0000000000000004                __major_os_version__ = 0x4
                0x0000000000000000                __minor_os_version__ = 0x0
                0x0000000000000001                __major_image_version__ = 0x1
                0x0000000000000000                __minor_image_version__ = 0x0
                0x0000000000000004                __major_subsystem_version__ = 0x4
                0x0000000000000000                __minor_subsystem_version__ = 0x0
                0x0000000000000002                __subsystem__ = 0x2
                0x0000000000200000                __size_of_stack_reserve__ = 0x200000
                0x0000000000001000                __size_of_stack_commit__ = 0x1000
                0x0000000000100000                __size_of_heap_reserve__ = 0x100000
                0x0000000000001000                __size_of_heap_commit__ = 0x1000
                0x0000000000000000                __loader_flags__ = 0x0
                0x0000000000000000                __dll_characteristics__ = 0x0
LOAD build/release/stub_zlib_solid/bgbg.o
LOAD build/release/stub_zlib_solid/components.o
LOAD build/release/stub_zlib_solid/exec.o
LOAD build/release/stub_zlib_solid/fileform.o
LOAD build/release/stub_zlib_solid/Main.o
LOAD build/release/stub_zlib_solid/plugin.o
LOAD build/release/stub_zlib_solid/Ui.o
LOAD build/release/stub_zlib_solid/util.o
LOAD build/release/stub_zlib_solid/crc32.o
LOAD build/release/stub_zlib_solid/INFBLOCK.o
LOAD build/release/stub_zlib_solid/resource.o
LOAD /usr/lib/gcc/i686-w64-mingw32/4.8/../../../../i686-w64-mingw32/lib/../lib/libkernel32.a
LOAD /usr/lib/gcc/i686-w64-mingw32/4.8/../../../../i686-w64-mingw32/lib/../lib/libuser32.a
LOAD /usr/lib/gcc/i686-w64-mingw32/4.8/../../../../i686-w64-mingw32/lib/../lib/libgdi32.a
LOAD /usr/lib/gcc/i686-w64-mingw32/4.8/../../../../i686-w64-mingw32/lib/../lib/libshell32.a
LOAD /usr/lib/gcc/i686-w64-mingw32/4.8/../../../../i686-w64-mingw32/lib/../lib/libadvapi32.a
LOAD /usr/lib/gcc/i686-w64-mingw32/4.8/../../../../i686-w64-mingw32/lib/../lib/libcomdlg32.a
LOAD /usr/lib/gcc/i686-w64-mingw32/4.8/../../../../i686-w64-mingw32/lib/../lib/libcomctl32.a
LOAD /usr/lib/gcc/i686-w64-mingw32/4.8/../../../../i686-w64-mingw32/lib/../lib/libole32.a
LOAD /usr/lib/gcc/i686-w64-mingw32/4.8/../../../../i686-w64-mingw32/lib/../lib/libversion.a
LOAD /usr/lib/gcc/i686-w64-mingw32/4.8/../../../../i686-w64-mingw32/lib/../lib/libuuid.a

.text           0x0000000000401000     0x9400
 *(.init)
 *(.text)
 .text          0x0000000000401000      0x21c build/release/stub_zlib_solid/bgbg.o
                0x0000000000401000                BG_WndProc@16
 .text          0x000000000040121c      0x1e4 build/release/stub_zlib_solid/components.o
                0x000000000040121c                SectionFlagsChanged@4
                0x0000000000401283                _RefreshSectionGroups@8
                0x0000000000401333                SetInstType@4
                0x000000000040137a                GetInstType@4
 .text          0x0000000000401400     0x2ad8 build/release/stub_zlib_solid/exec.o
                0x000000000040161b                resolveaddr@4
                0x000000000040163c                update_status_text_buf1@4
                0x0000000000403df6                ExecuteCodeSegment@8
                0x0000000000403ead                ExecuteCallbackFunction@4
 .text          0x0000000000403ed8      0x9c8 build/release/stub_zlib_solid/fileform.o
                0x0000000000403f0a                verProc@16
                0x0000000000403faa                handle_ver_dlg
                0x0000000000404095                ReadSelfFile@8
                0x00000000004040e1                SetSelfFilePointer@4
                0x0000000000404302                _dodecomp@16
                0x00000000004044ad                loadHeaders@4
 .text          0x00000000004048a0      0x640 build/release/stub_zlib_solid/Main.o
                0x00000000004048a0                ValidateTempDir
                0x0000000000404904                CleanUp@0
                0x0000000000404963                WinMain@16
 .text          0x0000000000404ee0       0xf4 build/release/stub_zlib_solid/plugin.o
                0x0000000000404ee0                Plugins_SendMsgToAllPlugins@4
                0x0000000000404f08                Plugins_UnloadAll@0
                0x0000000000404f55                Plugins_CanUnload@4
                0x0000000000404f77                RegisterPluginCallback@8
 .text          0x0000000000404fd4     0x2cd4 build/release/stub_zlib_solid/Ui.o
                0x0000000000405415                StreamLicense@16
                0x0000000000405541                DialogProc@16
                0x0000000000406169                build_g_logfile@0
                0x00000000004066c9                ui_doinstall@0
                0x0000000000406b44                TreeGetSelectedSection@8
                0x000000000040759b                update_status_text@8
 .text          0x0000000000407ca8     0x132c build/release/stub_zlib_solid/util.o
                0x0000000000407ca8                myCreateProcess@4
                0x0000000000407d2a                my_SetDialogItemText@12
                0x0000000000407d35                my_GetDialogItemText@8
                0x0000000000407d66                my_MessageBox@8
                0x0000000000407dd4                findchar@8
                0x0000000000407dfe                trimslashtoend@4
                0x0000000000407e37                validpathspec@4
                0x0000000000407e64                skip_root@4
                0x0000000000407ee3                mystrstri@8
                0x0000000000407f52                mini_memcpy@12
                0x0000000000407f75                remove_ro_attr@4
                0x0000000000407fa7                myOpenFile@12
                0x0000000000408000                my_GetTempFileName@8
                0x0000000000408069                myRegGetStr@20
                0x0000000000408112                myitoa@8
                0x0000000000408137                myatoi@4
                0x00000000004081e9                mystrcpy@8
                0x0000000000408211                mystrlen@4
                0x000000000040821c                mystrcat@8
                0x0000000000408227                addtrailingslash@4
                0x000000000040826c                validate_filename@4
                0x0000000000408339                GetNSISString@8
                0x000000000040864a                log_write@4
                0x0000000000408742                _RegKeyHandleToName
                0x00000000004087b7                _LogData2Hex
                0x0000000000408840                log_printf
                0x000000000040888d                file_exists@4
                0x00000000004088c5                is_valid_instpath@4
                0x000000000040897e                myGetProcAddress@4
                0x00000000004089d1                MoveFileOnReboot@8
                0x0000000000408c74                myDelete@8
                0x0000000000408f83                MessageLoop@4
 .text          0x0000000000408fd4       0x6c build/release/stub_zlib_solid/crc32.o
                0x0000000000408fd4                CRC32@12
 .text          0x0000000000409040     0x11f4 build/release/stub_zlib_solid/INFBLOCK.o
                0x0000000000409591                inflate@4
 .text          0x000000000040a234        0x0 /usr/lib/gcc/i686-w64-mingw32/4.8/../../../../i686-w64-mingw32/lib/../lib/libkernel32.a(dnqfbh.o)
 .text          0x000000000040a234        0x0 /usr/lib/gcc/i686-w64-mingw32/4.8/../../../../i686-w64-mingw32/lib/../lib/libkernel32.a(dnqfbt.o)
 .text          0x000000000040a234        0x0 /usr/lib/gcc/i686-w64-mingw32/4.8/../../../../i686-w64-mingw32/lib/../lib/libuser32.a(dbukbh.o)
 .text          0x000000000040a234        0x0 /usr/lib/gcc/i686-w64-mingw32/4.8/../../../../i686-w64-mingw32/lib/../lib/libuser32.a(dbukbt.o)
 .text          0x000000000040a234        0x0 /usr/lib/gcc/i686-w64-mingw32/4.8/../../../../i686-w64-mingw32/lib/../lib/libgdi32.a(dtfkbh.o)
 .text          0x000000000040a234        0x0 /usr/lib/gcc/i686-w64-mingw32/4.8/../../../../i686-w64-mingw32/lib/../lib/libgdi32.a(dtfkbt.o)
 .text          0x000000000040a234        0x0 /usr/lib/gcc/i686-w64-mingw32/4.8/../../../../i686-w64-mingw32/lib/../lib/libshell32.a(lib32_libshell32_a-shell32.o)
 .text          0x000000000040a234        0x0 /usr/lib/gcc/i686-w64-mingw32/4.8/../../../../i686-w64-mingw32/lib/../lib/libshell32.a(dyxfbh.o)
 .text          0x000000000040a234        0x0 /usr/lib/gcc/i686-w64-mingw32/4.8/../../../../i686-w64-mingw32/lib/../lib/libshell32.a(dyxfbt.o)
 .text          0x000000000040a234        0x0 /usr/lib/gcc/i686-w64-mingw32/4.8/../../../../i686-w64-mingw32/lib/../lib/libadvapi32.a(drrjbh.o)
 .text          0x000000000040a234        0x0 /usr/lib/gcc/i686-w64-mingw32/4.8/../../../../i686-w64-mingw32/lib/../lib/libadvapi32.a(drrjbt.o)
 .text          0x000000000040a234        0x0 /usr/lib/gcc/i686-w64-mingw32/4.8/../../../../i686-w64-mingw32/lib/../lib/libcomctl32.a(dwtjbh.o)
 .text          0x000000000040a234        0x0 /usr/lib/gcc/i686-w64-mingw32/4.8/../../../../i686-w64-mingw32/lib/../lib/libcomctl32.a(dwtjbt.o)
 .text          0x000000000040a234        0x0 /usr/lib/gcc/i686-w64-mingw32/4.8/../../../../i686-w64-mingw32/lib/../lib/libole32.a(dxmkbh.o)
 .text          0x000000000040a234        0x0 /usr/lib/gcc/i686-w64-mingw32/4.8/../../../../i686-w64-mingw32/lib/../lib/libole32.a(dxmkbt.o)
 .text          0x000000000040a234        0x8 /usr/lib/gcc/i686-w64-mingw32/4.8/../../../../i686-w64-mingw32/lib/../lib/libversion.a(dqukbs00001.o)
                0x000000000040a234                GetFileVersionInfoSizeA@8
 .text          0x000000000040a23c        0x8 /usr/lib/gcc/i686-w64-mingw32/4.8/../../../../i686-w64-mingw32/lib/../lib/libversion.a(dqukbs00000.o)
                0x000000000040a23c                GetFileVersionInfoA@16
 .text          0x000000000040a244        0x8 /usr/lib/gcc/i686-w64-mingw32/4.8/../../../../i686-w64-mingw32/lib/../lib/libversion.a(dqukbs00010.o)
                0x000000000040a244                VerQueryValueA@16
 .text          0x000000000040a24c        0x0 /usr/lib/gcc/i686-w64-mingw32/4.8/../../../../i686-w64-mingw32/lib/../lib/libversion.a(dqukbh.o)
 .text          0x000000000040a24c        0x0 /usr/lib/gcc/i686-w64-mingw32/4.8/../../../../i686-w64-mingw32/lib/../lib/libversion.a(dqukbt.o)
 .text          0x000000000040a24c        0x0 /usr/lib/gcc/i686-w64-mingw32/4.8/../../../../i686-w64-mingw32/lib/../lib/libuuid.a(lib32_libuuid_a-uuid.o)
 *(SORT(.text$*))
 *(.glue_7t)
 *(.glue_7)
                0x000000000040a24c                ___CTOR_LIST__ = .
                0x000000000040a24c                __CTOR_LIST__ = .
                0x000000000040a24c        0x4 LONG 0xffffffffffffffff
 *(EXCLUDE_FILE(*crtend.o) .ctors)
 *(.ctor)
 *(SORT(.ctors.*))
 *crtend.o(.ctors)
                0x000000000040a250        0x4 LONG 0x0
                0x000000000040a254                ___DTOR_LIST__ = .
                0x000000000040a254                __DTOR_LIST__ = .
                0x000000000040a254        0x4 LONG 0xffffffffffffffff
 *(EXCLUDE_FILE(*crtend.o) .dtors)
 *(.dtor)
 *(SORT(.dtors.*))
 *crtend.o(.dtors)
                0x000000000040a258        0x4 LONG 0x0
 *(.fini)
 *(.gcc_exc)
                0x000000000040a25c                PROVIDE (etext, .)
 *(.gcc_except_table)

.data           0x000000000040b000      0x200
                0x000000000040b000                __data_start__ = .
 *(.data)
 .data          0x000000000040b000        0x0 build/release/stub_zlib_solid/bgbg.o
 .data          0x000000000040b000        0x0 build/release/stub_zlib_solid/components.o
 .data          0x000000000040b000       0x10 build/release/stub_zlib_solid/exec.o
                0x000000000040b000                plugin_extra_parameters
 .data          0x000000000040b010        0x8 build/release/stub_zlib_solid/fileform.o
                0x000000000040b010                dbd_hFile
                0x000000000040b014                g_db_hFile
 .data          0x000000000040b018        0x0 build/release/stub_zlib_solid/Main.o
 .data          0x000000000040b018        0x0 build/release/stub_zlib_solid/plugin.o
 .data          0x000000000040b018        0x4 build/release/stub_zlib_solid/Ui.o
 .data          0x000000000040b01c       0x74 build/release/stub_zlib_solid/util.o
                0x000000000040b048                MGA_FUNCS
 .data          0x000000000040b090        0x0 build/release/stub_zlib_solid/crc32.o
 .data          0x000000000040b090        0x8 build/release/stub_zlib_solid/INFBLOCK.o
 .data          0x000000000040b098        0x0 /usr/lib/gcc/i686-w64-mingw32/4.8/../../../../i686-w64-mingw32/lib/../lib/libkernel32.a(dnqfbs01140.o)
 .data          0x000000000040b098        0x0 /usr/lib/gcc/i686-w64-mingw32/4.8/../../../../i686-w64-mingw32/lib/../lib/libkernel32.a(dnqfbs01057.o)
 .data          0x000000000040b098        0x0 /usr/lib/gcc/i686-w64-mingw32/4.8/../../../../i686-w64-mingw32/lib/../lib/libkernel32.a(dnqfbs00126.o)
 .data          0x000000000040b098        0x0 /usr/lib/gcc/i686-w64-mingw32/4.8/../../../../i686-w64-mingw32/lib/../lib/libkernel32.a(dnqfbs00515.o)
 .data          0x000000000040b098        0x0 /usr/lib/gcc/i686-w64-mingw32/4.8/../../../../i686-w64-mingw32/lib/../lib/libkernel32.a(dnqfbs00486.o)
 .data          0x000000000040b098        0x0 /usr/lib/gcc/i686-w64-mingw32/4.8/../../../../i686-w64-mingw32/lib/../lib/libkernel32.a(dnqfbs01040.o)
 .data          0x000000000040b098        0x0 /usr/lib/gcc/i686-w64-mingw32/4.8/../../../../i686-w64-mingw32/lib/../lib/libkernel32.a(dnqfbs00844.o)
 .data          0x000000000040b098        0x0 /usr/lib/gcc/i686-w64-mingw32/4.8/../../../../i686-w64-mingw32/lib/../lib/libkernel32.a(dnqfbs00505.o)
 .data          0x000000000040b098        0x0 /usr/lib/gcc/i686-w64-mingw32/4.8/../../../../i686-w64-mingw32/lib/../lib/libkernel32.a(dnqfbs00610.o)
 .data          0x000000000040b098        0x0 /usr/lib/gcc/i686-w64-mingw32/4.8/../../../../i686-w64-mingw32/lib/../lib/libkernel32.a(dnqfbs00991.o)
 .data          0x000000000040b098        0x0 /usr/lib/gcc/i686-w64-mingw32/4.8/../../../../i686-w64-mingw32/lib/../lib/libkernel32.a(dnqfbs00097.o)
 .data          0x000000000040b098        0x0 /usr/lib/gcc/i686-w64-mingw32/4.8/../../../../i686-w64-mingw32/lib/../lib/libkernel32.a(dnqfbs01069.o)
 .data          0x000000000040b098        0x0 /usr/lib/gcc/i686-w64-mingw32/4.8/../../../../i686-w64-mingw32/lib/../lib/libkernel32.a(dnqfbs00083.o)
 .data          0x000000000040b098        0x0 /usr/lib/gcc/i686-w64-mingw32/4.8/../../../../i686-w64-mingw32/lib/../lib/libkernel32.a(dnqfbs01295.o)
 .data          0x000000000040b098        0x0 /usr/lib/gcc/i686-w64-mingw32/4.8/../../../../i686-w64-mingw32/lib/../lib/libkernel32.a(dnqfbs01292.o)
 .data          0x000000000040b098        0x0 /usr/lib/gcc/i686-w64-mingw32/4.8/../../../../i686-w64-mingw32/lib/../lib/libkernel32.a(dnqfbs00285.o)
 .data          0x000000000040b098        0x0 /usr/lib/gcc/i686-w64-mingw32/4.8/../../../../i686-w64-mingw32/lib/../lib/libkernel32.a(dnqfbs00702.o)
 .data          0x000000000040b098        0x0 /usr/lib/gcc/i686-w64-mingw32/4.8/../../../../i686-w64-mingw32/lib/../lib/libkernel32.a(dnqfbs00695.o)
 .data          0x000000000040b098        0x0 /usr/lib/gcc/i686-w64-mingw32/4.8/../../../../i686-w64-mingw32/lib/../lib/libkernel32.a(dnqfbs00852.o)
 .data          0x000000000040b098        0x0 /usr/lib/gcc/i686-w64-mingw32/4.8/../../../../i686-w64-mingw32/lib/../lib/libkernel32.a(dnqfbs01218.o)
 .data          0x000000000040b098        0x0 /usr/lib/gcc/i686-w64-mingw32/4.8/../../../../i686-w64-mingw32/lib/../lib/libkernel32.a(dnqfbs00482.o)
 .data          0x000000000040b098        0x0 /usr/lib/gcc/i686-w64-mingw32/4.8/../../../../i686-w64-mingw32/lib/../lib/libkernel32.a(dnqfbs00810.o)
 .data          0x000000000040b098        0x0 /usr/lib/gcc/i686-w64-mingw32/4.8/../../../../i686-w64-mingw32/lib/../lib/libkernel32.a(dnqfbs00533.o)
 .data          0x000000000040b098        0x0 /usr/lib/gcc/i686-w64-mingw32/4.8/../../../../i686-w64-mingw32/lib/../lib/libkernel32.a(dnqfbs00581.o)
 .data          0x000000000040b098        0x0 /usr/lib/gcc/i686-w64-mingw32/4.8/../../../../i686-w64-mingw32/lib/../lib/libkernel32.a(dnqfbs00356.o)
 .data          0x000000000040b098        0x0 /usr/lib/gcc/i686-w64-mingw32/4.8/../../../../i686-w64-mingw32/lib/../lib/libkernel32.a(dnqfbs00853.o)
 .data          0x000000000040b098        0x0 /usr/lib/gcc/i686-w64-mingw32/4.8/../../../../i686-w64-mingw32/lib/../lib/libkernel32.a(dnqfbs01268.o)
 .data          0x000000000040b098        0x0 /usr/lib/gcc/i686-w64-mingw32/4.8/../../../../i686-w64-mingw32/lib/../lib/libkernel32.a(dnqfbs00577.o)
 .data          0x000000000040b098        0x0 /usr/lib/gcc/i686-w64-mingw32/4.8/../../../../i686-w64-mingw32/lib/../lib/libkernel32.a(dnqfbs01262.o)
 .data          0x000000000040b098        0x0 /usr/lib/gcc/i686-w64-mingw32/4.8/../../../../i686-w64-mingw32/lib/../lib/libkernel32.a(dnqfbs00941.o)
 .data          0x000000000040b098        0x0 /usr/lib/gcc/i686-w64-mingw32/4.8/../../../../i686-w64-mingw32/lib/../lib/libkernel32.a(dnqfbs01065.o)
 .data          0x000000000040b098        0x0 /usr/lib/gcc/i686-w64-mingw32/4.8/../../../../i686-w64-mingw32/lib/../lib/libkernel32.a(dnqfbs00304.o)
 .data          0x000000000040b098        0x0 /usr/lib/gcc/i686-w64-mingw32/4.8/../../../../i686-w64-mingw32/lib/../lib/libkernel32.a(dnqfbs00325.o)
 .data          0x000000000040b098        0x0 /usr/lib/gcc/i686-w64-mingw32/4.8/../../../../i686-w64-mingw32/lib/../lib/libkernel32.a(dnqfbs00308.o)
 .data          0x000000000040b098        0x0 /usr/lib/gcc/i686-w64-mingw32/4.8/../../../../i686-w64-mingw32/lib/../lib/libkernel32.a(dnqfbs00214.o)
 .data          0x000000000040b098        0x0 /usr/lib/gcc/i686-w64-mingw32/4.8/../../../../i686-w64-mingw32/lib/../lib/libkernel32.a(dnqfbs00663.o)
 .data          0x000000000040b098        0x0 /usr/lib/gcc/i686-w64-mingw32/4.8/../../../../i686-w64-mingw32/lib/../lib/libkernel32.a(dnqfbs00531.o)
 .data          0x000000000040b098        0x0 /usr/lib/gcc/i686-w64-mingw32/4.8/../../../../i686-w64-mingw32/lib/../lib/libkernel32.a(dnqfbs00497.o)
 .data          0x000000000040b098        0x0 /usr/lib/gcc/i686-w64-mingw32/4.8/../../../../i686-w64-mingw32/lib/../lib/libkernel32.a(dnqfbs00139.o)
 .data          0x000000000040b098        0x0 /usr/lib/gcc/i686-w64-mingw32/4.8/../../../../i686-w64-mingw32/lib/../lib/libkernel32.a(dnqfbs01052.o)
 .data          0x000000000040b098        0x0 /usr/lib/gcc/i686-w64-mingw32/4.8/../../../../i686-w64-mingw32/lib/../lib/libkernel32.a(dnqfbs00394.o)
 .data          0x000000000040b098        0x0 /usr/lib/gcc/i686-w64-mingw32/4.8/../../../../i686-w64-mingw32/lib/../lib/libkernel32.a(dnqfbs00647.o)
 .data          0x000000000040b098        0x0 /usr/lib/gcc/i686-w64-mingw32/4.8/../../../../i686-w64-mingw32/lib/../lib/libkernel32.a(dnqfbs00689.o)
 .data          0x000000000040b098        0x0 /usr/lib/gcc/i686-w64-mingw32/4.8/../../../../i686-w64-mingw32/lib/../lib/libkernel32.a(dnqfbs00452.o)
 .data          0x000000000040b098        0x0 /usr/lib/gcc/i686-w64-mingw32/4.8/../../../../i686-w64-mingw32/lib/../lib/libkernel32.a(dnqfbs00282.o)
 .data          0x000000000040b098        0x0 /usr/lib/gcc/i686-w64-mingw32/4.8/../../../../i686-w64-mingw32/lib/../lib/libkernel32.a(dnqfbs00114.o)
 .data          0x000000000040b098        0x0 /usr/lib/gcc/i686-w64-mingw32/4.8/../../../../i686-w64-mingw32/lib/../lib/libkernel32.a(dnqfbs01301.o)
 .data          0x000000000040b098        0x0 /usr/lib/gcc/i686-w64-mingw32/4.8/../../../../i686-w64-mingw32/lib/../lib/libkernel32.a(dnqfbs00464.o)
 .data          0x000000000040b098        0x0 /usr/lib/gcc/i686-w64-mingw32/4.8/../../../../i686-w64-mingw32/lib/../lib/libkernel32.a(dnqfbs00809.o)
 .data          0x000000000040b098        0x0 /usr/lib/gcc/i686-w64-mingw32/4.8/../../../../i686-w64-mingw32/lib/../lib/libkernel32.a(dnqfbs00183.o)
 .data          0x000000000040b098        0x0 /usr/lib/gcc/i686-w64-mingw32/4.8/../../../../i686-w64-mingw32/lib/../lib/libkernel32.a(dnqfbs00706.o)
 .data          0x000000000040b098        0x0 /usr/lib/gcc/i686-w64-mingw32/4.8/../../../../i686-w64-mingw32/lib/../lib/libkernel32.a(dnqfbs00714.o)
 .data          0x000000000040b098        0x0 /usr/lib/gcc/i686-w64-mingw32/4.8/../../../../i686-w64-mingw32/lib/../lib/libkernel32.a(dnqfbs00167.o)
 .data          0x000000000040b098        0x0 /usr/lib/gcc/i686-w64-mingw32/4.8/../../../../i686-w64-mingw32/lib/../lib/libkernel32.a(dnqfbs01304.o)
 .data          0x000000000040b098        0x0 /usr/lib/gcc/i686-w64-mingw32/4.8/../../../../i686-w64-mingw32/lib/../lib/libkernel32.a(dnqfbs00645.o)
 .data          0x000000000040b098        0x0 /usr/lib/gcc/i686-w64-mingw32/4.8/../../../../i686-w64-mingw32/lib/../lib/libkernel32.a(dnqfbs01289.o)
 .data          0x000000000040b098        0x0 /usr/lib/gcc/i686-w64-mingw32/4.8/../../../../i686-w64-mingw32/lib/../lib/libkernel32.a(dnqfbs00677.o)
 .data          0x000000000040b098        0x0 /usr/lib/gcc/i686-w64-mingw32/4.8/../../../../i686-w64-mingw32/lib/../lib/libkernel32.a(dnqfbs00625.o)
 .data          0x000000000040b098        0x0 /usr/lib/gcc/i686-w64-mingw32/4.8/../../../../i686-w64-mingw32/lib/../lib/libkernel32.a(dnqfbs00964.o)
 .data          0x000000000040b098        0x0 /usr/lib/gcc/i686-w64-mingw32/4.8/../../../../i686-w64-mingw32/lib/../lib/libkernel32.a(dnqfbh.o)
 .data          0x000000000040b098        0x0 /usr/lib/gcc/i686-w64-mingw32/4.8/../../../../i686-w64-mingw32/lib/../lib/libkernel32.a(dnqfbt.o)
 .data          0x000000000040b098        0x0 /usr/lib/gcc/i686-w64-mingw32/4.8/../../../../i686-w64-mingw32/lib/../lib/libuser32.a(dbukbs00011.o)
 .data          0x000000000040b098        0x0 /usr/lib/gcc/i686-w64-mingw32/4.8/../../../../i686-w64-mingw32/lib/../lib/libuser32.a(dbukbs00237.o)
 .data          0x000000000040b098        0x0 /usr/lib/gcc/i686-w64-mingw32/4.8/../../../../i686-w64-mingw32/lib/../lib/libuser32.a(dbukbs00210.o)
 .data          0x000000000040b098        0x0 /usr/lib/gcc/i686-w64-mingw32/4.8/../../../../i686-w64-mingw32/lib/../lib/libuser32.a(dbukbs00173.o)
 .data          0x000000000040b098        0x0 /usr/lib/gcc/i686-w64-mingw32/4.8/../../../../i686-w64-mingw32/lib/../lib/libuser32.a(dbukbs00185.o)
 .data          0x000000000040b098        0x0 /usr/lib/gcc/i686-w64-mingw32/4.8/../../../../i686-w64-mingw32/lib/../lib/libuser32.a(dbukbs00135.o)
 .data          0x000000000040b098        0x0 /usr/lib/gcc/i686-w64-mingw32/4.8/../../../../i686-w64-mingw32/lib/../lib/libuser32.a(dbukbs00472.o)
 .data          0x000000000040b098        0x0 /usr/lib/gcc/i686-w64-mingw32/4.8/../../../../i686-w64-mingw32/lib/../lib/libuser32.a(dbukbs00538.o)
 .data          0x000000000040b098        0x0 /usr/lib/gcc/i686-w64-mingw32/4.8/../../../../i686-w64-mingw32/lib/../lib/libuser32.a(dbukbs00590.o)
 .data          0x000000000040b098        0x0 /usr/lib/gcc/i686-w64-mingw32/4.8/../../../../i686-w64-mingw32/lib/../lib/libuser32.a(dbukbs00644.o)
 .data          0x000000000040b098        0x0 /usr/lib/gcc/i686-w64-mingw32/4.8/../../../../i686-w64-mingw32/lib/../lib/libuser32.a(dbukbs00515.o)
 .data          0x000000000040b098        0x0 /usr/lib/gcc/i686-w64-mingw32/4.8/../../../../i686-w64-mingw32/lib/../lib/libuser32.a(dbukbs00512.o)
 .data          0x000000000040b098        0x0 /usr/lib/gcc/i686-w64-mingw32/4.8/../../../../i686-w64-mingw32/lib/../lib/libuser32.a(dbukbs00212.o)
 .data          0x000000000040b098        0x0 /usr/lib/gcc/i686-w64-mingw32/4.8/../../../../i686-w64-mingw32/lib/../lib/libuser32.a(dbukbs00398.o)
 .data          0x000000000040b098        0x0 /usr/lib/gcc/i686-w64-mingw32/4.8/../../../../i686-w64-mingw32/lib/../lib/libuser32.a(dbukbs00254.o)
 .data          0x000000000040b098        0x0 /usr/lib/gcc/i686-w64-mingw32/4.8/../../../../i686-w64-mingw32/lib/../lib/libuser32.a(dbukbs00574.o)
 .data          0x000000000040b098        0x0 /usr/lib/gcc/i686-w64-mingw32/4.8/../../../../i686-w64-mingw32/lib/../lib/libuser32.a(dbukbs00415.o)
 .data          0x000000000040b098        0x0 /usr/lib/gcc/i686-w64-mingw32/4.8/../../../../i686-w64-mingw32/lib/../lib/libuser32.a(dbukbs00249.o)
 .data          0x000000000040b098        0x0 /usr/lib/gcc/i686-w64-mingw32/4.8/../../../../i686-w64-mingw32/lib/../lib/libuser32.a(dbukbs00181.o)
 .data          0x000000000040b098        0x0 /usr/lib/gcc/i686-w64-mingw32/4.8/../../../../i686-w64-mingw32/lib/../lib/libuser32.a(dbukbs00374.o)
 .data          0x000000000040b098        0x0 /usr/lib/gcc/i686-w64-mingw32/4.8/../../../../i686-w64-mingw32/lib/../lib/libuser32.a(dbukbs00568.o)
 .data          0x000000000040b098        0x0 /usr/lib/gcc/i686-w64-mingw32/4.8/../../../../i686-w64-mingw32/lib/../lib/libuser32.a(dbukbs00579.o)
 .data          0x000000000040b098        0x0 /usr/lib/gcc/i686-w64-mingw32/4.8/../../../../i686-w64-mingw32/lib/../lib/libuser32.a(dbukbs00145.o)
 .data          0x000000000040b098        0x0 /usr/lib/gcc/i686-w64-mingw32/4.8/../../../../i686-w64-mingw32/lib/../lib/libuser32.a(dbukbs00081.o)
 .data          0x000000000040b098        0x0 /usr/lib/gcc/i686-w64-mingw32/4.8/../../../../i686-w64-mingw32/lib/../lib/libuser32.a(dbukbs00039.o)
 .data          0x000000000040b098        0x0 /usr/lib/gcc/i686-w64-mingw32/4.8/../../../../i686-w64-mingw32/lib/../lib/libuser32.a(dbukbs00209.o)
 .data          0x000000000040b098        0x0 /usr/lib/gcc/i686-w64-mingw32/4.8/../../../../i686-w64-mingw32/lib/../lib/libuser32.a(dbukbs00346.o)
 .data          0x000000000040b098        0x0 /usr/lib/gcc/i686-w64-mingw32/4.8/../../../../i686-w64-mingw32/lib/../lib/libuser32.a(dbukbs00327.o)
 .data          0x000000000040b098        0x0 /usr/lib/gcc/i686-w64-mingw32/4.8/../../../../i686-w64-mingw32/lib/../lib/libuser32.a(dbukbs00524.o)
 .data          0x000000000040b098        0x0 /usr/lib/gcc/i686-w64-mingw32/4.8/../../../../i686-w64-mingw32/lib/../lib/libuser32.a(dbukbs00329.o)
 .data          0x000000000040b098        0x0 /usr/lib/gcc/i686-w64-mingw32/4.8/../../../../i686-w64-mingw32/lib/../lib/libuser32.a(dbukbs00179.o)
 .data          0x000000000040b098        0x0 /usr/lib/gcc/i686-w64-mingw32/4.8/../../../../i686-w64-mingw32/lib/../lib/libuser32.a(dbukbs00183.o)
 .data          0x000000000040b098        0x0 /usr/lib/gcc/i686-w64-mingw32/4.8/../../../../i686-w64-mingw32/lib/../lib/libuser32.a(dbukbs00352.o)
 .data          0x000000000040b098        0x0 /usr/lib/gcc/i686-w64-mingw32/4.8/../../../../i686-w64-mingw32/lib/../lib/libuser32.a(dbukbs00504.o)
 .data          0x000000000040b098        0x0 /usr/lib/gcc/i686-w64-mingw32/4.8/../../../../i686-w64-mingw32/lib/../lib/libuser32.a(dbukbs00577.o)
 .data          0x000000000040b098        0x0 /usr/lib/gcc/i686-w64-mingw32/4.8/../../../../i686-w64-mingw32/lib/../lib/libuser32.a(dbukbs00399.o)
 .data          0x000000000040b098        0x0 /usr/lib/gcc/i686-w64-mingw32/4.8/../../../../i686-w64-mingw32/lib/../lib/libuser32.a(dbukbs00053.o)
 .data          0x000000000040b098        0x0 /usr/lib/gcc/i686-w64-mingw32/4.8/../../../../i686-w64-mingw32/lib/../lib/libuser32.a(dbukbs00409.o)
 .data          0x000000000040b098        0x0 /usr/lib/gcc/i686-w64-mingw32/4.8/../../../../i686-w64-mingw32/lib/../lib/libuser32.a(dbukbs00529.o)
 .data          0x000000000040b098        0x0 /usr/lib/gcc/i686-w64-mingw32/4.8/../../../../i686-w64-mingw32/lib/../lib/libuser32.a(dbukbs00390.o)
 .data          0x000000000040b098        0x0 /usr/lib/gcc/i686-w64-mingw32/4.8/../../../../i686-w64-mingw32/lib/../lib/libuser32.a(dbukbs00224.o)
 .data          0x000000000040b098        0x0 /usr/lib/gcc/i686-w64-mingw32/4.8/../../../../i686-w64-mingw32/lib/../lib/libuser32.a(dbukbs00483.o)
 .data          0x000000000040b098        0x0 /usr/lib/gcc/i686-w64-mingw32/4.8/../../../../i686-w64-mingw32/lib/../lib/libuser32.a(dbukbs00596.o)
 .data          0x000000000040b098        0x0 /usr/lib/gcc/i686-w64-mingw32/4.8/../../../../i686-w64-mingw32/lib/../lib/libuser32.a(dbukbs00091.o)
 .data          0x000000000040b098        0x0 /usr/lib/gcc/i686-w64-mingw32/4.8/../../../../i686-w64-mingw32/lib/../lib/libuser32.a(dbukbs00228.o)
 .data          0x000000000040b098        0x0 /usr/lib/gcc/i686-w64-mingw32/4.8/../../../../i686-w64-mingw32/lib/../lib/libuser32.a(dbukbs00148.o)
 .data          0x000000000040b098        0x0 /usr/lib/gcc/i686-w64-mingw32/4.8/../../../../i686-w64-mingw32/lib/../lib/libuser32.a(dbukbs00299.o)
 .data          0x000000000040b098        0x0 /usr/lib/gcc/i686-w64-mingw32/4.8/../../../../i686-w64-mingw32/lib/../lib/libuser32.a(dbukbs00407.o)
 .data          0x000000000040b098        0x0 /usr/lib/gcc/i686-w64-mingw32/4.8/../../../../i686-w64-mingw32/lib/../lib/libuser32.a(dbukbs00401.o)
 .data          0x000000000040b098        0x0 /usr/lib/gcc/i686-w64-mingw32/4.8/../../../../i686-w64-mingw32/lib/../lib/libuser32.a(dbukbs00024.o)
 .data          0x000000000040b098        0x0 /usr/lib/gcc/i686-w64-mingw32/4.8/../../../../i686-w64-mingw32/lib/../lib/libuser32.a(dbukbs00330.o)
 .data          0x000000000040b098        0x0 /usr/lib/gcc/i686-w64-mingw32/4.8/../../../../i686-w64-mingw32/lib/../lib/libuser32.a(dbukbs00090.o)
 .data          0x000000000040b098        0x0 /usr/lib/gcc/i686-w64-mingw32/4.8/../../../../i686-w64-mingw32/lib/../lib/libuser32.a(dbukbs00006.o)
 .data          0x000000000040b098        0x0 /usr/lib/gcc/i686-w64-mingw32/4.8/../../../../i686-w64-mingw32/lib/../lib/libuser32.a(dbukbs00607.o)
 .data          0x000000000040b098        0x0 /usr/lib/gcc/i686-w64-mingw32/4.8/../../../../i686-w64-mingw32/lib/../lib/libuser32.a(dbukbs00459.o)
 .data          0x000000000040b098        0x0 /usr/lib/gcc/i686-w64-mingw32/4.8/../../../../i686-w64-mingw32/lib/../lib/libuser32.a(dbukbs00178.o)
 .data          0x000000000040b098        0x0 /usr/lib/gcc/i686-w64-mingw32/4.8/../../../../i686-w64-mingw32/lib/../lib/libuser32.a(dbukbs00527.o)
 .data          0x000000000040b098        0x0 /usr/lib/gcc/i686-w64-mingw32/4.8/../../../../i686-w64-mingw32/lib/../lib/libuser32.a(dbukbs00061.o)
 .data          0x000000000040b098        0x0 /usr/lib/gcc/i686-w64-mingw32/4.8/../../../../i686-w64-mingw32/lib/../lib/libuser32.a(dbukbs00534.o)
 .data          0x000000000040b098        0x0 /usr/lib/gcc/i686-w64-mingw32/4.8/../../../../i686-w64-mingw32/lib/../lib/libuser32.a(dbukbs00256.o)
 .data          0x000000000040b098        0x0 /usr/lib/gcc/i686-w64-mingw32/4.8/../../../../i686-w64-mingw32/lib/../lib/libuser32.a(dbukbs00441.o)
 .data          0x000000000040b098        0x0 /usr/lib/gcc/i686-w64-mingw32/4.8/../../../../i686-w64-mingw32/lib/../lib/libuser32.a(dbukbs00042.o)
 .data          0x000000000040b098        0x0 /usr/lib/gcc/i686-w64-mingw32/4.8/../../../../i686-w64-mingw32/lib/../lib/libuser32.a(dbukbs00646.o)
 .data          0x000000000040b098        0x0 /usr/lib/gcc/i686-w64-mingw32/4.8/../../../../i686-w64-mingw32/lib/../lib/libuser32.a(dbukbs00468.o)
 .data          0x000000000040b098        0x0 /usr/lib/gcc/i686-w64-mingw32/4.8/../../../../i686-w64-mingw32/lib/../lib/libuser32.a(dbukbs00150.o)
 .data          0x000000000040b098        0x0 /usr/lib/gcc/i686-w64-mingw32/4.8/../../../../i686-w64-mingw32/lib/../lib/libuser32.a(dbukbh.o)
 .data          0x000000000040b098        0x0 /usr/lib/gcc/i686-w64-mingw32/4.8/../../../../i686-w64-mingw32/lib/../lib/libuser32.a(dbukbt.o)
 .data          0x000000000040b098        0x0 /usr/lib/gcc/i686-w64-mingw32/4.8/../../../../i686-w64-mingw32/lib/../lib/libgdi32.a(dtfkbs00030.o)
 .data          0x000000000040b098        0x0 /usr/lib/gcc/i686-w64-mingw32/4.8/../../../../i686-w64-mingw32/lib/../lib/libgdi32.a(dtfkbs00075.o)
 .data          0x000000000040b098        0x0 /usr/lib/gcc/i686-w64-mingw32/4.8/../../../../i686-w64-mingw32/lib/../lib/libgdi32.a(dtfkbs00047.o)
 .data          0x000000000040b098        0x0 /usr/lib/gcc/i686-w64-mingw32/4.8/../../../../i686-w64-mingw32/lib/../lib/libgdi32.a(dtfkbs00312.o)
 .data          0x000000000040b098        0x0 /usr/lib/gcc/i686-w64-mingw32/4.8/../../../../i686-w64-mingw32/lib/../lib/libgdi32.a(dtfkbs00348.o)
 .data          0x000000000040b098        0x0 /usr/lib/gcc/i686-w64-mingw32/4.8/../../../../i686-w64-mingw32/lib/../lib/libgdi32.a(dtfkbs00305.o)
 .data          0x000000000040b098        0x0 /usr/lib/gcc/i686-w64-mingw32/4.8/../../../../i686-w64-mingw32/lib/../lib/libgdi32.a(dtfkbs00168.o)
 .data          0x000000000040b098        0x0 /usr/lib/gcc/i686-w64-mingw32/4.8/../../../../i686-w64-mingw32/lib/../lib/libgdi32.a(dtfkbs00311.o)
 .data          0x000000000040b098        0x0 /usr/lib/gcc/i686-w64-mingw32/4.8/../../../../i686-w64-mingw32/lib/../lib/libgdi32.a(dtfkbh.o)
 .data          0x000000000040b098        0x0 /usr/lib/gcc/i686-w64-mingw32/4.8/../../../../i686-w64-mingw32/lib/../lib/libgdi32.a(dtfkbt.o)
 .data          0x000000000040b098        0x0 /usr/lib/gcc/i686-w64-mingw32/4.8/../../../../i686-w64-mingw32/lib/../lib/libshell32.a(dyxfbs00148.o)
 .data          0x000000000040b098        0x0 /usr/lib/gcc/i686-w64-mingw32/4.8/../../../../i686-w64-mingw32/lib/../lib/libshell32.a(lib32_libshell32_a-shell32.o)
 .data          0x000000000040b098        0x0 /usr/lib/gcc/i686-w64-mingw32/4.8/../../../../i686-w64-mingw32/lib/../lib/libshell32.a(dyxfbs00077.o)
 .data          0x000000000040b098        0x0 /usr/lib/gcc/i686-w64-mingw32/4.8/../../../../i686-w64-mingw32/lib/../lib/libshell32.a(dyxfbs00088.o)
 .data          0x000000000040b098        0x0 /usr/lib/gcc/i686-w64-mingw32/4.8/../../../../i686-w64-mingw32/lib/../lib/libshell32.a(dyxfbs00104.o)
 .data          0x000000000040b098        0x0 /usr/lib/gcc/i686-w64-mingw32/4.8/../../../../i686-w64-mingw32/lib/../lib/libshell32.a(dyxfbs00063.o)
 .data          0x000000000040b098        0x0 /usr/lib/gcc/i686-w64-mingw32/4.8/../../../../i686-w64-mingw32/lib/../lib/libshell32.a(dyxfbs00108.o)
 .data          0x000000000040b098        0x0 /usr/lib/gcc/i686-w64-mingw32/4.8/../../../../i686-w64-mingw32/lib/../lib/libshell32.a(dyxfbh.o)
 .data          0x000000000040b098        0x0 /usr/lib/gcc/i686-w64-mingw32/4.8/../../../../i686-w64-mingw32/lib/../lib/libshell32.a(dyxfbt.o)
 .data          0x000000000040b098        0x0 /usr/lib/gcc/i686-w64-mingw32/4.8/../../../../i686-w64-mingw32/lib/../lib/libadvapi32.a(drrjbs00616.o)
 .data          0x000000000040b098        0x0 /usr/lib/gcc/i686-w64-mingw32/4.8/../../../../i686-w64-mingw32/lib/../lib/libadvapi32.a(drrjbs00597.o)
 .data          0x000000000040b098        0x0 /usr/lib/gcc/i686-w64-mingw32/4.8/../../../../i686-w64-mingw32/lib/../lib/libadvapi32.a(drrjbs00568.o)
 .data          0x000000000040b098        0x0 /usr/lib/gcc/i686-w64-mingw32/4.8/../../../../i686-w64-mingw32/lib/../lib/libadvapi32.a(drrjbs00581.o)
 .data          0x000000000040b098        0x0 /usr/lib/gcc/i686-w64-mingw32/4.8/../../../../i686-w64-mingw32/lib/../lib/libadvapi32.a(drrjbs00591.o)
 .data          0x000000000040b098        0x0 /usr/lib/gcc/i686-w64-mingw32/4.8/../../../../i686-w64-mingw32/lib/../lib/libadvapi32.a(drrjbs00576.o)
 .data          0x000000000040b098        0x0 /usr/lib/gcc/i686-w64-mingw32/4.8/../../../../i686-w64-mingw32/lib/../lib/libadvapi32.a(drrjbs00645.o)
 .data          0x000000000040b098        0x0 /usr/lib/gcc/i686-w64-mingw32/4.8/../../../../i686-w64-mingw32/lib/../lib/libadvapi32.a(drrjbs00629.o)
 .data          0x000000000040b098        0x0 /usr/lib/gcc/i686-w64-mingw32/4.8/../../../../i686-w64-mingw32/lib/../lib/libadvapi32.a(drrjbs00601.o)
 .data          0x000000000040b098        0x0 /usr/lib/gcc/i686-w64-mingw32/4.8/../../../../i686-w64-mingw32/lib/../lib/libadvapi32.a(drrjbh.o)
 .data          0x000000000040b098        0x0 /usr/lib/gcc/i686-w64-mingw32/4.8/../../../../i686-w64-mingw32/lib/../lib/libadvapi32.a(drrjbt.o)
 .data          0x000000000040b098        0x0 /usr/lib/gcc/i686-w64-mingw32/4.8/../../../../i686-w64-mingw32/lib/../lib/libcomctl32.a(dwtjbs00094.o)
 .data          0x000000000040b098        0x0 /usr/lib/gcc/i686-w64-mingw32/4.8/../../../../i686-w64-mingw32/lib/../lib/libcomctl32.a(dwtjbs00062.o)
 .data          0x000000000040b098        0x0 /usr/lib/gcc/i686-w64-mingw32/4.8/../../../../i686-w64-mingw32/lib/../lib/libcomctl32.a(dwtjbs00059.o)
 .data          0x000000000040b098        0x0 /usr/lib/gcc/i686-w64-mingw32/4.8/../../../../i686-w64-mingw32/lib/../lib/libcomctl32.a(dwtjbs00063.o)
 .data          0x000000000040b098        0x0 /usr/lib/gcc/i686-w64-mingw32/4.8/../../../../i686-w64-mingw32/lib/../lib/libcomctl32.a(dwtjbh.o)
 .data          0x000000000040b098        0x0 /usr/lib/gcc/i686-w64-mingw32/4.8/../../../../i686-w64-mingw32/lib/../lib/libcomctl32.a(dwtjbt.o)
 .data          0x000000000040b098        0x0 /usr/lib/gcc/i686-w64-mingw32/4.8/../../../../i686-w64-mingw32/lib/../lib/libole32.a(dxmkbs00016.o)
 .data          0x000000000040b098        0x0 /usr/lib/gcc/i686-w64-mingw32/4.8/../../../../i686-w64-mingw32/lib/../lib/libole32.a(dxmkbs00248.o)
 .data          0x000000000040b098        0x0 /usr/lib/gcc/i686-w64-mingw32/4.8/../../../../i686-w64-mingw32/lib/../lib/libole32.a(dxmkbs00271.o)
 .data          0x000000000040b098        0x0 /usr/lib/gcc/i686-w64-mingw32/4.8/../../../../i686-w64-mingw32/lib/../lib/libole32.a(dxmkbs00106.o)
 .data          0x000000000040b098        0x0 /usr/lib/gcc/i686-w64-mingw32/4.8/../../../../i686-w64-mingw32/lib/../lib/libole32.a(dxmkbh.o)
 .data          0x000000000040b098        0x0 /usr/lib/gcc/i686-w64-mingw32/4.8/../../../../i686-w64-mingw32/lib/../lib/libole32.a(dxmkbt.o)
 .data          0x000000000040b098        0x0 /usr/lib/gcc/i686-w64-mingw32/4.8/../../../../i686-w64-mingw32/lib/../lib/libversion.a(dqukbs00001.o)
 .data          0x000000000040b098        0x0 /usr/lib/gcc/i686-w64-mingw32/4.8/../../../../i686-w64-mingw32/lib/../lib/libversion.a(dqukbs00000.o)
 .data          0x000000000040b098        0x0 /usr/lib/gcc/i686-w64-mingw32/4.8/../../../../i686-w64-mingw32/lib/../lib/libversion.a(dqukbs00010.o)
 .data          0x000000000040b098        0x0 /usr/lib/gcc/i686-w64-mingw32/4.8/../../../../i686-w64-mingw32/lib/../lib/libversion.a(dqukbh.o)
 .data          0x000000000040b098        0x0 /usr/lib/gcc/i686-w64-mingw32/4.8/../../../../i686-w64-mingw32/lib/../lib/libversion.a(dqukbt.o)
 .data          0x000000000040b098        0x0 /usr/lib/gcc/i686-w64-mingw32/4.8/../../../../i686-w64-mingw32/lib/../lib/libuuid.a(lib32_libuuid_a-uuid.o)
 *(.data2)
 *(SORT(.data$*))
                0x000000000040b098                __data_end__ = .
 *(.data_cygwin_nocopy)

.rdata          0x000000000040c000     0x6200
 *(.rdata)
 .rdata         0x000000000040c000      0x73c build/release/stub_zlib_solid/exec.o
 .rdata         0x000000000040c73c      0x164 build/release/stub_zlib_solid/fileform.o
 .rdata         0x000000000040c8a0       0x8c build/release/stub_zlib_solid/Main.o
 .rdata         0x000000000040c92c       0xf8 build/release/stub_zlib_solid/Ui.o
 .rdata         0x000000000040ca24      0x2d8 build/release/stub_zlib_solid/util.o
                0x000000000040cca4                QUICKLAUNCH
                0x000000000040ccd0                SYSREGKEY
 .rdata         0x000000000040ccfc      0x170 build/release/stub_zlib_solid/INFBLOCK.o
 *(SORT(.rdata$*))
 .rdata$ALL_POWERSCHEMES_GUID
                0x000000000040ce6c       0x10 /usr/lib/gcc/i686-w64-mingw32/4.8/../../../../i686-w64-mingw32/lib/../lib/libuuid.a(lib32_libuuid_a-uuid.o)
                0x000000000040ce6c                ALL_POWERSCHEMES_GUID
 .rdata$ARRAYID_PathProperties
                0x000000000040ce7c       0x10 /usr/lib/gcc/i686-w64-mingw32/4.8/../../../../i686-w64-mingw32/lib/../lib/libuuid.a(lib32_libuuid_a-uuid.o)
                0x000000000040ce7c                ARRAYID_PathProperties
 .rdata$BHID_AssociationArray
                0x000000000040ce8c       0x10 /usr/lib/gcc/i686-w64-mingw32/4.8/../../../../i686-w64-mingw32/lib/../lib/libuuid.a(lib32_libuuid_a-uuid.o)
                0x000000000040ce8c                BHID_AssociationArray
 .rdata$BHID_DataObject
                0x000000000040ce9c       0x10 /usr/lib/gcc/i686-w64-mingw32/4.8/../../../../i686-w64-mingw32/lib/../lib/libuuid.a(lib32_libuuid_a-uuid.o)
                0x000000000040ce9c                BHID_DataObject
 .rdata$BHID_EnumAssocHandlers
                0x000000000040ceac       0x10 /usr/lib/gcc/i686-w64-mingw32/4.8/../../../../i686-w64-mingw32/lib/../lib/libuuid.a(lib32_libuuid_a-uuid.o)
                0x000000000040ceac                BHID_EnumAssocHandlers
 .rdata$BHID_EnumItems
                0x000000000040cebc       0x10 /usr/lib/gcc/i686-w64-mingw32/4.8/../../../../i686-w64-mingw32/lib/../lib/libuuid.a(lib32_libuuid_a-uuid.o)
                0x000000000040cebc                BHID_EnumItems
 .rdata$BHID_Filter
                0x000000000040cecc       0x10 /usr/lib/gcc/i686-w64-mingw32/4.8/../../../../i686-w64-mingw32/lib/../lib/libuuid.a(lib32_libuuid_a-uuid.o)
                0x000000000040cecc                BHID_Filter
 .rdata$BHID_LinkTargetItem
                0x000000000040cedc       0x10 /usr/lib/gcc/i686-w64-mingw32/4.8/../../../../i686-w64-mingw32/lib/../lib/libuuid.a(lib32_libuuid_a-uuid.o)
                0x000000000040cedc                BHID_LinkTargetItem
 .rdata$BHID_PropertyStore
                0x000000000040ceec       0x10 /usr/lib/gcc/i686-w64-mingw32/4.8/../../../../i686-w64-mingw32/lib/../lib/libuuid.a(lib32_libuuid_a-uuid.o)
                0x000000000040ceec                BHID_PropertyStore
 .rdata$BHID_RandomAccessStream
                0x000000000040cefc       0x10 /usr/lib/gcc/i686-w64-mingw32/4.8/../../../../i686-w64-mingw32/lib/../lib/libuuid.a(lib32_libuuid_a-uuid.o)
                0x000000000040cefc                BHID_RandomAccessStream
 .rdata$BHID_SFObject
                0x000000000040cf0c       0x10 /usr/lib/gcc/i686-w64-mingw32/4.8/../../../../i686-w64-mingw32/lib/../lib/libuuid.a(lib32_libuuid_a-uuid.o)
                0x000000000040cf0c                BHID_SFObject
 .rdata$BHID_SFUIObject
                0x000000000040cf1c       0x10 /usr/lib/gcc/i686-w64-mingw32/4.8/../../../../i686-w64-mingw32/lib/../lib/libuuid.a(lib32_libuuid_a-uuid.o)
                0x000000000040cf1c                BHID_SFUIObject
 .rdata$BHID_SFViewObject
                0x000000000040cf2c       0x10 /usr/lib/gcc/i686-w64-mingw32/4.8/../../../../i686-w64-mingw32/lib/../lib/libuuid.a(lib32_libuuid_a-uuid.o)
                0x000000000040cf2c                BHID_SFViewObject
 .rdata$BHID_Storage
                0x000000000040cf3c       0x10 /usr/lib/gcc/i686-w64-mingw32/4.8/../../../../i686-w64-mingw32/lib/../lib/libuuid.a(lib32_libuuid_a-uuid.o)
                0x000000000040cf3c                BHID_Storage
 .rdata$BHID_StorageEnum
                0x000000000040cf4c       0x10 /usr/lib/gcc/i686-w64-mingw32/4.8/../../../../i686-w64-mingw32/lib/../lib/libuuid.a(lib32_libuuid_a-uuid.o)
                0x000000000040cf4c                BHID_StorageEnum
 .rdata$BHID_Stream
                0x000000000040cf5c       0x10 /usr/lib/gcc/i686-w64-mingw32/4.8/../../../../i686-w64-mingw32/lib/../lib/libuuid.a(lib32_libuuid_a-uuid.o)
                0x000000000040cf5c                BHID_Stream
 .rdata$BHID_ThumbnailHandler
                0x000000000040cf6c       0x10 /usr/lib/gcc/i686-w64-mingw32/4.8/../../../../i686-w64-mingw32/lib/../lib/libuuid.a(lib32_libuuid_a-uuid.o)
                0x000000000040cf6c                BHID_ThumbnailHandler
 .rdata$BHID_Transfer
                0x000000000040cf7c       0x10 /usr/lib/gcc/i686-w64-mingw32/4.8/../../../../i686-w64-mingw32/lib/../lib/libuuid.a(lib32_libuuid_a-uuid.o)
                0x000000000040cf7c                BHID_Transfer
 .rdata$CATID_BrowsableShellExt
                0x000000000040cf8c       0x10 /usr/lib/gcc/i686-w64-mingw32/4.8/../../../../i686-w64-mingw32/lib/../lib/libuuid.a(lib32_libuuid_a-uuid.o)
                0x000000000040cf8c                CATID_BrowsableShellExt
 .rdata$CATID_BrowseInPlace
                0x000000000040cf9c       0x10 /usr/lib/gcc/i686-w64-mingw32/4.8/../../../../i686-w64-mingw32/lib/../lib/libuuid.a(lib32_libuuid_a-uuid.o)
                0x000000000040cf9c                CATID_BrowseInPlace
 .rdata$CATID_CommBand
                0x000000000040cfac       0x10 /usr/lib/gcc/i686-w64-mingw32/4.8/../../../../i686-w64-mingw32/lib/../lib/libuuid.a(lib32_libuuid_a-uuid.o)
                0x000000000040cfac                CATID_CommBand
 .rdata$CATID_Control
                0x000000000040cfbc       0x10 /usr/lib/gcc/i686-w64-mingw32/4.8/../../../../i686-w64-mingw32/lib/../lib/libuuid.a(lib32_libuuid_a-uuid.o)
                0x000000000040cfbc                CATID_Control
 .rdata$CATID_DeskBand
                0x000000000040cfcc       0x10 /usr/lib/gcc/i686-w64-mingw32/4.8/../../../../i686-w64-mingw32/lib/../lib/libuuid.a(lib32_libuuid_a-uuid.o)
                0x000000000040cfcc                CATID_DeskBand
 .rdata$CATID_DocObject
                0x000000000040cfdc       0x10 /usr/lib/gcc/i686-w64-mingw32/4.8/../../../../i686-w64-mingw32/lib/../lib/libuuid.a(lib32_libuuid_a-uuid.o)
                0x000000000040cfdc                CATID_DocObject
 .rdata$CATID_InfoBand
                0x000000000040cfec       0x10 /usr/lib/gcc/i686-w64-mingw32/4.8/../../../../i686-w64-mingw32/lib/../lib/libuuid.a(lib32_libuuid_a-uuid.o)
                0x000000000040cfec                CATID_InfoBand
 .rdata$CATID_Insertable
                0x000000000040cffc       0x10 /usr/lib/gcc/i686-w64-mingw32/4.8/../../../../i686-w64-mingw32/lib/../lib/libuuid.a(lib32_libuuid_a-uuid.o)
                0x000000000040cffc                CATID_Insertable
 .rdata$CATID_InternetAware
                0x000000000040d00c       0x10 /usr/lib/gcc/i686-w64-mingw32/4.8/../../../../i686-w64-mingw32/lib/../lib/libuuid.a(lib32_libuuid_a-uuid.o)
                0x000000000040d00c                CATID_InternetAware
 .rdata$CATID_IsShortcut
                0x000000000040d01c       0x10 /usr/lib/gcc/i686-w64-mingw32/4.8/../../../../i686-w64-mingw32/lib/../lib/libuuid.a(lib32_libuuid_a-uuid.o)
                0x000000000040d01c                CATID_IsShortcut
 .rdata$CATID_LocationFactory
                0x000000000040d02c       0x10 /usr/lib/gcc/i686-w64-mingw32/4.8/../../../../i686-w64-mingw32/lib/../lib/libuuid.a(lib32_libuuid_a-uuid.o)
                0x000000000040d02c                CATID_LocationFactory
 .rdata$CATID_LocationProvider
                0x000000000040d03c       0x10 /usr/lib/gcc/i686-w64-mingw32/4.8/../../../../i686-w64-mingw32/lib/../lib/libuuid.a(lib32_libuuid_a-uuid.o)
                0x000000000040d03c                CATID_LocationProvider
 .rdata$CATID_NeverShowExt
                0x000000000040d04c       0x10 /usr/lib/gcc/i686-w64-mingw32/4.8/../../../../i686-w64-mingw32/lib/../lib/libuuid.a(lib32_libuuid_a-uuid.o)
                0x000000000040d04c                CATID_NeverShowExt
 .rdata$CATID_PersistsToFile
                0x000000000040d05c       0x10 /usr/lib/gcc/i686-w64-mingw32/4.8/../../../../i686-w64-mingw32/lib/../lib/libuuid.a(lib32_libuuid_a-uuid.o)
                0x000000000040d05c                CATID_PersistsToFile
 .rdata$CATID_PersistsToMemory
                0x000000000040d06c       0x10 /usr/lib/gcc/i686-w64-mingw32/4.8/../../../../i686-w64-mingw32/lib/../lib/libuuid.a(lib32_libuuid_a-uuid.o)
                0x000000000040d06c                CATID_PersistsToMemory
 .rdata$CATID_PersistsToMoniker
                0x000000000040d07c       0x10 /usr/lib/gcc/i686-w64-mingw32/4.8/../../../../i686-w64-mingw32/lib/../lib/libuuid.a(lib32_libuuid_a-uuid.o)
                0x000000000040d07c                CATID_PersistsToMoniker
 .rdata$CATID_PersistsToPropertyBag
                0x000000000040d08c       0x10 /usr/lib/gcc/i686-w64-mingw32/4.8/../../../../i686-w64-mingw32/lib/../lib/libuuid.a(lib32_libuuid_a-uuid.o)
                0x000000000040d08c                CATID_PersistsToPropertyBag
 .rdata$CATID_PersistsToStorage
                0x000000000040d09c       0x10 /usr/lib/gcc/i686-w64-mingw32/4.8/../../../../i686-w64-mingw32/lib/../lib/libuuid.a(lib32_libuuid_a-uuid.o)
                0x000000000040d09c                CATID_PersistsToStorage
 .rdata$CATID_PersistsToStream
                0x000000000040d0ac       0x10 /usr/lib/gcc/i686-w64-mingw32/4.8/../../../../i686-w64-mingw32/lib/../lib/libuuid.a(lib32_libuuid_a-uuid.o)
                0x000000000040d0ac                CATID_PersistsToStream
 .rdata$CATID_PersistsToStreamInit
                0x000000000040d0bc       0x10 /usr/lib/gcc/i686-w64-mingw32/4.8/../../../../i686-w64-mingw32/lib/../lib/libuuid.a(lib32_libuuid_a-uuid.o)
                0x000000000040d0bc                CATID_PersistsToStreamInit
 .rdata$CATID_Printable
                0x000000000040d0cc       0x10 /usr/lib/gcc/i686-w64-mingw32/4.8/../../../../i686-w64-mingw32/lib/../lib/libuuid.a(lib32_libuuid_a-uuid.o)
                0x000000000040d0cc                CATID_Printable
 .rdata$CATID_Programmable
                0x000000000040d0dc       0x10 /usr/lib/gcc/i686-w64-mingw32/4.8/../../../../i686-w64-mingw32/lib/../lib/libuuid.a(lib32_libuuid_a-uuid.o)
                0x000000000040d0dc                CATID_Programmable
 .rdata$CATID_RequiresDataPathHost
                0x000000000040d0ec       0x10 /usr/lib/gcc/i686-w64-mingw32/4.8/../../../../i686-w64-mingw32/lib/../lib/libuuid.a(lib32_libuuid_a-uuid.o)
                0x000000000040d0ec                CATID_RequiresDataPathHost
 .rdata$CATID_SafeForInitializing
                0x000000000040d0fc       0x10 /usr/lib/gcc/i686-w64-mingw32/4.8/../../../../i686-w64-mingw32/lib/../lib/libuuid.a(lib32_libuuid_a-uuid.o)
                0x000000000040d0fc                CATID_SafeForInitializing
 .rdata$CATID_SafeForScripting
                0x000000000040d10c       0x10 /usr/lib/gcc/i686-w64-mingw32/4.8/../../../../i686-w64-mingw32/lib/../lib/libuuid.a(lib32_libuuid_a-uuid.o)
                0x000000000040d10c                CATID_SafeForScripting
 .rdata$CATID_SearchableApplication
                0x000000000040d11c       0x10 /usr/lib/gcc/i686-w64-mingw32/4.8/../../../../i686-w64-mingw32/lib/../lib/libuuid.a(lib32_libuuid_a-uuid.o)
                0x000000000040d11c                CATID_SearchableApplication
 .rdata$CGID_DefView
                0x000000000040d12c       0x10 /usr/lib/gcc/i686-w64-mingw32/4.8/../../../../i686-w64-mingw32/lib/../lib/libuuid.a(lib32_libuuid_a-uuid.o)
                0x000000000040d12c                CGID_DefView
 .rdata$CGID_Explorer
                0x000000000040d13c       0x10 /usr/lib/gcc/i686-w64-mingw32/4.8/../../../../i686-w64-mingw32/lib/../lib/libuuid.a(lib32_libuuid_a-uuid.o)
                0x000000000040d13c                CGID_Explorer
 .rdata$CGID_ExplorerBarDoc
                0x000000000040d14c       0x10 /usr/lib/gcc/i686-w64-mingw32/4.8/../../../../i686-w64-mingw32/lib/../lib/libuuid.a(lib32_libuuid_a-uuid.o)
                0x000000000040d14c                CGID_ExplorerBarDoc
 .rdata$CGID_MENUDESKBAR
                0x000000000040d15c       0x10 /usr/lib/gcc/i686-w64-mingw32/4.8/../../../../i686-w64-mingw32/lib/../lib/libuuid.a(lib32_libuuid_a-uuid.o)
                0x000000000040d15c                CGID_MENUDESKBAR
 .rdata$CGID_ShellDocView
                0x000000000040d16c       0x10 /usr/lib/gcc/i686-w64-mingw32/4.8/../../../../i686-w64-mingw32/lib/../lib/libuuid.a(lib32_libuuid_a-uuid.o)
                0x000000000040d16c                CGID_ShellDocView
 .rdata$CGID_ShellServiceObject
                0x000000000040d17c       0x10 /usr/lib/gcc/i686-w64-mingw32/4.8/../../../../i686-w64-mingw32/lib/../lib/libuuid.a(lib32_libuuid_a-uuid.o)
                0x000000000040d17c                CGID_ShellServiceObject
 .rdata$CGID_ShortCut
                0x000000000040d18c       0x10 /usr/lib/gcc/i686-w64-mingw32/4.8/../../../../i686-w64-mingw32/lib/../lib/libuuid.a(lib32_libuuid_a-uuid.o)
                0x000000000040d18c                CGID_ShortCut
 .rdata$CLSID_ACLCustomMRU
                0x000000000040d19c       0x10 /usr/lib/gcc/i686-w64-mingw32/4.8/../../../../i686-w64-mingw32/lib/../lib/libuuid.a(lib32_libuuid_a-uuid.o)
                0x000000000040d19c                CLSID_ACLCustomMRU
 .rdata$CLSID_ACLHistory
                0x000000000040d1ac       0x10 /usr/lib/gcc/i686-w64-mingw32/4.8/../../../../i686-w64-mingw32/lib/../lib/libuuid.a(lib32_libuuid_a-uuid.o)
                0x000000000040d1ac                CLSID_ACLHistory
 .rdata$CLSID_ACLMRU
                0x000000000040d1bc       0x10 /usr/lib/gcc/i686-w64-mingw32/4.8/../../../../i686-w64-mingw32/lib/../lib/libuuid.a(lib32_libuuid_a-uuid.o)
                0x000000000040d1bc                CLSID_ACLMRU
 .rdata$CLSID_ACLMulti
                0x000000000040d1cc       0x10 /usr/lib/gcc/i686-w64-mingw32/4.8/../../../../i686-w64-mingw32/lib/../lib/libuuid.a(lib32_libuuid_a-uuid.o)
                0x000000000040d1cc                CLSID_ACLMulti
 .rdata$CLSID_ACListISF
                0x000000000040d1dc       0x10 /usr/lib/gcc/i686-w64-mingw32/4.8/../../../../i686-w64-mingw32/lib/../lib/libuuid.a(lib32_libuuid_a-uuid.o)
                0x000000000040d1dc                CLSID_ACListISF
 .rdata$CLSID_AccPropServices
                0x000000000040d1ec       0x10 /usr/lib/gcc/i686-w64-mingw32/4.8/../../../../i686-w64-mingw32/lib/../lib/libuuid.a(lib32_libuuid_a-uuid.o)
                0x000000000040d1ec                CLSID_AccPropServices
 .rdata$CLSID_AccessibilityDockingService
                0x000000000040d1fc       0x10 /usr/lib/gcc/i686-w64-mingw32/4.8/../../../../i686-w64-mingw32/lib/../lib/libuuid.a(lib32_libuuid_a-uuid.o)
                0x000000000040d1fc                CLSID_AccessibilityDockingService
 .rdata$CLSID_ActiveDesktop
                0x000000000040d20c       0x10 /usr/lib/gcc/i686-w64-mingw32/4.8/../../../../i686-w64-mingw32/lib/../lib/libuuid.a(lib32_libuuid_a-uuid.o)
                0x000000000040d20c                CLSID_ActiveDesktop
 .rdata$CLSID_AllClasses
                0x000000000040d21c       0x10 /usr/lib/gcc/i686-w64-mingw32/4.8/../../../../i686-w64-mingw32/lib/../lib/libuuid.a(lib32_libuuid_a-uuid.o)
                0x000000000040d21c                CLSID_AllClasses
 .rdata$CLSID_AlphabeticalCategorizer
                0x000000000040d22c       0x10 /usr/lib/gcc/i686-w64-mingw32/4.8/../../../../i686-w64-mingw32/lib/../lib/libuuid.a(lib32_libuuid_a-uuid.o)
                0x000000000040d22c                CLSID_AlphabeticalCategorizer
 .rdata$CLSID_AppShellVerbHandler
                0x000000000040d23c       0x10 /usr/lib/gcc/i686-w64-mingw32/4.8/../../../../i686-w64-mingw32/lib/../lib/libuuid.a(lib32_libuuid_a-uuid.o)
                0x000000000040d23c                CLSID_AppShellVerbHandler
 .rdata$CLSID_AppStartupLink
                0x000000000040d24c       0x10 /usr/lib/gcc/i686-w64-mingw32/4.8/../../../../i686-w64-mingw32/lib/../lib/libuuid.a(lib32_libuuid_a-uuid.o)
                0x000000000040d24c                CLSID_AppStartupLink
 .rdata$CLSID_AppVisibility
                0x000000000040d25c       0x10 /usr/lib/gcc/i686-w64-mingw32/4.8/../../../../i686-w64-mingw32/lib/../lib/libuuid.a(lib32_libuuid_a-uuid.o)
                0x000000000040d25c                CLSID_AppVisibility
 .rdata$CLSID_ApplicationActivationManager
                0x000000000040d26c       0x10 /usr/lib/gcc/i686-w64-mingw32/4.8/../../../../i686-w64-mingw32/lib/../lib/libuuid.a(lib32_libuuid_a-uuid.o)
                0x000000000040d26c                CLSID_ApplicationActivationManager
 .rdata$CLSID_ApplicationAssociationRegistration
                0x000000000040d27c       0x10 /usr/lib/gcc/i686-w64-mingw32/4.8/../../../../i686-w64-mingw32/lib/../lib/libuuid.a(lib32_libuuid_a-uuid.o)
                0x000000000040d27c                CLSID_ApplicationAssociationRegistration
 .rdata$CLSID_ApplicationAssociationRegistrationUI
                0x000000000040d28c       0x10 /usr/lib/gcc/i686-w64-mingw32/4.8/../../../../i686-w64-mingw32/lib/../lib/libshell32.a(lib32_libshell32_a-shell32.o)
                0x000000000040d28c                CLSID_ApplicationAssociationRegistrationUI
 .rdata$CLSID_ApplicationDesignModeSettings
                0x000000000040d29c       0x10 /usr/lib/gcc/i686-w64-mingw32/4.8/../../../../i686-w64-mingw32/lib/../lib/libuuid.a(lib32_libuuid_a-uuid.o)
                0x000000000040d29c                CLSID_ApplicationDesignModeSettings
 .rdata$CLSID_ApplicationDestinations
                0x000000000040d2ac       0x10 /usr/lib/gcc/i686-w64-mingw32/4.8/../../../../i686-w64-mingw32/lib/../lib/libuuid.a(lib32_libuuid_a-uuid.o)
                0x000000000040d2ac                CLSID_ApplicationDestinations
 .rdata$CLSID_ApplicationDocumentLists
                0x000000000040d2bc       0x10 /usr/lib/gcc/i686-w64-mingw32/4.8/../../../../i686-w64-mingw32/lib/../lib/libuuid.a(lib32_libuuid_a-uuid.o)
                0x000000000040d2bc                CLSID_ApplicationDocumentLists
 .rdata$CLSID_AttachmentServices
                0x000000000040d2cc       0x10 /usr/lib/gcc/i686-w64-mingw32/4.8/../../../../i686-w64-mingw32/lib/../lib/libuuid.a(lib32_libuuid_a-uuid.o)
                0x000000000040d2cc                CLSID_AttachmentServices
 .rdata$CLSID_AutoComplete
                0x000000000040d2dc       0x10 /usr/lib/gcc/i686-w64-mingw32/4.8/../../../../i686-w64-mingw32/lib/../lib/libuuid.a(lib32_libuuid_a-uuid.o)
                0x000000000040d2dc                CLSID_AutoComplete
 .rdata$CLSID_CAnchorBrowsePropertyPage
                0x000000000040d2ec       0x10 /usr/lib/gcc/i686-w64-mingw32/4.8/../../../../i686-w64-mingw32/lib/../lib/libuuid.a(lib32_libuuid_a-uuid.o)
                0x000000000040d2ec                CLSID_CAnchorBrowsePropertyPage
 .rdata$CLSID_CColorPropPage
                0x000000000040d2fc       0x10 /usr/lib/gcc/i686-w64-mingw32/4.8/../../../../i686-w64-mingw32/lib/../lib/libuuid.a(lib32_libuuid_a-uuid.o)
                0x000000000040d2fc                CLSID_CColorPropPage
 .rdata$CLSID_CDBurn
                0x000000000040d30c       0x10 /usr/lib/gcc/i686-w64-mingw32/4.8/../../../../i686-w64-mingw32/lib/../lib/libuuid.a(lib32_libuuid_a-uuid.o)
                0x000000000040d30c                CLSID_CDBurn
 .rdata$CLSID_CDocBrowsePropertyPage
                0x000000000040d31c       0x10 /usr/lib/gcc/i686-w64-mingw32/4.8/../../../../i686-w64-mingw32/lib/../lib/libuuid.a(lib32_libuuid_a-uuid.o)
                0x000000000040d31c                CLSID_CDocBrowsePropertyPage
 .rdata$CLSID_CFSIconOverlayManager
                0x000000000040d32c       0x10 /usr/lib/gcc/i686-w64-mingw32/4.8/../../../../i686-w64-mingw32/lib/../lib/libuuid.a(lib32_libuuid_a-uuid.o)
                0x000000000040d32c                CLSID_CFSIconOverlayManager
 .rdata$CLSID_CFontPropPage
                0x000000000040d33c       0x10 /usr/lib/gcc/i686-w64-mingw32/4.8/../../../../i686-w64-mingw32/lib/../lib/libuuid.a(lib32_libuuid_a-uuid.o)
                0x000000000040d33c                CLSID_CFontPropPage
 .rdata$CLSID_CImageBrowsePropertyPage
                0x000000000040d34c       0x10 /usr/lib/gcc/i686-w64-mingw32/4.8/../../../../i686-w64-mingw32/lib/../lib/libuuid.a(lib32_libuuid_a-uuid.o)
                0x000000000040d34c                CLSID_CImageBrowsePropertyPage
 .rdata$CLSID_CPicturePropPage
                0x000000000040d35c       0x10 /usr/lib/gcc/i686-w64-mingw32/4.8/../../../../i686-w64-mingw32/lib/../lib/libuuid.a(lib32_libuuid_a-uuid.o)
                0x000000000040d35c                CLSID_CPicturePropPage
 .rdata$CLSID_CURLSearchHook
                0x000000000040d36c       0x10 /usr/lib/gcc/i686-w64-mingw32/4.8/../../../../i686-w64-mingw32/lib/../lib/libuuid.a(lib32_libuuid_a-uuid.o)
                0x000000000040d36c                CLSID_CURLSearchHook
 .rdata$CLSID_CUrlHistory
                0x000000000040d37c       0x10 /usr/lib/gcc/i686-w64-mingw32/4.8/../../../../i686-w64-mingw32/lib/../lib/libuuid.a(lib32_libuuid_a-uuid.o)
                0x000000000040d37c                CLSID_CUrlHistory
 .rdata$CLSID_ControlPanel
                0x000000000040d38c       0x10 /usr/lib/gcc/i686-w64-mingw32/4.8/../../../../i686-w64-mingw32/lib/../lib/libuuid.a(lib32_libuuid_a-uuid.o)
                0x000000000040d38c                CLSID_ControlPanel
 .rdata$CLSID_ConvertVBX
                0x000000000040d39c       0x10 /usr/lib/gcc/i686-w64-mingw32/4.8/../../../../i686-w64-mingw32/lib/../lib/libuuid.a(lib32_libuuid_a-uuid.o)
                0x000000000040d39c                CLSID_ConvertVBX
 .rdata$CLSID_CurrentUserClasses
                0x000000000040d3ac       0x10 /usr/lib/gcc/i686-w64-mingw32/4.8/../../../../i686-w64-mingw32/lib/../lib/libuuid.a(lib32_libuuid_a-uuid.o)
                0x000000000040d3ac                CLSID_CurrentUserClasses
 .rdata$CLSID_DarwinAppPublisher
                0x000000000040d3bc       0x10 /usr/lib/gcc/i686-w64-mingw32/4.8/../../../../i686-w64-mingw32/lib/../lib/libuuid.a(lib32_libuuid_a-uuid.o)
                0x000000000040d3bc                CLSID_DarwinAppPublisher
 .rdata$CLSID_DefFolderMenu
                0x000000000040d3cc       0x10 /usr/lib/gcc/i686-w64-mingw32/4.8/../../../../i686-w64-mingw32/lib/../lib/libuuid.a(lib32_libuuid_a-uuid.o)
                0x000000000040d3cc                CLSID_DefFolderMenu
 .rdata$CLSID_DesktopGadget
                0x000000000040d3dc       0x10 /usr/lib/gcc/i686-w64-mingw32/4.8/../../../../i686-w64-mingw32/lib/../lib/libuuid.a(lib32_libuuid_a-uuid.o)
                0x000000000040d3dc                CLSID_DesktopGadget
 .rdata$CLSID_DesktopWallpaper
                0x000000000040d3ec       0x10 /usr/lib/gcc/i686-w64-mingw32/4.8/../../../../i686-w64-mingw32/lib/../lib/libuuid.a(lib32_libuuid_a-uuid.o)
                0x000000000040d3ec                CLSID_DesktopWallpaper
 .rdata$CLSID_DestinationList
                0x000000000040d3fc       0x10 /usr/lib/gcc/i686-w64-mingw32/4.8/../../../../i686-w64-mingw32/lib/../lib/libuuid.a(lib32_libuuid_a-uuid.o)
                0x000000000040d3fc                CLSID_DestinationList
 .rdata$CLSID_DocHostUIHandler
                0x000000000040d40c       0x10 /usr/lib/gcc/i686-w64-mingw32/4.8/../../../../i686-w64-mingw32/lib/../lib/libuuid.a(lib32_libuuid_a-uuid.o)
                0x000000000040d40c                CLSID_DocHostUIHandler
 .rdata$CLSID_DocPropShellExtension
                0x000000000040d41c       0x10 /usr/lib/gcc/i686-w64-mingw32/4.8/../../../../i686-w64-mingw32/lib/../lib/libuuid.a(lib32_libuuid_a-uuid.o)
                0x000000000040d41c                CLSID_DocPropShellExtension
 .rdata$CLSID_DragDropHelper
                0x000000000040d42c       0x10 /usr/lib/gcc/i686-w64-mingw32/4.8/../../../../i686-w64-mingw32/lib/../lib/libuuid.a(lib32_libuuid_a-uuid.o)
                0x000000000040d42c                CLSID_DragDropHelper
 .rdata$CLSID_DriveSizeCategorizer
                0x000000000040d43c       0x10 /usr/lib/gcc/i686-w64-mingw32/4.8/../../../../i686-w64-mingw32/lib/../lib/libuuid.a(lib32_libuuid_a-uuid.o)
                0x000000000040d43c                CLSID_DriveSizeCategorizer
 .rdata$CLSID_DriveTypeCategorizer
                0x000000000040d44c       0x10 /usr/lib/gcc/i686-w64-mingw32/4.8/../../../../i686-w64-mingw32/lib/../lib/libuuid.a(lib32_libuuid_a-uuid.o)
                0x000000000040d44c                CLSID_DriveTypeCategorizer
 .rdata$CLSID_EnumerableObjectCollection
                0x000000000040d45c       0x10 /usr/lib/gcc/i686-w64-mingw32/4.8/../../../../i686-w64-mingw32/lib/../lib/libuuid.a(lib32_libuuid_a-uuid.o)
                0x000000000040d45c                CLSID_EnumerableObjectCollection
 .rdata$CLSID_ExecuteFolder
                0x000000000040d46c       0x10 /usr/lib/gcc/i686-w64-mingw32/4.8/../../../../i686-w64-mingw32/lib/../lib/libuuid.a(lib32_libuuid_a-uuid.o)
                0x000000000040d46c                CLSID_ExecuteFolder
 .rdata$CLSID_ExecuteUnknown
                0x000000000040d47c       0x10 /usr/lib/gcc/i686-w64-mingw32/4.8/../../../../i686-w64-mingw32/lib/../lib/libuuid.a(lib32_libuuid_a-uuid.o)
                0x000000000040d47c                CLSID_ExecuteUnknown
 .rdata$CLSID_ExplorerBrowser
                0x000000000040d48c       0x10 /usr/lib/gcc/i686-w64-mingw32/4.8/../../../../i686-w64-mingw32/lib/../lib/libuuid.a(lib32_libuuid_a-uuid.o)
                0x000000000040d48c                CLSID_ExplorerBrowser
 .rdata$CLSID_FSCopyHandler
                0x000000000040d49c       0x10 /usr/lib/gcc/i686-w64-mingw32/4.8/../../../../i686-w64-mingw32/lib/../lib/libuuid.a(lib32_libuuid_a-uuid.o)
                0x000000000040d49c                CLSID_FSCopyHandler
 .rdata$CLSID_FileOpenDialog
                0x000000000040d4ac       0x10 /usr/lib/gcc/i686-w64-mingw32/4.8/../../../../i686-w64-mingw32/lib/../lib/libuuid.a(lib32_libuuid_a-uuid.o)
                0x000000000040d4ac                CLSID_FileOpenDialog
 .rdata$CLSID_FileOperation
                0x000000000040d4bc       0x10 /usr/lib/gcc/i686-w64-mingw32/4.8/../../../../i686-w64-mingw32/lib/../lib/libuuid.a(lib32_libuuid_a-uuid.o)
                0x000000000040d4bc                CLSID_FileOperation
 .rdata$CLSID_FileProtocol
                0x000000000040d4cc       0x10 /usr/lib/gcc/i686-w64-mingw32/4.8/../../../../i686-w64-mingw32/lib/../lib/libuuid.a(lib32_libuuid_a-uuid.o)
                0x000000000040d4cc                CLSID_FileProtocol
 .rdata$CLSID_FileSaveDialog
                0x000000000040d4dc       0x10 /usr/lib/gcc/i686-w64-mingw32/4.8/../../../../i686-w64-mingw32/lib/../lib/libuuid.a(lib32_libuuid_a-uuid.o)
                0x000000000040d4dc                CLSID_FileSaveDialog
 .rdata$CLSID_FileTypes
                0x000000000040d4ec       0x10 /usr/lib/gcc/i686-w64-mingw32/4.8/../../../../i686-w64-mingw32/lib/../lib/libuuid.a(lib32_libuuid_a-uuid.o)
                0x000000000040d4ec                CLSID_FileTypes
 .rdata$CLSID_FolderItem
                0x000000000040d4fc       0x10 /usr/lib/gcc/i686-w64-mingw32/4.8/../../../../i686-w64-mingw32/lib/../lib/libuuid.a(lib32_libuuid_a-uuid.o)
                0x000000000040d4fc                CLSID_FolderItem
 .rdata$CLSID_FolderItemsMultiLevel
                0x000000000040d50c       0x10 /usr/lib/gcc/i686-w64-mingw32/4.8/../../../../i686-w64-mingw32/lib/../lib/libuuid.a(lib32_libuuid_a-uuid.o)
                0x000000000040d50c                CLSID_FolderItemsMultiLevel
 .rdata$CLSID_FolderShortcut
                0x000000000040d51c       0x10 /usr/lib/gcc/i686-w64-mingw32/4.8/../../../../i686-w64-mingw32/lib/../lib/libuuid.a(lib32_libuuid_a-uuid.o)
                0x000000000040d51c                CLSID_FolderShortcut
 .rdata$CLSID_FolderViewHost
                0x000000000040d52c       0x10 /usr/lib/gcc/i686-w64-mingw32/4.8/../../../../i686-w64-mingw32/lib/../lib/libuuid.a(lib32_libuuid_a-uuid.o)
                0x000000000040d52c                CLSID_FolderViewHost
 .rdata$CLSID_FrameworkInputPane
                0x000000000040d53c       0x10 /usr/lib/gcc/i686-w64-mingw32/4.8/../../../../i686-w64-mingw32/lib/../lib/libuuid.a(lib32_libuuid_a-uuid.o)
                0x000000000040d53c                CLSID_FrameworkInputPane
 .rdata$CLSID_FreeSpaceCategorizer
                0x000000000040d54c       0x10 /usr/lib/gcc/i686-w64-mingw32/4.8/../../../../i686-w64-mingw32/lib/../lib/libuuid.a(lib32_libuuid_a-uuid.o)
                0x000000000040d54c                CLSID_FreeSpaceCategorizer
 .rdata$CLSID_FtpProtocol
                0x000000000040d55c       0x10 /usr/lib/gcc/i686-w64-mingw32/4.8/../../../../i686-w64-mingw32/lib/../lib/libuuid.a(lib32_libuuid_a-uuid.o)
                0x000000000040d55c                CLSID_FtpProtocol
 .rdata$CLSID_GopherProtocol
                0x000000000040d56c       0x10 /usr/lib/gcc/i686-w64-mingw32/4.8/../../../../i686-w64-mingw32/lib/../lib/libuuid.a(lib32_libuuid_a-uuid.o)
                0x000000000040d56c                CLSID_GopherProtocol
 .rdata$CLSID_HWShellExecute
                0x000000000040d57c       0x10 /usr/lib/gcc/i686-w64-mingw32/4.8/../../../../i686-w64-mingw32/lib/../lib/libuuid.a(lib32_libuuid_a-uuid.o)
                0x000000000040d57c                CLSID_HWShellExecute
 .rdata$CLSID_HomeGroup
                0x000000000040d58c       0x10 /usr/lib/gcc/i686-w64-mingw32/4.8/../../../../i686-w64-mingw32/lib/../lib/libuuid.a(lib32_libuuid_a-uuid.o)
                0x000000000040d58c                CLSID_HomeGroup
 .rdata$CLSID_HttpProtocol
                0x000000000040d59c       0x10 /usr/lib/gcc/i686-w64-mingw32/4.8/../../../../i686-w64-mingw32/lib/../lib/libuuid.a(lib32_libuuid_a-uuid.o)
                0x000000000040d59c                CLSID_HttpProtocol
 .rdata$CLSID_HttpSProtocol
                0x000000000040d5ac       0x10 /usr/lib/gcc/i686-w64-mingw32/4.8/../../../../i686-w64-mingw32/lib/../lib/libuuid.a(lib32_libuuid_a-uuid.o)
                0x000000000040d5ac                CLSID_HttpSProtocol
 .rdata$CLSID_IENamespaceTreeControl
                0x000000000040d5bc       0x10 /usr/lib/gcc/i686-w64-mingw32/4.8/../../../../i686-w64-mingw32/lib/../lib/libuuid.a(lib32_libuuid_a-uuid.o)
                0x000000000040d5bc                CLSID_IENamespaceTreeControl
 .rdata$CLSID_ISFBand
                0x000000000040d5cc       0x10 /usr/lib/gcc/i686-w64-mingw32/4.8/../../../../i686-w64-mingw32/lib/../lib/libuuid.a(lib32_libuuid_a-uuid.o)
                0x000000000040d5cc                CLSID_ISFBand
 .rdata$CLSID_IdentityUnmarshal
                0x000000000040d5dc       0x10 /usr/lib/gcc/i686-w64-mingw32/4.8/../../../../i686-w64-mingw32/lib/../lib/libuuid.a(lib32_libuuid_a-uuid.o)
                0x000000000040d5dc                CLSID_IdentityUnmarshal
 .rdata$CLSID_ImageProperties
                0x000000000040d5ec       0x10 /usr/lib/gcc/i686-w64-mingw32/4.8/../../../../i686-w64-mingw32/lib/../lib/libuuid.a(lib32_libuuid_a-uuid.o)
                0x000000000040d5ec                CLSID_ImageProperties
 .rdata$CLSID_ImageRecompress
                0x000000000040d5fc       0x10 /usr/lib/gcc/i686-w64-mingw32/4.8/../../../../i686-w64-mingw32/lib/../lib/libuuid.a(lib32_libuuid_a-uuid.o)
                0x000000000040d5fc                CLSID_ImageRecompress
 .rdata$CLSID_InMemoryPropertyStore
                0x000000000040d60c       0x10 /usr/lib/gcc/i686-w64-mingw32/4.8/../../../../i686-w64-mingw32/lib/../lib/libuuid.a(lib32_libuuid_a-uuid.o)
                0x000000000040d60c                CLSID_InMemoryPropertyStore
 .rdata$CLSID_InProcFreeMarshaler
                0x000000000040d61c       0x10 /usr/lib/gcc/i686-w64-mingw32/4.8/../../../../i686-w64-mingw32/lib/../lib/libuuid.a(lib32_libuuid_a-uuid.o)
                0x000000000040d61c                CLSID_InProcFreeMarshaler
 .rdata$CLSID_Internet
                0x000000000040d62c       0x10 /usr/lib/gcc/i686-w64-mingw32/4.8/../../../../i686-w64-mingw32/lib/../lib/libuuid.a(lib32_libuuid_a-uuid.o)
                0x000000000040d62c                CLSID_Internet
 .rdata$CLSID_InternetButtons
                0x000000000040d63c       0x10 /usr/lib/gcc/i686-w64-mingw32/4.8/../../../../i686-w64-mingw32/lib/../lib/libuuid.a(lib32_libuuid_a-uuid.o)
                0x000000000040d63c                CLSID_InternetButtons
 .rdata$CLSID_InternetExplorer
                0x000000000040d64c       0x10 /usr/lib/gcc/i686-w64-mingw32/4.8/../../../../i686-w64-mingw32/lib/../lib/libshell32.a(lib32_libshell32_a-shell32.o)
                0x000000000040d64c                CLSID_InternetExplorer
 .rdata$CLSID_InternetPrintOrdering
                0x000000000040d65c       0x10 /usr/lib/gcc/i686-w64-mingw32/4.8/../../../../i686-w64-mingw32/lib/../lib/libuuid.a(lib32_libuuid_a-uuid.o)
                0x000000000040d65c                CLSID_InternetPrintOrdering
 .rdata$CLSID_InternetShortcut
                0x000000000040d66c       0x10 /usr/lib/gcc/i686-w64-mingw32/4.8/../../../../i686-w64-mingw32/lib/../lib/libuuid.a(lib32_libuuid_a-uuid.o)
                0x000000000040d66c                CLSID_InternetShortcut
 .rdata$CLSID_KnownFolderManager
                0x000000000040d67c       0x10 /usr/lib/gcc/i686-w64-mingw32/4.8/../../../../i686-w64-mingw32/lib/../lib/libuuid.a(lib32_libuuid_a-uuid.o)
                0x000000000040d67c                CLSID_KnownFolderManager
 .rdata$CLSID_LinkColumnProvider
                0x000000000040d68c       0x10 /usr/lib/gcc/i686-w64-mingw32/4.8/../../../../i686-w64-mingw32/lib/../lib/libuuid.a(lib32_libuuid_a-uuid.o)
                0x000000000040d68c                CLSID_LinkColumnProvider
 .rdata$CLSID_LocalMachineClasses
                0x000000000040d69c       0x10 /usr/lib/gcc/i686-w64-mingw32/4.8/../../../../i686-w64-mingw32/lib/../lib/libuuid.a(lib32_libuuid_a-uuid.o)
                0x000000000040d69c                CLSID_LocalMachineClasses
 .rdata$CLSID_MSOButtons
                0x000000000040d6ac       0x10 /usr/lib/gcc/i686-w64-mingw32/4.8/../../../../i686-w64-mingw32/lib/../lib/libuuid.a(lib32_libuuid_a-uuid.o)
                0x000000000040d6ac                CLSID_MSOButtons
 .rdata$CLSID_MailRecipient
                0x000000000040d6bc       0x10 /usr/lib/gcc/i686-w64-mingw32/4.8/../../../../i686-w64-mingw32/lib/../lib/libuuid.a(lib32_libuuid_a-uuid.o)
                0x000000000040d6bc                CLSID_MailRecipient
 .rdata$CLSID_MenuBand
                0x000000000040d6cc       0x10 /usr/lib/gcc/i686-w64-mingw32/4.8/../../../../i686-w64-mingw32/lib/../lib/libuuid.a(lib32_libuuid_a-uuid.o)
                0x000000000040d6cc                CLSID_MenuBand
 .rdata$CLSID_MenuBandSite
                0x000000000040d6dc       0x10 /usr/lib/gcc/i686-w64-mingw32/4.8/../../../../i686-w64-mingw32/lib/../lib/libuuid.a(lib32_libuuid_a-uuid.o)
                0x000000000040d6dc                CLSID_MenuBandSite
 .rdata$CLSID_MenuToolbarBase
                0x000000000040d6ec       0x10 /usr/lib/gcc/i686-w64-mingw32/4.8/../../../../i686-w64-mingw32/lib/../lib/libuuid.a(lib32_libuuid_a-uuid.o)
                0x000000000040d6ec                CLSID_MenuToolbarBase
 .rdata$CLSID_MergedCategorizer
                0x000000000040d6fc       0x10 /usr/lib/gcc/i686-w64-mingw32/4.8/../../../../i686-w64-mingw32/lib/../lib/libuuid.a(lib32_libuuid_a-uuid.o)
                0x000000000040d6fc                CLSID_MergedCategorizer
 .rdata$CLSID_MkProtocol
                0x000000000040d70c       0x10 /usr/lib/gcc/i686-w64-mingw32/4.8/../../../../i686-w64-mingw32/lib/../lib/libuuid.a(lib32_libuuid_a-uuid.o)
                0x000000000040d70c                CLSID_MkProtocol
 .rdata$CLSID_MyComputer
                0x000000000040d71c       0x10 /usr/lib/gcc/i686-w64-mingw32/4.8/../../../../i686-w64-mingw32/lib/../lib/libuuid.a(lib32_libuuid_a-uuid.o)
                0x000000000040d71c                CLSID_MyComputer
 .rdata$CLSID_MyDocuments
                0x000000000040d72c       0x10 /usr/lib/gcc/i686-w64-mingw32/4.8/../../../../i686-w64-mingw32/lib/../lib/libuuid.a(lib32_libuuid_a-uuid.o)
                0x000000000040d72c                CLSID_MyDocuments
 .rdata$CLSID_NamespaceTreeControl
                0x000000000040d73c       0x10 /usr/lib/gcc/i686-w64-mingw32/4.8/../../../../i686-w64-mingw32/lib/../lib/libuuid.a(lib32_libuuid_a-uuid.o)
                0x000000000040d73c                CLSID_NamespaceTreeControl
 .rdata$CLSID_NamespaceWalker
                0x000000000040d74c       0x10 /usr/lib/gcc/i686-w64-mingw32/4.8/../../../../i686-w64-mingw32/lib/../lib/libuuid.a(lib32_libuuid_a-uuid.o)
                0x000000000040d74c                CLSID_NamespaceWalker
 .rdata$CLSID_NetworkConnections
                0x000000000040d75c       0x10 /usr/lib/gcc/i686-w64-mingw32/4.8/../../../../i686-w64-mingw32/lib/../lib/libuuid.a(lib32_libuuid_a-uuid.o)
                0x000000000040d75c                CLSID_NetworkConnections
 .rdata$CLSID_NetworkDomain
                0x000000000040d76c       0x10 /usr/lib/gcc/i686-w64-mingw32/4.8/../../../../i686-w64-mingw32/lib/../lib/libuuid.a(lib32_libuuid_a-uuid.o)
                0x000000000040d76c                CLSID_NetworkDomain
 .rdata$CLSID_NetworkExplorerFolder
                0x000000000040d77c       0x10 /usr/lib/gcc/i686-w64-mingw32/4.8/../../../../i686-w64-mingw32/lib/../lib/libuuid.a(lib32_libuuid_a-uuid.o)
                0x000000000040d77c                CLSID_NetworkExplorerFolder
 .rdata$CLSID_NetworkPlaces
                0x000000000040d78c       0x10 /usr/lib/gcc/i686-w64-mingw32/4.8/../../../../i686-w64-mingw32/lib/../lib/libuuid.a(lib32_libuuid_a-uuid.o)
                0x000000000040d78c                CLSID_NetworkPlaces
 .rdata$CLSID_NetworkServer
                0x000000000040d79c       0x10 /usr/lib/gcc/i686-w64-mingw32/4.8/../../../../i686-w64-mingw32/lib/../lib/libuuid.a(lib32_libuuid_a-uuid.o)
                0x000000000040d79c                CLSID_NetworkServer
 .rdata$CLSID_NetworkShare
                0x000000000040d7ac       0x10 /usr/lib/gcc/i686-w64-mingw32/4.8/../../../../i686-w64-mingw32/lib/../lib/libuuid.a(lib32_libuuid_a-uuid.o)
                0x000000000040d7ac                CLSID_NetworkShare
 .rdata$CLSID_NewMenu
                0x000000000040d7bc       0x10 /usr/lib/gcc/i686-w64-mingw32/4.8/../../../../i686-w64-mingw32/lib/../lib/libuuid.a(lib32_libuuid_a-uuid.o)
                0x000000000040d7bc                CLSID_NewMenu
 .rdata$CLSID_OpenControlPanel
                0x000000000040d7cc       0x10 /usr/lib/gcc/i686-w64-mingw32/4.8/../../../../i686-w64-mingw32/lib/../lib/libuuid.a(lib32_libuuid_a-uuid.o)
                0x000000000040d7cc                CLSID_OpenControlPanel
 .rdata$CLSID_PSBindCtx
                0x000000000040d7dc       0x10 /usr/lib/gcc/i686-w64-mingw32/4.8/../../../../i686-w64-mingw32/lib/../lib/libuuid.a(lib32_libuuid_a-uuid.o)
                0x000000000040d7dc                CLSID_PSBindCtx
 .rdata$CLSID_PSClassObject
                0x000000000040d7ec       0x10 /usr/lib/gcc/i686-w64-mingw32/4.8/../../../../i686-w64-mingw32/lib/../lib/libuuid.a(lib32_libuuid_a-uuid.o)
                0x000000000040d7ec                CLSID_PSClassObject
 .rdata$CLSID_PSClientSite
                0x000000000040d7fc       0x10 /usr/lib/gcc/i686-w64-mingw32/4.8/../../../../i686-w64-mingw32/lib/../lib/libuuid.a(lib32_libuuid_a-uuid.o)
                0x000000000040d7fc                CLSID_PSClientSite
 .rdata$CLSID_PSDragDrop
                0x000000000040d80c       0x10 /usr/lib/gcc/i686-w64-mingw32/4.8/../../../../i686-w64-mingw32/lib/../lib/libuuid.a(lib32_libuuid_a-uuid.o)
                0x000000000040d80c                CLSID_PSDragDrop
 .rdata$CLSID_PSEnumerators
                0x000000000040d81c       0x10 /usr/lib/gcc/i686-w64-mingw32/4.8/../../../../i686-w64-mingw32/lib/../lib/libuuid.a(lib32_libuuid_a-uuid.o)
                0x000000000040d81c                CLSID_PSEnumerators
 .rdata$CLSID_PSGenObject
                0x000000000040d82c       0x10 /usr/lib/gcc/i686-w64-mingw32/4.8/../../../../i686-w64-mingw32/lib/../lib/libuuid.a(lib32_libuuid_a-uuid.o)
                0x000000000040d82c                CLSID_PSGenObject
 .rdata$CLSID_PSInPlaceActive
                0x000000000040d83c       0x10 /usr/lib/gcc/i686-w64-mingw32/4.8/../../../../i686-w64-mingw32/lib/../lib/libuuid.a(lib32_libuuid_a-uuid.o)
                0x000000000040d83c                CLSID_PSInPlaceActive
 .rdata$CLSID_PSInPlaceFrame
                0x000000000040d84c       0x10 /usr/lib/gcc/i686-w64-mingw32/4.8/../../../../i686-w64-mingw32/lib/../lib/libuuid.a(lib32_libuuid_a-uuid.o)
                0x000000000040d84c                CLSID_PSInPlaceFrame
 .rdata$CLSID_PSUrlMonProxy
                0x000000000040d85c       0x10 /usr/lib/gcc/i686-w64-mingw32/4.8/../../../../i686-w64-mingw32/lib/../lib/libuuid.a(lib32_libuuid_a-uuid.o)
                0x000000000040d85c                CLSID_PSUrlMonProxy
 .rdata$CLSID_PackageDebugSettings
                0x000000000040d86c       0x10 /usr/lib/gcc/i686-w64-mingw32/4.8/../../../../i686-w64-mingw32/lib/../lib/libuuid.a(lib32_libuuid_a-uuid.o)
                0x000000000040d86c                CLSID_PackageDebugSettings
 .rdata$CLSID_PersistPropset
                0x000000000040d87c       0x10 /usr/lib/gcc/i686-w64-mingw32/4.8/../../../../i686-w64-mingw32/lib/../lib/libuuid.a(lib32_libuuid_a-uuid.o)
                0x000000000040d87c                CLSID_PersistPropset
 .rdata$CLSID_Picture_Dib
                0x000000000040d88c       0x10 /usr/lib/gcc/i686-w64-mingw32/4.8/../../../../i686-w64-mingw32/lib/../lib/libuuid.a(lib32_libuuid_a-uuid.o)
                0x000000000040d88c                CLSID_Picture_Dib
 .rdata$CLSID_Picture_EnhMetafile
                0x000000000040d89c       0x10 /usr/lib/gcc/i686-w64-mingw32/4.8/../../../../i686-w64-mingw32/lib/../lib/libuuid.a(lib32_libuuid_a-uuid.o)
                0x000000000040d89c                CLSID_Picture_EnhMetafile
 .rdata$CLSID_Picture_Metafile
                0x000000000040d8ac       0x10 /usr/lib/gcc/i686-w64-mingw32/4.8/../../../../i686-w64-mingw32/lib/../lib/libuuid.a(lib32_libuuid_a-uuid.o)
                0x000000000040d8ac                CLSID_Picture_Metafile
 .rdata$CLSID_PlaybackManager
                0x000000000040d8bc       0x10 /usr/lib/gcc/i686-w64-mingw32/4.8/../../../../i686-w64-mingw32/lib/../lib/libuuid.a(lib32_libuuid_a-uuid.o)
                0x000000000040d8bc                CLSID_PlaybackManager
 .rdata$CLSID_PreviousVersions
                0x000000000040d8cc       0x10 /usr/lib/gcc/i686-w64-mingw32/4.8/../../../../i686-w64-mingw32/lib/../lib/libuuid.a(lib32_libuuid_a-uuid.o)
                0x000000000040d8cc                CLSID_PreviousVersions
 .rdata$CLSID_Printers
                0x000000000040d8dc       0x10 /usr/lib/gcc/i686-w64-mingw32/4.8/../../../../i686-w64-mingw32/lib/../lib/libuuid.a(lib32_libuuid_a-uuid.o)
                0x000000000040d8dc                CLSID_Printers
 .rdata$CLSID_ProgressDialog
                0x000000000040d8ec       0x10 /usr/lib/gcc/i686-w64-mingw32/4.8/../../../../i686-w64-mingw32/lib/../lib/libuuid.a(lib32_libuuid_a-uuid.o)
                0x000000000040d8ec                CLSID_ProgressDialog
 .rdata$CLSID_PropertiesUI
                0x000000000040d8fc       0x10 /usr/lib/gcc/i686-w64-mingw32/4.8/../../../../i686-w64-mingw32/lib/../lib/libuuid.a(lib32_libuuid_a-uuid.o)
                0x000000000040d8fc                CLSID_PropertiesUI
 .rdata$CLSID_PropertySystem
                0x000000000040d90c       0x10 /usr/lib/gcc/i686-w64-mingw32/4.8/../../../../i686-w64-mingw32/lib/../lib/libuuid.a(lib32_libuuid_a-uuid.o)
                0x000000000040d90c                CLSID_PropertySystem
 .rdata$CLSID_PublishDropTarget
                0x000000000040d91c       0x10 /usr/lib/gcc/i686-w64-mingw32/4.8/../../../../i686-w64-mingw32/lib/../lib/libuuid.a(lib32_libuuid_a-uuid.o)
                0x000000000040d91c                CLSID_PublishDropTarget
 .rdata$CLSID_PublishingWizard
                0x000000000040d92c       0x10 /usr/lib/gcc/i686-w64-mingw32/4.8/../../../../i686-w64-mingw32/lib/../lib/libuuid.a(lib32_libuuid_a-uuid.o)
                0x000000000040d92c                CLSID_PublishingWizard
 .rdata$CLSID_QueryAssociations
                0x000000000040d93c       0x10 /usr/lib/gcc/i686-w64-mingw32/4.8/../../../../i686-w64-mingw32/lib/../lib/libuuid.a(lib32_libuuid_a-uuid.o)
                0x000000000040d93c                CLSID_QueryAssociations
 .rdata$CLSID_QueryCancelAutoPlay
                0x000000000040d94c       0x10 /usr/lib/gcc/i686-w64-mingw32/4.8/../../../../i686-w64-mingw32/lib/../lib/libuuid.a(lib32_libuuid_a-uuid.o)
                0x000000000040d94c                CLSID_QueryCancelAutoPlay
 .rdata$CLSID_QuickLinks
                0x000000000040d95c       0x10 /usr/lib/gcc/i686-w64-mingw32/4.8/../../../../i686-w64-mingw32/lib/../lib/libuuid.a(lib32_libuuid_a-uuid.o)
                0x000000000040d95c                CLSID_QuickLinks
 .rdata$CLSID_RecycleBin
                0x000000000040d96c       0x10 /usr/lib/gcc/i686-w64-mingw32/4.8/../../../../i686-w64-mingw32/lib/../lib/libuuid.a(lib32_libuuid_a-uuid.o)
                0x000000000040d96c                CLSID_RecycleBin
 .rdata$CLSID_SHItemOC
                0x000000000040d97c       0x10 /usr/lib/gcc/i686-w64-mingw32/4.8/../../../../i686-w64-mingw32/lib/../lib/libshell32.a(lib32_libshell32_a-shell32.o)
                0x000000000040d97c                CLSID_SHItemOC
 .rdata$CLSID_ScheduledTasks
                0x000000000040d98c       0x10 /usr/lib/gcc/i686-w64-mingw32/4.8/../../../../i686-w64-mingw32/lib/../lib/libuuid.a(lib32_libuuid_a-uuid.o)
                0x000000000040d98c                CLSID_ScheduledTasks
 .rdata$CLSID_SearchFolderItemFactory
                0x000000000040d99c       0x10 /usr/lib/gcc/i686-w64-mingw32/4.8/../../../../i686-w64-mingw32/lib/../lib/libuuid.a(lib32_libuuid_a-uuid.o)
                0x000000000040d99c                CLSID_SearchFolderItemFactory
 .rdata$CLSID_SharingConfigurationManager
                0x000000000040d9ac       0x10 /usr/lib/gcc/i686-w64-mingw32/4.8/../../../../i686-w64-mingw32/lib/../lib/libuuid.a(lib32_libuuid_a-uuid.o)
                0x000000000040d9ac                CLSID_SharingConfigurationManager
 .rdata$CLSID_ShellDesktop
                0x000000000040d9bc       0x10 /usr/lib/gcc/i686-w64-mingw32/4.8/../../../../i686-w64-mingw32/lib/../lib/libuuid.a(lib32_libuuid_a-uuid.o)
                0x000000000040d9bc                CLSID_ShellDesktop
 .rdata$CLSID_ShellExplorer
                0x000000000040d9cc       0x10 /usr/lib/gcc/i686-w64-mingw32/4.8/../../../../i686-w64-mingw32/lib/../lib/libshell32.a(lib32_libshell32_a-shell32.o)
                0x000000000040d9cc                CLSID_ShellExplorer
 .rdata$CLSID_ShellFSFolder
                0x000000000040d9dc       0x10 /usr/lib/gcc/i686-w64-mingw32/4.8/../../../../i686-w64-mingw32/lib/../lib/libuuid.a(lib32_libuuid_a-uuid.o)
                0x000000000040d9dc                CLSID_ShellFSFolder
 .rdata$CLSID_ShellFldSetExt
                0x000000000040d9ec       0x10 /usr/lib/gcc/i686-w64-mingw32/4.8/../../../../i686-w64-mingw32/lib/../lib/libuuid.a(lib32_libuuid_a-uuid.o)
                0x000000000040d9ec                CLSID_ShellFldSetExt
 .rdata$CLSID_ShellItem
                0x000000000040d9fc       0x10 /usr/lib/gcc/i686-w64-mingw32/4.8/../../../../i686-w64-mingw32/lib/../lib/libuuid.a(lib32_libuuid_a-uuid.o)
                0x000000000040d9fc                CLSID_ShellItem
 .rdata$CLSID_ShellLibrary
                0x000000000040da0c       0x10 /usr/lib/gcc/i686-w64-mingw32/4.8/../../../../i686-w64-mingw32/lib/../lib/libuuid.a(lib32_libuuid_a-uuid.o)
                0x000000000040da0c                CLSID_ShellLibrary
 .rdata$CLSID_ShellLink
                0x000000000040da1c       0x10 /usr/lib/gcc/i686-w64-mingw32/4.8/../../../../i686-w64-mingw32/lib/../lib/libshell32.a(lib32_libshell32_a-shell32.o)
                0x000000000040da1c                CLSID_ShellLink
 .rdata$CLSID_SizeCategorizer
                0x000000000040da2c       0x10 /usr/lib/gcc/i686-w64-mingw32/4.8/../../../../i686-w64-mingw32/lib/../lib/libuuid.a(lib32_libuuid_a-uuid.o)
                0x000000000040da2c                CLSID_SizeCategorizer
 .rdata$CLSID_StartMenuPin
                0x000000000040da3c       0x10 /usr/lib/gcc/i686-w64-mingw32/4.8/../../../../i686-w64-mingw32/lib/../lib/libuuid.a(lib32_libuuid_a-uuid.o)
                0x000000000040da3c                CLSID_StartMenuPin
 .rdata$CLSID_StaticDib
                0x000000000040da4c       0x10 /usr/lib/gcc/i686-w64-mingw32/4.8/../../../../i686-w64-mingw32/lib/../lib/libuuid.a(lib32_libuuid_a-uuid.o)
                0x000000000040da4c                CLSID_StaticDib
 .rdata$CLSID_StaticMetafile
                0x000000000040da5c       0x10 /usr/lib/gcc/i686-w64-mingw32/4.8/../../../../i686-w64-mingw32/lib/../lib/libuuid.a(lib32_libuuid_a-uuid.o)
                0x000000000040da5c                CLSID_StaticMetafile
 .rdata$CLSID_StdComponentCategoriesMgr
                0x000000000040da6c       0x10 /usr/lib/gcc/i686-w64-mingw32/4.8/../../../../i686-w64-mingw32/lib/../lib/libuuid.a(lib32_libuuid_a-uuid.o)
                0x000000000040da6c                CLSID_StdComponentCategoriesMgr
 .rdata$CLSID_StdFont
                0x000000000040da7c       0x10 /usr/lib/gcc/i686-w64-mingw32/4.8/../../../../i686-w64-mingw32/lib/../lib/libuuid.a(lib32_libuuid_a-uuid.o)
                0x000000000040da7c                CLSID_StdFont
 .rdata$CLSID_StdHlink
                0x000000000040da8c       0x10 /usr/lib/gcc/i686-w64-mingw32/4.8/../../../../i686-w64-mingw32/lib/../lib/libuuid.a(lib32_libuuid_a-uuid.o)
                0x000000000040da8c                CLSID_StdHlink
 .rdata$CLSID_StdHlinkBrowseContext
                0x000000000040da9c       0x10 /usr/lib/gcc/i686-w64-mingw32/4.8/../../../../i686-w64-mingw32/lib/../lib/libuuid.a(lib32_libuuid_a-uuid.o)
                0x000000000040da9c                CLSID_StdHlinkBrowseContext
 .rdata$CLSID_StdHyperLink
                0x000000000040daac       0x10 /usr/lib/gcc/i686-w64-mingw32/4.8/../../../../i686-w64-mingw32/lib/../lib/libshell32.a(lib32_libshell32_a-shell32.o)
                0x000000000040daac                CLSID_StdHyperLink
 .rdata$CLSID_StdMarshal
                0x000000000040dabc       0x10 /usr/lib/gcc/i686-w64-mingw32/4.8/../../../../i686-w64-mingw32/lib/../lib/libuuid.a(lib32_libuuid_a-uuid.o)
                0x000000000040dabc                CLSID_StdMarshal
 .rdata$CLSID_StdPicture
                0x000000000040dacc       0x10 /usr/lib/gcc/i686-w64-mingw32/4.8/../../../../i686-w64-mingw32/lib/../lib/libuuid.a(lib32_libuuid_a-uuid.o)
                0x000000000040dacc                CLSID_StdPicture
 .rdata$CLSID_StdURLMoniker
                0x000000000040dadc       0x10 /usr/lib/gcc/i686-w64-mingw32/4.8/../../../../i686-w64-mingw32/lib/../lib/libuuid.a(lib32_libuuid_a-uuid.o)
                0x000000000040dadc                CLSID_StdURLMoniker
 .rdata$CLSID_StdURLProtocol
                0x000000000040daec       0x10 /usr/lib/gcc/i686-w64-mingw32/4.8/../../../../i686-w64-mingw32/lib/../lib/libuuid.a(lib32_libuuid_a-uuid.o)
                0x000000000040daec                CLSID_StdURLProtocol
 .rdata$CLSID_TaskbarList
                0x000000000040dafc       0x10 /usr/lib/gcc/i686-w64-mingw32/4.8/../../../../i686-w64-mingw32/lib/../lib/libshell32.a(lib32_libshell32_a-shell32.o)
                0x000000000040dafc                CLSID_TaskbarList
 .rdata$CLSID_TimeCategorizer
                0x000000000040db0c       0x10 /usr/lib/gcc/i686-w64-mingw32/4.8/../../../../i686-w64-mingw32/lib/../lib/libuuid.a(lib32_libuuid_a-uuid.o)
                0x000000000040db0c                CLSID_TimeCategorizer
 .rdata$CLSID_ToolbarExtButtons
                0x000000000040db1c       0x10 /usr/lib/gcc/i686-w64-mingw32/4.8/../../../../i686-w64-mingw32/lib/../lib/libuuid.a(lib32_libuuid_a-uuid.o)
                0x000000000040db1c                CLSID_ToolbarExtButtons
 .rdata$CLSID_TrayBandSiteService
                0x000000000040db2c       0x10 /usr/lib/gcc/i686-w64-mingw32/4.8/../../../../i686-w64-mingw32/lib/../lib/libuuid.a(lib32_libuuid_a-uuid.o)
                0x000000000040db2c                CLSID_TrayBandSiteService
 .rdata$CLSID_TrayDeskBand
                0x000000000040db3c       0x10 /usr/lib/gcc/i686-w64-mingw32/4.8/../../../../i686-w64-mingw32/lib/../lib/libuuid.a(lib32_libuuid_a-uuid.o)
                0x000000000040db3c                CLSID_TrayDeskBand
 .rdata$CLSID_UserNotification
                0x000000000040db4c       0x10 /usr/lib/gcc/i686-w64-mingw32/4.8/../../../../i686-w64-mingw32/lib/../lib/libuuid.a(lib32_libuuid_a-uuid.o)
                0x000000000040db4c                CLSID_UserNotification
 .rdata$CLSID_WebBrowser
                0x000000000040db5c       0x10 /usr/lib/gcc/i686-w64-mingw32/4.8/../../../../i686-w64-mingw32/lib/../lib/libuuid.a(lib32_libuuid_a-uuid.o)
                0x000000000040db5c                CLSID_WebBrowser
 .rdata$CLSID_WebWizardHost
                0x000000000040db6c       0x10 /usr/lib/gcc/i686-w64-mingw32/4.8/../../../../i686-w64-mingw32/lib/../lib/libuuid.a(lib32_libuuid_a-uuid.o)
                0x000000000040db6c                CLSID_WebWizardHost
 .rdata$CPFG_CREDENTIAL_PROVIDER_LABEL
                0x000000000040db7c       0x10 /usr/lib/gcc/i686-w64-mingw32/4.8/../../../../i686-w64-mingw32/lib/../lib/libuuid.a(lib32_libuuid_a-uuid.o)
                0x000000000040db7c                CPFG_CREDENTIAL_PROVIDER_LABEL
 .rdata$CPFG_CREDENTIAL_PROVIDER_LOGO
                0x000000000040db8c       0x10 /usr/lib/gcc/i686-w64-mingw32/4.8/../../../../i686-w64-mingw32/lib/../lib/libuuid.a(lib32_libuuid_a-uuid.o)
                0x000000000040db8c                CPFG_CREDENTIAL_PROVIDER_LOGO
 .rdata$CPFG_LOGON_PASSWORD
                0x000000000040db9c       0x10 /usr/lib/gcc/i686-w64-mingw32/4.8/../../../../i686-w64-mingw32/lib/../lib/libuuid.a(lib32_libuuid_a-uuid.o)
                0x000000000040db9c                CPFG_LOGON_PASSWORD
 .rdata$CPFG_LOGON_USERNAME
                0x000000000040dbac       0x10 /usr/lib/gcc/i686-w64-mingw32/4.8/../../../../i686-w64-mingw32/lib/../lib/libuuid.a(lib32_libuuid_a-uuid.o)
                0x000000000040dbac                CPFG_LOGON_USERNAME
 .rdata$CPFG_SMARTCARD_PIN
                0x000000000040dbbc       0x10 /usr/lib/gcc/i686-w64-mingw32/4.8/../../../../i686-w64-mingw32/lib/../lib/libuuid.a(lib32_libuuid_a-uuid.o)
                0x000000000040dbbc                CPFG_SMARTCARD_PIN
 .rdata$CPFG_SMARTCARD_USERNAME
                0x000000000040dbcc       0x10 /usr/lib/gcc/i686-w64-mingw32/4.8/../../../../i686-w64-mingw32/lib/../lib/libuuid.a(lib32_libuuid_a-uuid.o)
                0x000000000040dbcc                CPFG_SMARTCARD_USERNAME