Archive member included because of file (symbol)

build/release/api/nsis/libpluginapi.a(pluginapi.o)
                              build/release/Math/Source/Math.o (popstring@4)
/usr/lib/gcc/i686-w64-mingw32/4.8/../../../../i686-w64-mingw32/lib/../lib/libkernel32.a(dnqfbs01140.o)
                              /usr/lib/gcc/i686-w64-mingw32/4.8/../../../../i686-w64-mingw32/lib/../lib/dllcrt2.o (_imp__Sleep@4)
/usr/lib/gcc/i686-w64-mingw32/4.8/../../../../i686-w64-mingw32/lib/../lib/libkernel32.a(dnqfbs00533.o)
                              /usr/lib/gcc/i686-w64-mingw32/4.8/crtbegin.o (_imp__GetModuleHandleA@4)
/usr/lib/gcc/i686-w64-mingw32/4.8/../../../../i686-w64-mingw32/lib/../lib/libkernel32.a(dnqfbs00581.o)
                              /usr/lib/gcc/i686-w64-mingw32/4.8/crtbegin.o (_imp__GetProcAddress@8)
/usr/lib/gcc/i686-w64-mingw32/4.8/../../../../i686-w64-mingw32/lib/../lib/libkernel32.a(dnqfbs01292.o)
                              build/release/Math/Source/Math.o (_imp__lstrcmpA@8)
/usr/lib/gcc/i686-w64-mingw32/4.8/../../../../i686-w64-mingw32/lib/../lib/libkernel32.a(dnqfbs01298.o)
                              build/release/Math/Source/Math.o (_imp__lstrcpyA@8)
/usr/lib/gcc/i686-w64-mingw32/4.8/../../../../i686-w64-mingw32/lib/../lib/libkernel32.a(dnqfbs01304.o)
                              build/release/Math/Source/Math.o (_imp__lstrlenA@4)
/usr/lib/gcc/i686-w64-mingw32/4.8/../../../../i686-w64-mingw32/lib/../lib/libkernel32.a(dnqfbs00702.o)
                              build/release/Math/Source/Math.o (_imp__GlobalFree@4)
/usr/lib/gcc/i686-w64-mingw32/4.8/../../../../i686-w64-mingw32/lib/../lib/libkernel32.a(dnqfbs01289.o)
                              build/release/Math/Source/Math.o (_imp__lstrcatA@8)
/usr/lib/gcc/i686-w64-mingw32/4.8/../../../../i686-w64-mingw32/lib/../lib/libkernel32.a(dnqfbs00695.o)
                              build/release/Math/Source/Math.o (_imp__GlobalAlloc@8)
/usr/lib/gcc/i686-w64-mingw32/4.8/../../../../i686-w64-mingw32/lib/../lib/libkernel32.a(dnqfbs01301.o)
                              build/release/api/nsis/libpluginapi.a(pluginapi.o) (_imp__lstrcpynA@12)
/usr/lib/gcc/i686-w64-mingw32/4.8/../../../../i686-w64-mingw32/lib/../lib/libkernel32.a(dnqfbh.o)
                              /usr/lib/gcc/i686-w64-mingw32/4.8/../../../../i686-w64-mingw32/lib/../lib/libkernel32.a(dnqfbs01140.o) (_head_lib32_libkernel32_a)
/usr/lib/gcc/i686-w64-mingw32/4.8/../../../../i686-w64-mingw32/lib/../lib/libkernel32.a(dnqfbt.o)
                              /usr/lib/gcc/i686-w64-mingw32/4.8/../../../../i686-w64-mingw32/lib/../lib/libkernel32.a(dnqfbh.o) (_lib32_libkernel32_a_iname)
/usr/lib/gcc/i686-w64-mingw32/4.8/../../../../i686-w64-mingw32/lib/../lib/libuser32.a(dbukbs00644.o)
                              build/release/api/nsis/libpluginapi.a(pluginapi.o) (_imp__wsprintfA)
/usr/lib/gcc/i686-w64-mingw32/4.8/../../../../i686-w64-mingw32/lib/../lib/libuser32.a(dbukbh.o)
                              /usr/lib/gcc/i686-w64-mingw32/4.8/../../../../i686-w64-mingw32/lib/../lib/libuser32.a(dbukbs00644.o) (_head_lib32_libuser32_a)
/usr/lib/gcc/i686-w64-mingw32/4.8/../../../../i686-w64-mingw32/lib/../lib/libuser32.a(dbukbt.o)
                              /usr/lib/gcc/i686-w64-mingw32/4.8/../../../../i686-w64-mingw32/lib/../lib/libuser32.a(dbukbh.o) (_lib32_libuser32_a_iname)
/usr/lib/gcc/i686-w64-mingw32/4.8/../../../../i686-w64-mingw32/lib/../lib/libmingw32.a(lib32_libmingw32_a-atonexit.o)
                              /usr/lib/gcc/i686-w64-mingw32/4.8/../../../../i686-w64-mingw32/lib/../lib/dllcrt2.o (__onexitbegin)
/usr/lib/gcc/i686-w64-mingw32/4.8/../../../../i686-w64-mingw32/lib/../lib/libmingw32.a(lib32_libmingw32_a-natstart.o)
                              /usr/lib/gcc/i686-w64-mingw32/4.8/../../../../i686-w64-mingw32/lib/../lib/dllcrt2.o (__native_startup_lock)
/usr/lib/gcc/i686-w64-mingw32/4.8/../../../../i686-w64-mingw32/lib/../lib/libmingw32.a(lib32_libmingw32_a-tlssup.o)
                              /usr/lib/gcc/i686-w64-mingw32/4.8/../../../../i686-w64-mingw32/lib/../lib/dllcrt2.o (__dyn_tls_init_callback)
/usr/lib/gcc/i686-w64-mingw32/4.8/../../../../i686-w64-mingw32/lib/../lib/libmingw32.a(lib32_libmingw32_a-cinitexe.o)
                              /usr/lib/gcc/i686-w64-mingw32/4.8/../../../../i686-w64-mingw32/lib/../lib/dllcrt2.o (__xc_z)
/usr/lib/gcc/i686-w64-mingw32/4.8/../../../../i686-w64-mingw32/lib/../lib/libmingw32.a(lib32_libmingw32_a-mingw_helpers.o)
                              /usr/lib/gcc/i686-w64-mingw32/4.8/../../../../i686-w64-mingw32/lib/../lib/dllcrt2.o (_decode_pointer)
/usr/lib/gcc/i686-w64-mingw32/4.8/../../../../i686-w64-mingw32/lib/../lib/libmingw32.a(lib32_libmingw32_a-pseudo-reloc.o)
                              /usr/lib/gcc/i686-w64-mingw32/4.8/../../../../i686-w64-mingw32/lib/../lib/dllcrt2.o (_pei386_runtime_relocator)
/usr/lib/gcc/i686-w64-mingw32/4.8/../../../../i686-w64-mingw32/lib/../lib/libmingw32.a(lib32_libmingw32_a-gccmain.o)
[...]
Memory Configuration

Name             Origin             Length             Attributes
*default*        0x0000000000000000 0xffffffffffffffff

Linker script and memory map

                0x000000006c480000                __image_base__ = 0x6c480000
                0x0000000000000000                __dll__ = 0x0
                0x000000006c480000                ___ImageBase = 0x6c480000
                0x0000000000001000                __section_alignment__ = 0x1000
                0x0000000000000200                __file_alignment__ = 0x200
                0x0000000000000004                __major_os_version__ = 0x4
                0x0000000000000000                __minor_os_version__ = 0x0
                0x0000000000000001                __major_image_version__ = 0x1
                0x0000000000000000                __minor_image_version__ = 0x0
                0x0000000000000004                __major_subsystem_version__ = 0x4
                0x0000000000000000                __minor_subsystem_version__ = 0x0
                0x0000000000000002                __subsystem__ = 0x2
                0x0000000000200000                __size_of_stack_reserve__ = 0x200000
                0x0000000000001000                __size_of_stack_commit__ = 0x1000
                0x0000000000100000                __size_of_heap_reserve__ = 0x100000
                0x0000000000001000                __size_of_heap_commit__ = 0x1000
                0x0000000000000000                __loader_flags__ = 0x0
                0x0000000000000000                __dll_characteristics__ = 0x0
LOAD /usr/lib/gcc/i686-w64-mingw32/4.8/../../../../i686-w64-mingw32/lib/../lib/dllcrt2.o
LOAD /usr/lib/gcc/i686-w64-mingw32/4.8/crtbegin.o
LOAD build/release/Math/Source/Math.o
LOAD build/release/Math/Source/MyMath.o
LOAD build/release/Math/Source/plugin.o
LOAD build/release/api/nsis/libpluginapi.a
LOAD /usr/lib/gcc/i686-w64-mingw32/4.8/../../../../i686-w64-mingw32/lib/../lib/libkernel32.a
LOAD /usr/lib/gcc/i686-w64-mingw32/4.8/../../../../i686-w64-mingw32/lib/../lib/libuser32.a
LOAD /usr/lib/gcc/i686-w64-mingw32/4.8/libstdc++.a
LOAD /usr/lib/gcc/i686-w64-mingw32/4.8/../../../../i686-w64-mingw32/lib/../lib/libmingw32.a
LOAD /usr/lib/gcc/i686-w64-mingw32/4.8/libgcc.a
LOAD /usr/lib/gcc/i686-w64-mingw32/4.8/libgcc_eh.a
LOAD /usr/lib/gcc/i686-w64-mingw32/4.8/../../../../i686-w64-mingw32/lib/../lib/libmoldname.a
LOAD /usr/lib/gcc/i686-w64-mingw32/4.8/../../../../i686-w64-mingw32/lib/../lib/libmingwex.a
LOAD /usr/lib/gcc/i686-w64-mingw32/4.8/../../../../i686-w64-mingw32/lib/../lib/libmsvcrt.a
LOAD /usr/lib/gcc/i686-w64-mingw32/4.8/../../../../i686-w64-mingw32/lib/../lib/libpthread.dll.a
LOAD /usr/lib/gcc/i686-w64-mingw32/4.8/../../../../i686-w64-mingw32/lib/../lib/libgdi32.a
LOAD /usr/lib/gcc/i686-w64-mingw32/4.8/../../../../i686-w64-mingw32/lib/../lib/libcomdlg32.a
LOAD /usr/lib/gcc/i686-w64-mingw32/4.8/../../../../i686-w64-mingw32/lib/../lib/libadvapi32.a
LOAD /usr/lib/gcc/i686-w64-mingw32/4.8/../../../../i686-w64-mingw32/lib/../lib/libshell32.a
LOAD /usr/lib/gcc/i686-w64-mingw32/4.8/../../../../i686-w64-mingw32/lib/../lib/libuser32.a
LOAD /usr/lib/gcc/i686-w64-mingw32/4.8/../../../../i686-w64-mingw32/lib/../lib/libkernel32.a
LOAD /usr/lib/gcc/i686-w64-mingw32/4.8/../../../../i686-w64-mingw32/lib/../lib/libmingw32.a
LOAD /usr/lib/gcc/i686-w64-mingw32/4.8/libgcc.a
LOAD /usr/lib/gcc/i686-w64-mingw32/4.8/libgcc_eh.a
LOAD /usr/lib/gcc/i686-w64-mingw32/4.8/../../../../i686-w64-mingw32/lib/../lib/libmoldname.a
LOAD /usr/lib/gcc/i686-w64-mingw32/4.8/../../../../i686-w64-mingw32/lib/../lib/libmingwex.a
LOAD /usr/lib/gcc/i686-w64-mingw32/4.8/../../../../i686-w64-mingw32/lib/../lib/libmsvcrt.a
LOAD /usr/lib/gcc/i686-w64-mingw32/4.8/crtend.o
                0x00000000000002e0                . = SIZEOF_HEADERS
                0x0000000000001000                . = ALIGN (__section_alignment__)

.text           0x000000006c481000     0x5a00
 *(.init)
 *(.text)
 .text          0x000000006c481000      0x460 /usr/lib/gcc/i686-w64-mingw32/4.8/../../../../i686-w64-mingw32/lib/../lib/dllcrt2.o
                0x000000006c481040                _CRT_INIT@12
                0x000000006c481420                DllMainCRTStartup@12
 .text          0x000000006c481460       0x60 /usr/lib/gcc/i686-w64-mingw32/4.8/crtbegin.o
                0x000000006c481460                __gcc_register_frame
                0x000000006c4814b0                __gcc_deregister_frame
 .text          0x000000006c4814c0     0x2424 build/release/Math/Source/Math.o
                0x000000006c4814c7                FindVariable(char*)
                0x000000006c4815a3                PlaceVariable(char*&, __ParseInfo*)
                0x000000006c4815d3                PlaceNewItem(char*&, __ParseInfo*, int)
                0x000000006c48165d                PlaceOp(char*&, int, int, __ParseInfo*)
                0x000000006c4816ec                CheckForOperator(char*&, char*&, __ParseInfo*)
                0x000000006c48177a                CleanupItems(__ExpressionItem*&)
                0x000000006c48180e                PlaceFunction(char*&, char*&, __ParseInfo*, int)
                0x000000006c481a94                ParseString(char*&, __ExpressionItem*&)
                0x000000006c481e71                CleanupArray(__ArrayDesc*)
                0x000000006c481ebd                CopyArray(__ExpressionItem*&)
                0x000000006c481f2a                ItemToType(__ExpressionItem*&, int)
                0x000000006c4820c1                SaveResult(__ExpressionItem*, __ExpressionItem*)
                0x000000006c4821dd                RunTree(__ExpressionItem*, __ExpressionItem*&, int)
                0x000000006c48371b                RunAndGetConst(int, __ExpressionItem*&, int)
                0x000000006c483752                Script
                0x000000006c4837f6                CleanAll(int)
                0x000000006c4838ba                DllMain@12
 .text          0x000000006c4838e4      0x600 build/release/Math/Source/MyMath.o
                0x000000006c4838e4                StringToItem(char*&, __ExpressionItem*, int)
                0x000000006c483c18                itoa64(long long, char*)
                0x000000006c483d01                FloatFormat(char*, double, int)
                0x000000006c483dc8                ItemToString(char*, __ExpressionItem*)
                0x000000006c483e9d                lstrcmpn(char*, char const*, int)
 .text          0x000000006c483ee4      0x19c build/release/Math/Source/plugin.o
                0x000000006c483ee4                AllocString()
                0x000000006c483f04                AllocItem()
                0x000000006c483f3e                AllocArray(int)
                0x000000006c483fc5                CopyItem(__ExpressionItem*, int)
 .text          0x000000006c484080      0x378 build/release/api/nsis/libpluginapi.a(pluginapi.o)
                0x000000006c484080                popstring@4
                0x000000006c4840d3                popstringn@8
                0x000000006c484137                pushstring@4
                0x000000006c48419a                getuservariable@4
                0x000000006c4841ba                setuservariable@8
                0x000000006c4841e8                myatoi@4
                0x000000006c48427f                myatou@4
                0x000000006c48429f                myatoi_or@4
                0x000000006c48434e                popint@0
                0x000000006c484386                popint_or@0
                0x000000006c4843be                pushint@4
 .text          0x000000006c4843f8        0x0 /usr/lib/gcc/i686-w64-mingw32/4.8/../../../../i686-w64-mingw32/lib/../lib/libkernel32.a(dnqfbh.o)
 .text          0x000000006c4843f8        0x0 /usr/lib/gcc/i686-w64-mingw32/4.8/../../../../i686-w64-mingw32/lib/../lib/libkernel32.a(dnqfbt.o)
 .text          0x000000006c4843f8        0x0 /usr/lib/gcc/i686-w64-mingw32/4.8/../../../../i686-w64-mingw32/lib/../lib/libuser32.a(dbukbh.o)
 .text          0x000000006c4843f8        0x0 /usr/lib/gcc/i686-w64-mingw32/4.8/../../../../i686-w64-mingw32/lib/../lib/libuser32.a(dbukbt.o)
 *fill*         0x000000006c4843f8        0x8 
 .text          0x000000006c484400       0xe0 /usr/lib/gcc/i686-w64-mingw32/4.8/../../../../i686-w64-mingw32/lib/../lib/libmingw32.a(lib32_libmingw32_a-atonexit.o)
                0x000000006c484400                mingw_onexit
                0x000000006c4844c0                atexit
 .text          0x000000006c4844e0        0x0 /usr/lib/gcc/i686-w64-mingw32/4.8/../../../../i686-w64-mingw32/lib/../lib/libmingw32.a(lib32_libmingw32_a-natstart.o)
 .text          0x000000006c4844e0       0xe0 /usr/lib/gcc/i686-w64-mingw32/4.8/../../../../i686-w64-mingw32/lib/../lib/libmingw32.a(lib32_libmingw32_a-tlssup.o)
                0x000000006c484530                __dyn_tls_init@12
                0x000000006c4845b0                __tlregdtor
 .text          0x000000006c4845c0        0x0 /usr/lib/gcc/i686-w64-mingw32/4.8/../../../../i686-w64-mingw32/lib/../lib/libmingw32.a(lib32_libmingw32_a-cinitexe.o)
 .text          0x000000006c4845c0       0x20 /usr/lib/gcc/i686-w64-mingw32/4.8/../../../../i686-w64-mingw32/lib/../lib/libmingw32.a(lib32_libmingw32_a-mingw_helpers.o)
                0x000000006c4845c0                _decode_pointer
                0x000000006c4845d0                _encode_pointer
 .text          0x000000006c4845e0      0x570 /usr/lib/gcc/i686-w64-mingw32/4.8/../../../../i686-w64-mingw32/lib/../lib/libmingw32.a(lib32_libmingw32_a-pseudo-reloc.o)
                0x000000006c484880                _pei386_runtime_relocator
 .text          0x000000006c484b50       0xa0 /usr/lib/gcc/i686-w64-mingw32/4.8/../../../../i686-w64-mingw32/lib/../lib/libmingw32.a(lib32_libmingw32_a-gccmain.o)
                0x000000006c484b50                __do_global_dtors
                0x000000006c484b80                __do_global_ctors
                0x000000006c484bd0                __main
 .text          0x000000006c484bf0      0x140 /usr/lib/gcc/i686-w64-mingw32/4.8/../../../../i686-w64-mingw32/lib/../lib/libmingw32.a(lib32_libmingw32_a-gs_support.o)
                0x000000006c484bf0                __security_init_cookie
                0x000000006c484ca0                __report_gsfailure
 .text          0x000000006c484d30       0x10 /usr/lib/gcc/i686-w64-mingw32/4.8/../../../../i686-w64-mingw32/lib/../lib/libmingw32.a(lib32_libmingw32_a-CRT_fp10.o)
                0x000000006c484d30                _fpreset
                0x000000006c484d30                fpreset
 .text          0x000000006c484d40        0x0 /usr/lib/gcc/i686-w64-mingw32/4.8/../../../../i686-w64-mingw32/lib/../lib/libmingw32.a(lib32_libmingw32_a-tlsmcrt.o)
 .text          0x000000006c484d40      0x250 /usr/lib/gcc/i686-w64-mingw32/4.8/../../../../i686-w64-mingw32/lib/../lib/libmingw32.a(lib32_libmingw32_a-tlsthrd.o)
                0x000000006c484dc0                ___w64_mingwthr_add_key_dtor
                0x000000006c484e50                ___w64_mingwthr_remove_key_dtor
                0x000000006c484ef0                __mingw_TLScallback
 .text          0x000000006c484f90        0x0 /usr/lib/gcc/i686-w64-mingw32/4.8/../../../../i686-w64-mingw32/lib/../lib/libmingw32.a(lib32_libmingw32_a-pseudo-reloc-list.o)
 .text          0x000000006c484f90      0x340 /usr/lib/gcc/i686-w64-mingw32/4.8/../../../../i686-w64-mingw32/lib/../lib/libmingw32.a(lib32_libmingw32_a-pesect.o)
                0x000000006c484fb0                _ValidateImageBase
                0x000000006c484fd0                _FindPESection
                0x000000006c485010                _FindPESectionByName
                0x000000006c4850b0                __mingw_GetSectionForAddress
                0x000000006c485100                __mingw_GetSectionCount
                0x000000006c485130                _FindPESectionExec
                0x000000006c4851a0                _GetPEImageBase
                0x000000006c4851d0                _IsNonwritableInCurrentImage
                0x000000006c485230                __mingw_enum_import_library_names
 .text          0x000000006c4852d0      0x160 /usr/lib/gcc/i686-w64-mingw32/4.8/libgcc.a(_divdi3.o)
                0x000000006c4852d0                __divdi3
 .text          0x000000006c485430      0x1a0 /usr/lib/gcc/i686-w64-mingw32/4.8/libgcc.a(_moddi3.o)
                0x000000006c485430                __moddi3
 .text          0x000000006c4855d0       0x2c /usr/lib/gcc/i686-w64-mingw32/4.8/libgcc.a(_chkstk_ms.o)
                0x000000006c4855d0                __chkstk_ms
 .text          0x000000006c4855fc        0x0 /usr/lib/gcc/i686-w64-mingw32/4.8/libgcc.a(_ctors.o)
 *fill*         0x000000006c4855fc        0x4 
 .text          0x000000006c485600       0x10 /usr/lib/gcc/i686-w64-mingw32/4.8/../../../../i686-w64-mingw32/lib/../lib/libmingwex.a(lib32_libmingwex_a-dllentry.o)
                0x000000006c485600                DllEntryPoint@12
 .text          0x000000006c485610       0x60 /usr/lib/gcc/i686-w64-mingw32/4.8/../../../../i686-w64-mingw32/lib/../lib/libmingwex.a(lib32_libmingwex_a-modf.o)
                0x000000006c485610                modf
 .text          0x000000006c485670       0xc0 /usr/lib/gcc/i686-w64-mingw32/4.8/../../../../i686-w64-mingw32/lib/../lib/libmingwex.a(lib32_libmingwex_a-sin.o)
                0x000000006c485670                sin
 .text          0x000000006c485730       0xc0 /usr/lib/gcc/i686-w64-mingw32/4.8/../../../../i686-w64-mingw32/lib/../lib/libmingwex.a(lib32_libmingwex_a-cos.o)
                0x000000006c485730                cos
 .text          0x000000006c4857f0      0x100 /usr/lib/gcc/i686-w64-mingw32/4.8/../../../../i686-w64-mingw32/lib/../lib/libmingwex.a(lib32_libmingwex_a-log.o)
                0x000000006c4857f0                log
 .text          0x000000006c4858f0      0x1c0 /usr/lib/gcc/i686-w64-mingw32/4.8/../../../../i686-w64-mingw32/lib/../lib/libmingwex.a(lib32_libmingwex_a-exp.o)
                0x000000006c4858f0                exp
 .text          0x000000006c485ab0       0xf0 /usr/lib/gcc/i686-w64-mingw32/4.8/../../../../i686-w64-mingw32/lib/../lib/libmingwex.a(lib32_libmingwex_a-sqrt.o)
                0x000000006c485ab0                sqrt
 .text          0x000000006c485ba0       0x2c /usr/lib/gcc/i686-w64-mingw32/4.8/../../../../i686-w64-mingw32/lib/../lib/libmingwex.a(lib32_libmingwex_a-ceil.o)
                0x000000006c485ba0                ceil
 *fill*         0x000000006c485bcc        0x4 
 .text          0x000000006c485bd0       0x30 /usr/lib/gcc/i686-w64-mingw32/4.8/../../../../i686-w64-mingw32/lib/../lib/libmingwex.a(lib32_libmingwex_a-floor.o)
                0x000000006c485bd0                floor
 .text          0x000000006c485c00      0x650 /usr/lib/gcc/i686-w64-mingw32/4.8/../../../../i686-w64-mingw32/lib/../lib/libmingwex.a(lib32_libmingwex_a-pow.o)
                0x000000006c485c60                pow
 .text          0x000000006c486250       0x20 /usr/lib/gcc/i686-w64-mingw32/4.8/../../../../i686-w64-mingw32/lib/../lib/libmingwex.a(lib32_libmingwex_a-fmod.o)
                0x000000006c486250                fmod
 .text          0x000000006c486270       0x28 /usr/lib/gcc/i686-w64-mingw32/4.8/../../../../i686-w64-mingw32/lib/../lib/libmingwex.a(lib32_libmingwex_a-sinl_internal.o)
                0x000000006c486270                __sinl_internal
 .text          0x000000006c486298       0x28 /usr/lib/gcc/i686-w64-mingw32/4.8/../../../../i686-w64-mingw32/lib/../lib/libmingwex.a(lib32_libmingwex_a-cosl_internal.o)
                0x000000006c486298                __cosl_internal
 .text          0x000000006c4862c0       0x3c /usr/lib/gcc/i686-w64-mingw32/4.8/../../../../i686-w64-mingw32/lib/../lib/libmingwex.a(lib32_libmingwex_a-internal_logl.o)
                0x000000006c4862d0                __logl_internal
 *fill*         0x000000006c4862fc        0x4 
 .text          0x000000006c486300       0x80 /usr/lib/gcc/i686-w64-mingw32/4.8/../../../../i686-w64-mingw32/lib/../lib/libmingwex.a(lib32_libmingwex_a-ldexp.o)
                0x000000006c486300                ldexp
 .text          0x000000006c486380       0x48 /usr/lib/gcc/i686-w64-mingw32/4.8/../../../../i686-w64-mingw32/lib/../lib/libmingwex.a(lib32_libmingwex_a-log2l.o)
                0x000000006c486390                log2l
 .text          0x000000006c4863c8       0x50 /usr/lib/gcc/i686-w64-mingw32/4.8/../../../../i686-w64-mingw32/lib/../lib/libmingwex.a(lib32_libmingwex_a-exp2l.o)
                0x000000006c4863c8                exp2l
 *fill*         0x000000006c486418        0x8 
 .text          0x000000006c486420      0x220 /usr/lib/gcc/i686-w64-mingw32/4.8/../../../../i686-w64-mingw32/lib/../lib/libmingwex.a(lib32_libmingwex_a-powi.o)
                0x000000006c486420                __powi
 .text          0x000000006c486640        0x8 /usr/lib/gcc/i686-w64-mingw32/4.8/../../../../i686-w64-mingw32/lib/../lib/libmsvcrt.a(dgxfbs00934.o)
                0x000000006c486640                malloc
 .text          0x000000006c486648        0x8 /usr/lib/gcc/i686-w64-mingw32/4.8/../../../../i686-w64-mingw32/lib/../lib/libmsvcrt.a(dgxfbs00142.o)
                0x000000006c486648                _amsg_exit
 .text          0x000000006c486650        0x8 /usr/lib/gcc/i686-w64-mingw32/4.8/../../../../i686-w64-mingw32/lib/../lib/libmsvcrt.a(dgxfbs00879.o)
                0x000000006c486650                free
 .text          0x000000006c486658        0x8 /usr/lib/gcc/i686-w64-mingw32/4.8/../../../../i686-w64-mingw32/lib/../lib/libmsvcrt.a(dgxfbs00304.o)
                0x000000006c486658                _initterm
 .text          0x000000006c486660        0x8 /usr/lib/gcc/i686-w64-mingw32/4.8/../../../../i686-w64-mingw32/lib/../lib/libmsvcrt.a(dgxfbs00971.o)
                0x000000006c486660                sinh
 .text          0x000000006c486668        0x8 /usr/lib/gcc/i686-w64-mingw32/4.8/../../../../i686-w64-mingw32/lib/../lib/libmsvcrt.a(dgxfbs01092.o)
                0x000000006c486668                asin
 .text          0x000000006c486670        0x8 /usr/lib/gcc/i686-w64-mingw32/4.8/../../../../i686-w64-mingw32/lib/../lib/libmsvcrt.a(dgxfbs00852.o)
                0x000000006c486670                cosh
 .text          0x000000006c486678        0x8 /usr/lib/gcc/i686-w64-mingw32/4.8/../../../../i686-w64-mingw32/lib/../lib/libmsvcrt.a(dgxfbs01090.o)
                0x000000006c486678                acos
 .text          0x000000006c486680        0x8 /usr/lib/gcc/i686-w64-mingw32/4.8/../../../../i686-w64-mingw32/lib/../lib/libmsvcrt.a(dgxfbs01105.o)
                0x000000006c486680                tan
 .text          0x000000006c486688        0x8 /usr/lib/gcc/i686-w64-mingw32/4.8/../../../../i686-w64-mingw32/lib/../lib/libmsvcrt.a(dgxfbs01106.o)
                0x000000006c486688                tanh
 .text          0x000000006c486690        0x8 /usr/lib/gcc/i686-w64-mingw32/4.8/../../../../i686-w64-mingw32/lib/../lib/libmsvcrt.a(dgxfbs01093.o)
                0x000000006c486690                atan
 .text          0x000000006c486698        0x8 /usr/lib/gcc/i686-w64-mingw32/4.8/../../../../i686-w64-mingw32/lib/../lib/libmsvcrt.a(dgxfbs00933.o)
                0x000000006c486698                log10
 .text          0x000000006c4866a0        0x8 /usr/lib/gcc/i686-w64-mingw32/4.8/../../../../i686-w64-mingw32/lib/../lib/libmsvcrt.a(dgxfbs01094.o)
                0x000000006c4866a0                atan2
 .text          0x000000006c4866a8        0x8 /usr/lib/gcc/i686-w64-mingw32/4.8/../../../../i686-w64-mingw32/lib/../lib/libmsvcrt.a(dgxfbs00882.o)
                0x000000006c4866a8                frexp
 .text          0x000000006c4866b0        0x8 /usr/lib/gcc/i686-w64-mingw32/4.8/../../../../i686-w64-mingw32/lib/../lib/libmsvcrt.a(dgxfbs00972.o)
                0x000000006c4866b0                sprintf
 .text          0x000000006c4866b8        0x0 /usr/lib/gcc/i686-w64-mingw32/4.8/../../../../i686-w64-mingw32/lib/../lib/libmsvcrt.a(dgxfbs00562.o)
 .text          0x000000006c4866b8        0x8 /usr/lib/gcc/i686-w64-mingw32/4.8/../../../../i686-w64-mingw32/lib/../lib/libmsvcrt.a(dgxfbs00405.o)
                0x000000006c4866b8                _lock
 .text          0x000000006c4866c0        0x8 /usr/lib/gcc/i686-w64-mingw32/4.8/../../../../i686-w64-mingw32/lib/../lib/libmsvcrt.a(dgxfbs00055.o)
                0x000000006c4866c0                __dllonexit
 .text          0x000000006c4866c8        0x8 /usr/lib/gcc/i686-w64-mingw32/4.8/../../../../i686-w64-mingw32/lib/../lib/libmsvcrt.a(dgxfbs00752.o)
                0x000000006c4866c8                _unlock
 .text          0x000000006c4866d0        0x0 /usr/lib/gcc/i686-w64-mingw32/4.8/../../../../i686-w64-mingw32/lib/../lib/libmsvcrt.a(dgxfbs00308.o)
 .text          0x000000006c4866d0        0x8 /usr/lib/gcc/i686-w64-mingw32/4.8/../../../../i686-w64-mingw32/lib/../lib/libmsvcrt.a(dgxfbs00890.o)
                0x000000006c4866d0                fwrite
 .text          0x000000006c4866d8        0x8 /usr/lib/gcc/i686-w64-mingw32/4.8/../../../../i686-w64-mingw32/lib/../lib/libmsvcrt.a(dgxfbs01118.o)
                0x000000006c4866d8                vfprintf
 .text          0x000000006c4866e0        0x8 /usr/lib/gcc/i686-w64-mingw32/4.8/../../../../i686-w64-mingw32/lib/../lib/libmsvcrt.a(dgxfbs01088.o)
                0x000000006c4866e0                abort
 .text          0x000000006c4866e8        0x8 /usr/lib/gcc/i686-w64-mingw32/4.8/../../../../i686-w64-mingw32/lib/../lib/libmsvcrt.a(dgxfbs00942.o)
                0x000000006c4866e8                memcpy
 .text          0x000000006c4866f0        0x8 /usr/lib/gcc/i686-w64-mingw32/4.8/../../../../i686-w64-mingw32/lib/../lib/libmsvcrt.a(dgxfbs00846.o)
                0x000000006c4866f0                calloc
 .text          0x000000006c4866f8        0x8 /usr/lib/gcc/i686-w64-mingw32/4.8/../../../../i686-w64-mingw32/lib/../lib/libmsvcrt.a(dgxfbs00989.o)
                0x000000006c4866f8                strlen
 .text          0x000000006c486700        0x8 /usr/lib/gcc/i686-w64-mingw32/4.8/../../../../i686-w64-mingw32/lib/../lib/libmsvcrt.a(dgxfbs00992.o)
                0x000000006c486700                strncmp
 .text          0x000000006c486708        0x8 /usr/lib/gcc/i686-w64-mingw32/4.8/../../../../i686-w64-mingw32/lib/../lib/libmsvcrt.a(dgxfbs00208.o)
                0x000000006c486708                _errno
 .text          0x000000006c486710        0x0 /usr/lib/gcc/i686-w64-mingw32/4.8/../../../../i686-w64-mingw32/lib/../lib/libmsvcrt.a(dgxfbh.o)
 .text          0x000000006c486710        0x0 /usr/lib/gcc/i686-w64-mingw32/4.8/../../../../i686-w64-mingw32/lib/../lib/libmsvcrt.a(dgxfbt.o)
 .text          0x000000006c486710       0xc0 /usr/lib/gcc/i686-w64-mingw32/4.8/../../../../i686-w64-mingw32/lib/../lib/libmingw32.a(lib32_libmingw32_a-merr.o)
                0x000000006c486710                __mingw_raise_matherr
                0x000000006c486760                __mingw_setusermatherr
                0x000000006c486770                _matherr
 .text          0x000000006c4867d0        0x8 /usr/lib/gcc/i686-w64-mingw32/4.8/../../../../i686-w64-mingw32/lib/../lib/libmsvcrt.a(dgxfbs00107.o)
                0x000000006c4867d0                __setusermatherr
 .text          0x000000006c4867d8        0x8 /usr/lib/gcc/i686-w64-mingw32/4.8/../../../../i686-w64-mingw32/lib/../lib/libmsvcrt.a(dgxfbs00872.o)
                0x000000006c4867d8                fprintf
 .text          0x000000006c4867e0        0x0 /usr/lib/gcc/i686-w64-mingw32/4.8/crtend.o
 *(SORT(.text$*))
 .text$fabs     0x000000006c4867e0        0xc build/release/Math/Source/Math.o
                0x000000006c4867e0                fabs
 *(.text.*)
 *fill*         0x000000006c4867ec        0x4 
 .text.startup  0x000000006c4867f0       0x20 /usr/lib/gcc/i686-w64-mingw32/4.8/crtend.o
 *(.gnu.linkonce.t.*)
 *(.glue_7t)
 *(.glue_7)
                0x000000006c486810                ___CTOR_LIST__ = .
                0x000000006c486810                __CTOR_LIST__ = .
                0x000000006c486810        0x4 LONG 0xffffffffffffffff
 *(.ctors)
 *(.ctor)
 *(SORT(.ctors.*))
 .ctors.65535   0x000000006c486814        0x4 /usr/lib/gcc/i686-w64-mingw32/4.8/crtend.o
                0x000000006c486818        0x4 LONG 0x0
                0x000000006c48681c                ___DTOR_LIST__ = .
                0x000000006c48681c                __DTOR_LIST__ = .
                0x000000006c48681c        0x4 LONG 0xffffffffffffffff
 *(.dtors)
 *(.dtor)
 *(SORT(.dtors.*))
                0x000000006c486820        0x4 LONG 0x0
 *(.fini)
 *(.gcc_exc)
                0x000000006c486824                PROVIDE (etext, .)
                0x000000006c486824                PROVIDE (_etext, .)
 *(.gcc_except_table)

.data           0x000000006c487000      0x200
                0x000000006c487000                __data_start__ = .
 *(.data)
 .data          0x000000006c487000        0x0 /usr/lib/gcc/i686-w64-mingw32/4.8/../../../../i686-w64-mingw32/lib/../lib/dllcrt2.o
 .data          0x000000006c487000        0x0 /usr/lib/gcc/i686-w64-mingw32/4.8/crtbegin.o
 .data          0x000000006c487000        0x4 build/release/Math/Source/Math.o
                0x000000006c487000                _fltused
 .data          0x000000006c487004        0x0 build/release/Math/Source/MyMath.o
 .data          0x000000006c487004        0x0 build/release/Math/Source/plugin.o
 .data          0x000000006c487004        0x0 build/release/api/nsis/libpluginapi.a(pluginapi.o)
 .data          0x000000006c487004        0x0 /usr/lib/gcc/i686-w64-mingw32/4.8/../../../../i686-w64-mingw32/lib/../lib/libkernel32.a(dnqfbs01140.o)
 .data          0x000000006c487004        0x0 /usr/lib/gcc/i686-w64-mingw32/4.8/../../../../i686-w64-mingw32/lib/../lib/libkernel32.a(dnqfbs00533.o)
 .data          0x000000006c487004        0x0 /usr/lib/gcc/i686-w64-mingw32/4.8/../../../../i686-w64-mingw32/lib/../lib/libkernel32.a(dnqfbs00581.o)
 .data          0x000000006c487004        0x0 /usr/lib/gcc/i686-w64-mingw32/4.8/../../../../i686-w64-mingw32/lib/../lib/libkernel32.a(dnqfbs01292.o)
 .data          0x000000006c487004        0x0 /usr/lib/gcc/i686-w64-mingw32/4.8/../../../../i686-w64-mingw32/lib/../lib/libkernel32.a(dnqfbs01298.o)
 .data          0x000000006c487004        0x0 /usr/lib/gcc/i686-w64-mingw32/4.8/../../../../i686-w64-mingw32/lib/../lib/libkernel32.a(dnqfbs01304.o)
 .data          0x000000006c487004        0x0 /usr/lib/gcc/i686-w64-mingw32/4.8/../../../../i686-w64-mingw32/lib/../lib/libkernel32.a(dnqfbs00702.o)
 .data          0x000000006c487004        0x0 /usr/lib/gcc/i686-w64-mingw32/4.8/../../../../i686-w64-mingw32/lib/../lib/libkernel32.a(dnqfbs01289.o)
 .data          0x000000006c487004        0x0 /usr/lib/gcc/i686-w64-mingw32/4.8/../../../../i686-w64-mingw32/lib/../lib/libkernel32.a(dnqfbs00695.o)
 .data          0x000000006c487004        0x0 /usr/lib/gcc/i686-w64-mingw32/4.8/../../../../i686-w64-mingw32/lib/../lib/libkernel32.a(dnqfbs01301.o)
 .data          0x000000006c487004        0x0 /usr/lib/gcc/i686-w64-mingw32/4.8/../../../../i686-w64-mingw32/lib/../lib/libkernel32.a(dnqfbh.o)
 .data          0x000000006c487004        0x0 /usr/lib/gcc/i686-w64-mingw32/4.8/../../../../i686-w64-mingw32/lib/../lib/libkernel32.a(dnqfbt.o)
 .data          0x000000006c487004        0x0 /usr/lib/gcc/i686-w64-mingw32/4.8/../../../../i686-w64-mingw32/lib/../lib/libuser32.a(dbukbs00644.o)
 .data          0x000000006c487004        0x0 /usr/lib/gcc/i686-w64-mingw32/4.8/../../../../i686-w64-mingw32/lib/../lib/libuser32.a(dbukbh.o)
 .data          0x000000006c487004        0x0 /usr/lib/gcc/i686-w64-mingw32/4.8/../../../../i686-w64-mingw32/lib/../lib/libuser32.a(dbukbt.o)
 .data          0x000000006c487004        0x0 /usr/lib/gcc/i686-w64-mingw32/4.8/../../../../i686-w64-mingw32/lib/../lib/libmingw32.a(lib32_libmingw32_a-atonexit.o)
 .data          0x000000006c487004        0x8 /usr/lib/gcc/i686-w64-mingw32/4.8/../../../../i686-w64-mingw32/lib/../lib/libmingw32.a(lib32_libmingw32_a-natstart.o)
                0x000000006c487004                __native_vcclrit_reason
                0x000000006c487008                __native_dllmain_reason
 .data          0x000000006c48700c        0x0 /usr/lib/gcc/i686-w64-mingw32/4.8/../../../../i686-w64-mingw32/lib/../lib/libmingw32.a(lib32_libmingw32_a-tlssup.o)
 .data          0x000000006c48700c        0x0 /usr/lib/gcc/i686-w64-mingw32/4.8/../../../../i686-w64-mingw32/lib/../lib/libmingw32.a(lib32_libmingw32_a-cinitexe.o)
 .data          0x000000006c48700c        0x0 /usr/lib/gcc/i686-w64-mingw32/4.8/../../../../i686-w64-mingw32/lib/../lib/libmingw32.a(lib32_libmingw32_a-mingw_helpers.o)
 .data          0x000000006c48700c        0x0 /usr/lib/gcc/i686-w64-mingw32/4.8/../../../../i686-w64-mingw32/lib/../lib/libmingw32.a(lib32_libmingw32_a-pseudo-reloc.o)
 .data          0x000000006c48700c        0x4 /usr/lib/gcc/i686-w64-mingw32/4.8/../../../../i686-w64-mingw32/lib/../lib/libmingw32.a(lib32_libmingw32_a-gccmain.o)
 .data          0x000000006c487010        0x0 /usr/lib/gcc/i686-w64-mingw32/4.8/../../../../i686-w64-mingw32/lib/../lib/libmingw32.a(lib32_libmingw32_a-gs_support.o)
 .data          0x000000006c487010        0x0 /usr/lib/gcc/i686-w64-mingw32/4.8/../../../../i686-w64-mingw32/lib/../lib/libmingw32.a(lib32_libmingw32_a-CRT_fp10.o)
 .data          0x000000006c487010        0x4 /usr/lib/gcc/i686-w64-mingw32/4.8/../../../../i686-w64-mingw32/lib/../lib/libmingw32.a(lib32_libmingw32_a-tlsmcrt.o)
                0x000000006c487010                _CRT_MT
 .data          0x000000006c487014        0x0 /usr/lib/gcc/i686-w64-mingw32/4.8/../../../../i686-w64-mingw32/lib/../lib/libmingw32.a(lib32_libmingw32_a-tlsthrd.o)
 .data          0x000000006c487014        0x0 /usr/lib/gcc/i686-w64-mingw32/4.8/../../../../i686-w64-mingw32/lib/../lib/libmingw32.a(lib32_libmingw32_a-pseudo-reloc-list.o)
 .data          0x000000006c487014        0x0 /usr/lib/gcc/i686-w64-mingw32/4.8/../../../../i686-w64-mingw32/lib/../lib/libmingw32.a(lib32_libmingw32_a-pesect.o)
 .data          0x000000006c487014        0x0 /usr/lib/gcc/i686-w64-mingw32/4.8/libgcc.a(_divdi3.o)
 .data          0x000000006c487014        0x0 /usr/lib/gcc/i686-w64-mingw32/4.8/libgcc.a(_moddi3.o)
 .data          0x000000006c487014        0x0 /usr/lib/gcc/i686-w64-mingw32/4.8/libgcc.a(_chkstk_ms.o)
 .data          0x000000006c487014        0x0 /usr/lib/gcc/i686-w64-mingw32/4.8/libgcc.a(_ctors.o)
 .data          0x000000006c487014        0x0 /usr/lib/gcc/i686-w64-mingw32/4.8/../../../../i686-w64-mingw32/lib/../lib/libmingwex.a(lib32_libmingwex_a-dllentry.o)
 .data          0x000000006c487014        0x0 /usr/lib/gcc/i686-w64-mingw32/4.8/../../../../i686-w64-mingw32/lib/../lib/libmingwex.a(lib32_libmingwex_a-modf.o)
 .data          0x000000006c487014        0x0 /usr/lib/gcc/i686-w64-mingw32/4.8/../../../../i686-w64-mingw32/lib/../lib/libmingwex.a(lib32_libmingwex_a-sin.o)
 .data          0x000000006c487014        0x0 /usr/lib/gcc/i686-w64-mingw32/4.8/../../../../i686-w64-mingw32/lib/../lib/libmingwex.a(lib32_libmingwex_a-cos.o)
 .data          0x000000006c487014        0x0 /usr/lib/gcc/i686-w64-mingw32/4.8/../../../../i686-w64-mingw32/lib/../lib/libmingwex.a(lib32_libmingwex_a-log.o)
 *fill*         0x000000006c487014        0xc 
 .data          0x000000006c487020       0x20 /usr/lib/gcc/i686-w64-mingw32/4.8/../../../../i686-w64-mingw32/lib/../lib/libmingwex.a(lib32_libmingwex_a-exp.o)
 .data          0x000000006c487040        0x0 /usr/lib/gcc/i686-w64-mingw32/4.8/../../../../i686-w64-mingw32/lib/../lib/libmingwex.a(lib32_libmingwex_a-sqrt.o)
 .data          0x000000006c487040        0x0 /usr/lib/gcc/i686-w64-mingw32/4.8/../../../../i686-w64-mingw32/lib/../lib/libmingwex.a(lib32_libmingwex_a-ceil.o)
 .data          0x000000006c487040        0x0 /usr/lib/gcc/i686-w64-mingw32/4.8/../../../../i686-w64-mingw32/lib/../lib/libmingwex.a(lib32_libmingwex_a-floor.o)
 .data          0x000000006c487040        0x0 /usr/lib/gcc/i686-w64-mingw32/4.8/../../../../i686-w64-mingw32/lib/../lib/libmingwex.a(lib32_libmingwex_a-pow.o)
 .data          0x000000006c487040        0x0 /usr/lib/gcc/i686-w64-mingw32/4.8/../../../../i686-w64-mingw32/lib/../lib/libmingwex.a(lib32_libmingwex_a-fmod.o)
 .data          0x000000006c487040        0x0 /usr/lib/gcc/i686-w64-mingw32/4.8/../../../../i686-w64-mingw32/lib/../lib/libmingwex.a(lib32_libmingwex_a-sinl_internal.o)
 .data          0x000000006c487040        0x0 /usr/lib/gcc/i686-w64-mingw32/4.8/../../../../i686-w64-mingw32/lib/../lib/libmingwex.a(lib32_libmingwex_a-cosl_internal.o)
 .data          0x000000006c487040        0x0 /usr/lib/gcc/i686-w64-mingw32/4.8/../../../../i686-w64-mingw32/lib/../lib/libmingwex.a(lib32_libmingwex_a-internal_logl.o)
 .data          0x000000006c487040        0x0 /usr/lib/gcc/i686-w64-mingw32/4.8/../../../../i686-w64-mingw32/lib/../lib/libmingwex.a(lib32_libmingwex_a-ldexp.o)
 .data          0x000000006c487040        0x0 /usr/lib/gcc/i686-w64-mingw32/4.8/../../../../i686-w64-mingw32/lib/../lib/libmingwex.a(lib32_libmingwex_a-log2l.o)
 .data          0x000000006c487040        0x0 /usr/lib/gcc/i686-w64-mingw32/4.8/../../../../i686-w64-mingw32/lib/../lib/libmingwex.a(lib32_libmingwex_a-exp2l.o)
 .data          0x000000006c487040        0x0 /usr/lib/gcc/i686-w64-mingw32/4.8/../../../../i686-w64-mingw32/lib/../lib/libmingwex.a(lib32_libmingwex_a-powi.o)
 .data          0x000000006c487040        0x0 /usr/lib/gcc/i686-w64-mingw32/4.8/../../../../i686-w64-mingw32/lib/../lib/libmsvcrt.a(dgxfbs00934.o)
 .data          0x000000006c487040        0x0 /usr/lib/gcc/i686-w64-mingw32/4.8/../../../../i686-w64-mingw32/lib/../lib/libmsvcrt.a(dgxfbs00142.o)
 .data          0x000000006c487040        0x0 /usr/lib/gcc/i686-w64-mingw32/4.8/../../../../i686-w64-mingw32/lib/../lib/libmsvcrt.a(dgxfbs00879.o)
 .data          0x000000006c487040        0x0 /usr/lib/gcc/i686-w64-mingw32/4.8/../../../../i686-w64-mingw32/lib/../lib/libmsvcrt.a(dgxfbs00304.o)
 .data          0x000000006c487040        0x0 /usr/lib/gcc/i686-w64-mingw32/4.8/../../../../i686-w64-mingw32/lib/../lib/libmsvcrt.a(dgxfbs00971.o)
 .data          0x000000006c487040        0x0 /usr/lib/gcc/i686-w64-mingw32/4.8/../../../../i686-w64-mingw32/lib/../lib/libmsvcrt.a(dgxfbs01092.o)
 .data          0x000000006c487040        0x0 /usr/lib/gcc/i686-w64-mingw32/4.8/../../../../i686-w64-mingw32/lib/../lib/libmsvcrt.a(dgxfbs00852.o)
 .data          0x000000006c487040        0x0 /usr/lib/gcc/i686-w64-mingw32/4.8/../../../../i686-w64-mingw32/lib/../lib/libmsvcrt.a(dgxfbs01090.o)
 .data          0x000000006c487040        0x0 /usr/lib/gcc/i686-w64-mingw32/4.8/../../../../i686-w64-mingw32/lib/../lib/libmsvcrt.a(dgxfbs01105.o)
 .data          0x000000006c487040        0x0 /usr/lib/gcc/i686-w64-mingw32/4.8/../../../../i686-w64-mingw32/lib/../lib/libmsvcrt.a(dgxfbs01106.o)
 .data          0x000000006c487040        0x0 /usr/lib/gcc/i686-w64-mingw32/4.8/../../../../i686-w64-mingw32/lib/../lib/libmsvcrt.a(dgxfbs01093.o)
 .data          0x000000006c487040        0x0 /usr/lib/gcc/i686-w64-mingw32/4.8/../../../../i686-w64-mingw32/lib/../lib/libmsvcrt.a(dgxfbs00933.o)
 .data          0x000000006c487040        0x0 /usr/lib/gcc/i686-w64-mingw32/4.8/../../../../i686-w64-mingw32/lib/../lib/libmsvcrt.a(dgxfbs01094.o)
 .data          0x000000006c487040        0x0 /usr/lib/gcc/i686-w64-mingw32/4.8/../../../../i686-w64-mingw32/lib/../lib/libmsvcrt.a(dgxfbs00882.o)
 .data          0x000000006c487040        0x0 /usr/lib/gcc/i686-w64-mingw32/4.8/../../../../i686-w64-mingw32/lib/../lib/libmsvcrt.a(dgxfbs00972.o)
 .data          0x000000006c487040        0x0 /usr/lib/gcc/i686-w64-mingw32/4.8/../../../../i686-w64-mingw32/lib/../lib/libmsvcrt.a(dgxfbs00562.o)
 .data          0x000000006c487040        0x0 /usr/lib/gcc/i686-w64-mingw32/4.8/../../../../i686-w64-mingw32/lib/../lib/libmsvcrt.a(dgxfbs00405.o)
 .data          0x000000006c487040        0x0 /usr/lib/gcc/i686-w64-mingw32/4.8/../../../../i686-w64-mingw32/lib/../lib/libmsvcrt.a(dgxfbs00055.o)
 .data          0x000000006c487040        0x0 /usr/lib/gcc/i686-w64-mingw32/4.8/../../../../i686-w64-mingw32/lib/../lib/libmsvcrt.a(dgxfbs00752.o)
 .data          0x000000006c487040        0x0 /usr/lib/gcc/i686-w64-mingw32/4.8/../../../../i686-w64-mingw32/lib/../lib/libmsvcrt.a(dgxfbs00308.o)
 .data          0x000000006c487040        0x0 /usr/lib/gcc/i686-w64-mingw32/4.8/../../../../i686-w64-mingw32/lib/../lib/libmsvcrt.a(dgxfbs00890.o)
 .data          0x000000006c487040        0x0 /usr/lib/gcc/i686-w64-mingw32/4.8/../../../../i686-w64-mingw32/lib/../lib/libmsvcrt.a(dgxfbs01118.o)
 .data          0x000000006c487040        0x0 /usr/lib/gcc/i686-w64-mingw32/4.8/../../../../i686-w64-mingw32/lib/../lib/libmsvcrt.a(dgxfbs01088.o)
 .data          0x000000006c487040        0x0 /usr/lib/gcc/i686-w64-mingw32/4.8/../../../../i686-w64-mingw32/lib/../lib/libmsvcrt.a(dgxfbs00942.o)
 .data          0x000000006c487040        0x0 /usr/lib/gcc/i686-w64-mingw32/4.8/../../../../i686-w64-mingw32/lib/../lib/libmsvcrt.a(dgxfbs00846.o)
 .data          0x000000006c487040        0x0 /usr/lib/gcc/i686-w64-mingw32/4.8/../../../../i686-w64-mingw32/lib/../lib/libmsvcrt.a(dgxfbs00989.o)
 .data          0x000000006c487040        0x0 /usr/lib/gcc/i686-w64-mingw32/4.8/../../../../i686-w64-mingw32/lib/../lib/libmsvcrt.a(dgxfbs00992.o)
 .data          0x000000006c487040        0x0 /usr/lib/gcc/i686-w64-mingw32/4.8/../../../../i686-w64-mingw32/lib/../lib/libmsvcrt.a(dgxfbs00208.o)
 .data          0x000000006c487040        0x0 /usr/lib/gcc/i686-w64-mingw32/4.8/../../../../i686-w64-mingw32/lib/../lib/libmsvcrt.a(dgxfbh.o)
 .data          0x000000006c487040        0x0 /usr/lib/gcc/i686-w64-mingw32/4.8/../../../../i686-w64-mingw32/lib/../lib/libmsvcrt.a(dgxfbt.o)
 .data          0x000000006c487040        0x0 /usr/lib/gcc/i686-w64-mingw32/4.8/../../../../i686-w64-mingw32/lib/../lib/libkernel32.a(dnqfbs01209.o)
 .data          0x000000006c487040        0x0 /usr/lib/gcc/i686-w64-mingw32/4.8/../../../../i686-w64-mingw32/lib/../lib/libkernel32.a(dnqfbs01206.o)
 .data          0x000000006c487040        0x0 /usr/lib/gcc/i686-w64-mingw32/4.8/../../../../i686-w64-mingw32/lib/../lib/libkernel32.a(dnqfbs00515.o)
 .data          0x000000006c487040        0x0 /usr/lib/gcc/i686-w64-mingw32/4.8/../../../../i686-w64-mingw32/lib/../lib/libkernel32.a(dnqfbs00635.o)
 .data          0x000000006c487040        0x0 /usr/lib/gcc/i686-w64-mingw32/4.8/../../../../i686-w64-mingw32/lib/../lib/libkernel32.a(dnqfbs00453.o)
 .data          0x000000006c487040        0x0 /usr/lib/gcc/i686-w64-mingw32/4.8/../../../../i686-w64-mingw32/lib/../lib/libkernel32.a(dnqfbs00457.o)
 .data          0x000000006c487040        0x0 /usr/lib/gcc/i686-w64-mingw32/4.8/../../../../i686-w64-mingw32/lib/../lib/libkernel32.a(dnqfbs00663.o)
 .data          0x000000006c487040        0x0 /usr/lib/gcc/i686-w64-mingw32/4.8/../../../../i686-w64-mingw32/lib/../lib/libkernel32.a(dnqfbs00915.o)
 .data          0x000000006c487040        0x0 /usr/lib/gcc/i686-w64-mingw32/4.8/../../../../i686-w64-mingw32/lib/../lib/libkernel32.a(dnqfbs01127.o)
 .data          0x000000006c487040        0x0 /usr/lib/gcc/i686-w64-mingw32/4.8/../../../../i686-w64-mingw32/lib/../lib/libkernel32.a(dnqfbs01174.o)
 .data          0x000000006c487040        0x0 /usr/lib/gcc/i686-w64-mingw32/4.8/../../../../i686-w64-mingw32/lib/../lib/libkernel32.a(dnqfbs00452.o)
 .data          0x000000006c487040        0x0 /usr/lib/gcc/i686-w64-mingw32/4.8/../../../../i686-w64-mingw32/lib/../lib/libkernel32.a(dnqfbs01154.o)
 .data          0x000000006c487040        0x0 /usr/lib/gcc/i686-w64-mingw32/4.8/../../../../i686-w64-mingw32/lib/../lib/libkernel32.a(dnqfbs00239.o)
 .data          0x000000006c487040        0x0 /usr/lib/gcc/i686-w64-mingw32/4.8/../../../../i686-w64-mingw32/lib/../lib/libkernel32.a(dnqfbs01161.o)
 .data          0x000000006c487040        0x0 /usr/lib/gcc/i686-w64-mingw32/4.8/../../../../i686-w64-mingw32/lib/../lib/libkernel32.a(dnqfbs00806.o)
 .data          0x000000006c487040        0x0 /usr/lib/gcc/i686-w64-mingw32/4.8/../../../../i686-w64-mingw32/lib/../lib/libkernel32.a(dnqfbs00212.o)
 .data          0x000000006c487040        0x0 /usr/lib/gcc/i686-w64-mingw32/4.8/../../../../i686-w64-mingw32/lib/../lib/libkernel32.a(dnqfbs00747.o)
 .data          0x000000006c487040        0x0 /usr/lib/gcc/i686-w64-mingw32/4.8/../../../../i686-w64-mingw32/lib/../lib/libmingw32.a(lib32_libmingw32_a-merr.o)
 .data          0x000000006c487040        0x0 /usr/lib/gcc/i686-w64-mingw32/4.8/../../../../i686-w64-mingw32/lib/../lib/libmsvcrt.a(dgxfbs00107.o)
 .data          0x000000006c487040        0x0 /usr/lib/gcc/i686-w64-mingw32/4.8/../../../../i686-w64-mingw32/lib/../lib/libmsvcrt.a(dgxfbs00872.o)
 .data          0x000000006c487040        0x0 /usr/lib/gcc/i686-w64-mingw32/4.8/crtend.o
 *(.data2)
 *(SORT(.data$*))
 .data$__security_cookie
                0x000000006c487040        0x4 /usr/lib/gcc/i686-w64-mingw32/4.8/../../../../i686-w64-mingw32/lib/../lib/libmingw32.a(lib32_libmingw32_a-gs_support.o)
                0x000000006c487040                __security_cookie
 .data$__security_cookie_complement
                0x000000006c487044        0x4 /usr/lib/gcc/i686-w64-mingw32/4.8/../../../../i686-w64-mingw32/lib/../lib/libmingw32.a(lib32_libmingw32_a-gs_support.o)
                0x000000006c487044                __security_cookie_complement
 *(.jcr)
 .jcr           0x000000006c487048        0x0 /usr/lib/gcc/i686-w64-mingw32/4.8/crtbegin.o
 .jcr           0x000000006c487048        0x4 /usr/lib/gcc/i686-w64-mingw32/4.8/crtend.o
                0x000000006c48704c                __data_end__ = .
 *(.data_cygwin_nocopy)

.rdata          0x000000006c488000      0x800
 *(.rdata)
 .rdata         0x000000006c488000       0x24 /usr/lib/gcc/i686-w64-mingw32/4.8/crtbegin.o
 .rdata         0x000000006c488024      0x1f4 build/release/Math/Source/Math.o
 .rdata         0x000000006c488218       0x50 build/release/Math/Source/MyMath.o
 .rdata         0x000000006c488268        0x4 build/release/api/nsis/libpluginapi.a(pluginapi.o)
 .rdata         0x000000006c48826c        0x4 /usr/lib/gcc/i686-w64-mingw32/4.8/../../../../i686-w64-mingw32/lib/../lib/libmingw32.a(lib32_libmingw32_a-tlssup.o)
                0x000000006c48826c                __dyn_tls_init_callback
 .rdata         0x000000006c488270       0xf8 /usr/lib/gcc/i686-w64-mingw32/4.8/../../../../i686-w64-mingw32/lib/../lib/libmingw32.a(lib32_libmingw32_a-pseudo-reloc.o)
 .rdata         0x000000006c488368        0x8 /usr/lib/gcc/i686-w64-mingw32/4.8/../../../../i686-w64-mingw32/lib/../lib/libmingw32.a(lib32_libmingw32_a-gs_support.o)
 .rdata         0x000000006c488370        0x8 /usr/lib/gcc/i686-w64-mingw32/4.8/../../../../i686-w64-mingw32/lib/../lib/libmingwex.a(lib32_libmingwex_a-sin.o)
 .rdata         0x000000006c488378        0x8 /usr/lib/gcc/i686-w64-mingw32/4.8/../../../../i686-w64-mingw32/lib/../lib/libmingwex.a(lib32_libmingwex_a-cos.o)
 .rdata         0x000000006c488380       0x10 /usr/lib/gcc/i686-w64-mingw32/4.8/../../../../i686-w64-mingw32/lib/../lib/libmingwex.a(lib32_libmingwex_a-log.o)
 .rdata         0x000000006c488390       0x18 /usr/lib/gcc/i686-w64-mingw32/4.8/../../../../i686-w64-mingw32/lib/../lib/libmingwex.a(lib32_libmingwex_a-exp.o)
 .rdata         0x000000006c4883a8       0x14 /usr/lib/gcc/i686-w64-mingw32/4.8/../../../../i686-w64-mingw32/lib/../lib/libmingwex.a(lib32_libmingwex_a-sqrt.o)
 *fill*         0x000000006c4883bc        0x4 
 .rdata         0x000000006c4883c0       0x30 /usr/lib/gcc/i686-w64-mingw32/4.8/../../../../i686-w64-mingw32/lib/../lib/libmingwex.a(lib32_libmingwex_a-pow.o)
 .rdata         0x000000006c4883f0       0x18 /usr/lib/gcc/i686-w64-mingw32/4.8/../../../../i686-w64-mingw32/lib/../lib/libmingwex.a(lib32_libmingwex_a-powi.o)
 .rdata         0x000000006c488408      0x134 /usr/lib/gcc/i686-w64-mingw32/4.8/../../../../i686-w64-mingw32/lib/../lib/libmingw32.a(lib32_libmingw32_a-merr.o)
 *(SORT(.rdata$*))
 .rdata$zzz     0x000000006c48853c       0x14 /usr/lib/gcc/i686-w64-mingw32/4.8/../../../../i686-w64-mingw32/lib/../lib/dllcrt2.o
 .rdata$zzz     0x000000006c488550       0x14 /usr/lib/gcc/i686-w64-mingw32/4.8/crtbegin.o
 .rdata$zzz     0x000000006c488564       0x14 build/release/Math/Source/Math.o
 .rdata$zzz     0x000000006c488578       0x14 build/release/Math/Source/MyMath.o
 .rdata$zzz     0x000000006c48858c       0x14 build/release/Math/Source/plugin.o
 .rdata$zzz     0x000000006c4885a0       0x14 build/release/api/nsis/libpluginapi.a(pluginapi.o)
 .rdata$zzz     0x000000006c4885b4       0x14 /usr/lib/gcc/i686-w64-mingw32/4.8/../../../../i686-w64-mingw32/lib/../lib/libmingw32.a(lib32_libmingw32_a-atonexit.o)
 .rdata$zzz     0x000000006c4885c8       0x14 /usr/lib/gcc/i686-w64-mingw32/4.8/../../../../i686-w64-mingw32/lib/../lib/libmingw32.a(lib32_libmingw32_a-natstart.o)
 .rdata$zzz     0x000000006c4885dc       0x14 /usr/lib/gcc/i686-w64-mingw32/4.8/../../../../i686-w64-mingw32/lib/../lib/libmingw32.a(lib32_libmingw32_a-tlssup.o)
 .rdata$zzz     0x000000006c4885f0       0x14 /usr/lib/gcc/i686-w64-mingw32/4.8/../../../../i686-w64-mingw32/lib/../lib/libmingw32.a(lib32_libmingw32_a-cinitexe.o)
 .rdata$zzz     0x000000006c488604       0x14 /usr/lib/gcc/i686-w64-mingw32/4.8/../../../../i686-w64-mingw32/lib/../lib/libmingw32.a(lib32_libmingw32_a-mingw_helpers.o)
 .rdata$zzz     0x000000006c488618       0x14 /usr/lib/gcc/i686-w64-mingw32/4.8/../../../../i686-w64-mingw32/lib/../lib/libmingw32.a(lib32_libmingw32_a-pseudo-reloc.o)
 .rdata$zzz     0x000000006c48862c       0x14 /usr/lib/gcc/i686-w64-mingw32/4.8/../../../../i686-w64-mingw32/lib/../lib/libmingw32.a(lib32_libmingw32_a-gccmain.o)
 .rdata$zzz     0x000000006c488640       0x14 /usr/lib/gcc/i686-w64-mingw32/4.8/../../../../i686-w64-mingw32/lib/../lib/libmingw32.a(lib32_libmingw32_a-gs_support.o)
 .rdata$zzz     0x000000006c488654       0x14 /usr/lib/gcc/i686-w64-mingw32/4.8/../../../../i686-w64-mingw32/lib/../lib/libmingw32.a(lib32_libmingw32_a-CRT_fp10.o)
 .rdata$zzz     0x000000006c488668       0x14 /usr/lib/gcc/i686-w64-mingw32/4.8/../../../../i686-w64-mingw32/lib/../lib/libmingw32.a(lib32_libmingw32_a-tlsmcrt.o)
 .rdata$zzz     0x000000006c48867c       0x14 /usr/lib/gcc/i686-w64-mingw32/4.8/../../../../i686-w64-mingw32/lib/../lib/libmingw32.a(lib32_libmingw32_a-tlsthrd.o)
 .rdata$zzz     0x000000006c488690       0x14 /usr/lib/gcc/i686-w64-mingw32/4.8/../../../../i686-w64-mingw32/lib/../lib/libmingw32.a(lib32_libmingw32_a-pseudo-reloc-list.o)
 .rdata$zzz     0x000000006c4886a4       0x14 /usr/lib/gcc/i686-w64-mingw32/4.8/../../../../i686-w64-mingw32/lib/../lib/libmingw32.a(lib32_libmingw32_a-pesect.o)
 .rdata$zzz     0x000000006c4886b8       0x14 /usr/lib/gcc/i686-w64-mingw32/4.8/libgcc.a(_divdi3.o)
 .rdata$zzz     0x000000006c4886cc       0x14 /usr/lib/gcc/i686-w64-mingw32/4.8/libgcc.a(_moddi3.o)
 .rdata$zzz     0x000000006c4886e0       0x14 /usr/lib/gcc/i686-w64-mingw32/4.8/libgcc.a(_ctors.o)
 .rdata$zzz     0x000000006c4886f4       0x14 /usr/lib/gcc/i686-w64-mingw32/4.8/../../../../i686-w64-mingw32/lib/../lib/libmingwex.a(lib32_libmingwex_a-dllentry.o)
 .rdata$zzz     0x000000006c488708       0x14 /usr/lib/gcc/i686-w64-mingw32/4.8/../../../../i686-w64-mingw32/lib/../lib/libmingwex.a(lib32_libmingwex_a-modf.o)
 .rdata$zzz     0x000000006c48871c       0x14 /usr/lib/gcc/i686-w64-mingw32/4.8/../../../../i686-w64-mingw32/lib/../lib/libmingwex.a(lib32_libmingwex_a-sin.o)
 .rdata$zzz     0x000000006c488730       0x14 /usr/lib/gcc/i686-w64-mingw32/4.8/../../../../i686-w64-mingw32/lib/../lib/libmingwex.a(lib32_libmingwex_a-cos.o)
 .rdata$zzz     0x000000006c488744       0x14 /usr/lib/gcc/i686-w64-mingw32/4.8/../../../../i686-w64-mingw32/lib/../lib/libmingwex.a(lib32_libmingwex_a-log.o)
 .rdata$zzz     0x000000006c488758       0x14 /usr/lib/gcc/i686-w64-mingw32/4.8/../../../../i686-w64-mingw32/lib/../lib/libmingwex.a(lib32_libmingwex_a-exp.o)
 .rdata$zzz     0x000000006c48876c       0x14 /usr/lib/gcc/i686-w64-mingw32/4.8/../../../../i686-w64-mingw32/lib/../lib/libmingwex.a(lib32_libmingwex_a-sqrt.o)
 .rdata$zzz     0x000000006c488780       0x14 /usr/lib/gcc/i686-w64-mingw32/4.8/../../../../i686-w64-mingw32/lib/../lib/libmingwex.a(lib32_libmingwex_a-pow.o)
 .rdata$zzz     0x000000006c488794       0x14 /usr/lib/gcc/i686-w64-mingw32/4.8/../../../../i686-w64-mingw32/lib/../lib/libmingwex.a(lib32_libmingwex_a-fmod.o)
 .rdata$zzz     0x000000006c4887a8       0x14 /usr/lib/gcc/i686-w64-mingw32/4.8/../../../../i686-w64-mingw32/lib/../lib/libmingwex.a(lib32_libmingwex_a-ldexp.o)
 .rdata$zzz     0x000000006c4887bc       0x14 /usr/lib/gcc/i686-w64-mingw32/4.8/../../../../i686-w64-mingw32/lib/../lib/libmingwex.a(lib32_libmingwex_a-powi.o)
 .rdata$zzz     0x000000006c4887d0       0x14 /usr/lib/gcc/i686-w64-mingw32/4.8/../../../../i686-w64-mingw32/lib/../lib/libmingw32.a(lib32_libmingw32_a-merr.o)
 .rdata$zzz     0x000000006c4887e4       0x14 /usr/lib/gcc/i686-w64-mingw32/4.8/crtend.o
                0x000000006c4887f8                __rt_psrelocs_start = .
 *(.rdata_runtime_pseudo_reloc)
                0x000000006c4887f8                __rt_psrelocs_end = .
                0x0000000000000000                __rt_psrelocs_size = (__rt_psrelocs_end - __rt_psrelocs_start)
                0x000000006c4887f8                ___RUNTIME_PSEUDO_RELOC_LIST_END__ = .
                0x000000006c4887f8                __RUNTIME_PSEUDO_RELOC_LIST_END__ = .
                0x000000006c4887f8                ___RUNTIME_PSEUDO_RELOC_LIST__ = (. - __rt_psrelocs_size)
                0x000000006c4887f8                __RUNTIME_PSEUDO_RELOC_LIST__ = (. - __rt_psrelocs_size)

.eh_frame
 *(.eh_frame*)

.pdata
 *(.pdata)

.bss            0x000000006c489000     0x5ff4
                0x000000006c489000                __bss_start__ = .
 *(.bss)
 .bss           0x000000006c489000        0x4 /usr/lib/gcc/i686-w64-mingw32/4.8/../../../../i686-w64-mingw32/lib/../lib/dllcrt2.o
 .bss           0x000000006c489004        0x0 /usr/lib/gcc/i686-w64-mingw32/4.8/crtbegin.o
 *fill*         0x000000006c489004        0x4 
 .bss           0x000000006c489008     0x5c18 build/release/Math/Source/Math.o
                0x000000006c489008                _infinity
                0x000000006c489010                g_hInstance
                0x000000006c489014                UserFuncs
                0x000000006c48cc14                UserVars
                0x000000006c48ec14                UserFuncsCount
                0x000000006c48ec18                UserVarsCount
                0x000000006c48ec1c                stack
 .bss           0x000000006c48ec20        0x0 build/release/Math/Source/MyMath.o
 .bss           0x000000006c48ec20        0x0 build/release/Math/Source/plugin.o
 .bss           0x000000006c48ec20        0x0 build/release/api/nsis/libpluginapi.a(pluginapi.o)
 .bss           0x000000006c48ec20        0x0 /usr/lib/gcc/i686-w64-mingw32/4.8/../../../../i686-w64-mingw32/lib/../lib/libkernel32.a(dnqfbs01140.o)
 .bss           0x000000006c48ec20        0x0 /usr/lib/gcc/i686-w64-mingw32/4.8/../../../../i686-w64-mingw32/lib/../lib/libkernel32.a(dnqfbs00533.o)
 .bss           0x000000006c48ec20        0x0 /usr/lib/gcc/i686-w64-mingw32/4.8/../../../../i686-w64-mingw32/lib/../lib/libkernel32.a(dnqfbs00581.o)
 .bss           0x000000006c48ec20        0x0 /usr/lib/gcc/i686-w64-mingw32/4.8/../../../../i686-w64-mingw32/lib/../lib/libkernel32.a(dnqfbs01292.o)
 .bss           0x000000006c48ec20        0x0 /usr/lib/gcc/i686-w64-mingw32/4.8/../../../../i686-w64-mingw32/lib/../lib/libkernel32.a(dnqfbs01298.o)
 .bss           0x000000006c48ec20        0x0 /usr/lib/gcc/i686-w64-mingw32/4.8/../../../../i686-w64-mingw32/lib/../lib/libkernel32.a(dnqfbs01304.o)
 .bss           0x000000006c48ec20        0x0 /usr/lib/gcc/i686-w64-mingw32/4.8/../../../../i686-w64-mingw32/lib/../lib/libkernel32.a(dnqfbs00702.o)
 .bss           0x000000006c48ec20        0x0 /usr/lib/gcc/i686-w64-mingw32/4.8/../../../../i686-w64-mingw32/lib/../lib/libkernel32.a(dnqfbs01289.o)
 .bss           0x000000006c48ec20        0x0 /usr/lib/gcc/i686-w64-mingw32/4.8/../../../../i686-w64-mingw32/lib/../lib/libkernel32.a(dnqfbs00695.o)
 .bss           0x000000006c48ec20        0x0 /usr/lib/gcc/i686-w64-mingw32/4.8/../../../../i686-w64-mingw32/lib/../lib/libkernel32.a(dnqfbs01301.o)
 .bss           0x000000006c48ec20        0x0 /usr/lib/gcc/i686-w64-mingw32/4.8/../../../../i686-w64-mingw32/lib/../lib/libkernel32.a(dnqfbh.o)
 .bss           0x000000006c48ec20        0x0 /usr/lib/gcc/i686-w64-mingw32/4.8/../../../../i686-w64-mingw32/lib/../lib/libkernel32.a(dnqfbt.o)
 .bss           0x000000006c48ec20        0x0 /usr/lib/gcc/i686-w64-mingw32/4.8/../../../../i686-w64-mingw32/lib/../lib/libuser32.a(dbukbs00644.o)
 .bss           0x000000006c48ec20        0x0 /usr/lib/gcc/i686-w64-mingw32/4.8/../../../../i686-w64-mingw32/lib/../lib/libuser32.a(dbukbh.o)
 .bss           0x000000006c48ec20        0x0 /usr/lib/gcc/i686-w64-mingw32/4.8/../../../../i686-w64-mingw32/lib/../lib/libuser32.a(dbukbt.o)
 .bss           0x000000006c48ec20        0x0 /usr/lib/gcc/i686-w64-mingw32/4.8/../../../../i686-w64-mingw32/lib/../lib/libmingw32.a(lib32_libmingw32_a-atonexit.o)
 .bss           0x000000006c48ec20        0x0 /usr/lib/gcc/i686-w64-mingw32/4.8/../../../../i686-w64-mingw32/lib/../lib/libmingw32.a(lib32_libmingw32_a-natstart.o)
 .bss           0x000000006c48ec20       0x10 /usr/lib/gcc/i686-w64-mingw32/4.8/../../../../i686-w64-mingw32/lib/../lib/libmingw32.a(lib32_libmingw32_a-tlssup.o)
                0x000000006c48ec20                mingw_initltssuo_force
                0x000000006c48ec24                mingw_initltsdyn_force
                0x000000006c48ec28                mingw_initltsdrot_force
                0x000000006c48ec2c                _tls_index
 .bss           0x000000006c48ec30        0x0 /usr/lib/gcc/i686-w64-mingw32/4.8/../../../../i686-w64-mingw32/lib/../lib/libmingw32.a(lib32_libmingw32_a-cinitexe.o)
 .bss           0x000000006c48ec30        0x4 /usr/lib/gcc/i686-w64-mingw32/4.8/../../../../i686-w64-mingw32/lib/../lib/libmingw32.a(lib32_libmingw32_a-mingw_helpers.o)
                0x000000006c48ec30                mingw_app_type
 .bss           0x000000006c48ec34        0xc /usr/lib/gcc/i686-w64-mingw32/4.8/../../../../i686-w64-mingw32/lib/../lib/libmingw32.a(lib32_libmingw32_a-pseudo-reloc.o)
 .bss           0x000000006c48ec40        0x4 /usr/lib/gcc/i686-w64-mingw32/4.8/../../../../i686-w64-mingw32/lib/../lib/libmingw32.a(lib32_libmingw32_a-gccmain.o)
 *fill*         0x000000006c48ec44       0x1c 
 .bss           0x000000006c48ec60      0x340 /usr/lib/gcc/i686-w64-mingw32/4.8/../../../../i686-w64-mingw32/lib/../lib/libmingw32.a(lib32_libmingw32_a-gs_support.o)
 .bss           0x000000006c48efa0        0x0 /usr/lib/gcc/i686-w64-mingw32/4.8/../../../../i686-w64-mingw32/lib/../lib/libmingw32.a(lib32_libmingw32_a-CRT_fp10.o)
 .bss           0x000000006c48efa0        0x0 /usr/lib/gcc/i686-w64-mingw32/4.8/../../../../i686-w64-mingw32/lib/../lib/libmingw32.a(lib32_libmingw32_a-tlsmcrt.o)
 .bss           0x000000006c48efa0       0x20 /usr/lib/gcc/i686-w64-mingw32/4.8/../../../../i686-w64-mingw32/lib/../lib/libmingw32.a(lib32_libmingw32_a-tlsthrd.o)
 .bss           0x000000006c48efc0        0x4 /usr/lib/gcc/i686-w64-mingw32/4.8/../../../../i686-w64-mingw32/lib/../lib/libmingw32.a(lib32_libmingw32_a-pseudo-reloc-list.o)
 .bss           0x000000006c48efc4        0x0 /usr/lib/gcc/i686-w64-mingw32/4.8/../../../../i686-w64-mingw32/lib/../lib/libmingw32.a(lib32_libmingw32_a-pesect.o)
 .bss           0x000000006c48efc4        0x0 /usr/lib/gcc/i686-w64-mingw32/4.8/libgcc.a(_divdi3.o)
 .bss           0x000000006c48efc4        0x0 /usr/lib/gcc/i686-w64-mingw32/4.8/libgcc.a(_moddi3.o)
 .bss           0x000000006c48efc4        0x0 /usr/lib/gcc/i686-w64-mingw32/4.8/libgcc.a(_chkstk_ms.o)
 .bss           0x000000006c48efc4        0x0 /usr/lib/gcc/i686-w64-mingw32/4.8/libgcc.a(_ctors.o)
 .bss           0x000000006c48efc4        0x0 /usr/lib/gcc/i686-w64-mingw32/4.8/../../../../i686-w64-mingw32/lib/../lib/libmingwex.a(lib32_libmingwex_a-dllentry.o)
 .bss           0x000000006c48efc4        0x0 /usr/lib/gcc/i686-w64-mingw32/4.8/../../../../i686-w64-mingw32/lib/../lib/libmingwex.a(lib32_libmingwex_a-modf.o)
 .bss           0x000000006c48efc4        0x0 /usr/lib/gcc/i686-w64-mingw32/4.8/../../../../i686-w64-mingw32/lib/../lib/libmingwex.a(lib32_libmingwex_a-sin.o)
 .bss           0x000000006c48efc4        0x0 /usr/lib/gcc/i686-w64-mingw32/4.8/../../../../i686-w64-mingw32/lib/../lib/libmingwex.a(lib32_libmingwex_a-cos.o)
 .bss           0x000000006c48efc4        0x0 /usr/lib/gcc/i686-w64-mingw32/4.8/../../../../i686-w64-mingw32/lib/../lib/libmingwex.a(lib32_libmingwex_a-log.o)
 .bss           0x000000006c48efc4        0x0 /usr/lib/gcc/i686-w64-mingw32/4.8/../../../../i686-w64-mingw32/lib/../lib/libmingwex.a(lib32_libmingwex_a-exp.o)
 .bss           0x000000006c48efc4        0x0 /usr/lib/gcc/i686-w64-mingw32/4.8/../../../../i686-w64-mingw32/lib/../lib/libmingwex.a(lib32_libmingwex_a-sqrt.o)
 .bss           0x000000006c48efc4        0x0 /usr/lib/gcc/i686-w64-mingw32/4.8/../../../../i686-w64-mingw32/lib/../lib/libmingwex.a(lib32_libmingwex_a-ceil.o)
 .bss           0x000000006c48efc4        0x0 /usr/lib/gcc/i686-w64-mingw32/4.8/../../../../i686-w64-mingw32/lib/../lib/libmingwex.a(lib32_libmingwex_a-floor.o)
 .bss           0x000000006c48efc4        0x0 /usr/lib/gcc/i686-w64-mingw32/4.8/../../../../i686-w64-mingw32/lib/../lib/libmingwex.a(lib32_libmingwex_a-pow.o)
 .bss           0x000000006c48efc4        0x0 /usr/lib/gcc/i686-w64-mingw32/4.8/../../../../i686-w64-mingw32/lib/../lib/libmingwex.a(lib32_libmingwex_a-fmod.o)
 .bss           0x000000006c48efc4        0x0 /usr/lib/gcc/i686-w64-mingw32/4.8/../../../../i686-w64-mingw32/lib/../lib/libmingwex.a(lib32_libmingwex_a-sinl_internal.o)
 .bss           0x000000006c48efc4        0x0 /usr/lib/gcc/i686-w64-mingw32/4.8/../../../../i686-w64-mingw32/lib/../lib/libmingwex.a(lib32_libmingwex_a-cosl_internal.o)
 .bss           0x000000006c48efc4        0x0 /usr/lib/gcc/i686-w64-mingw32/4.8/../../../../i686-w64-mingw32/lib/../lib/libmingwex.a(lib32_libmingwex_a-internal_logl.o)
 .bss           0x000000006c48efc4        0x0 /usr/lib/gcc/i686-w64-mingw32/4.8/../../../../i686-w64-mingw32/lib/../lib/libmingwex.a(lib32_libmingwex_a-ldexp.o)
 .bss           0x000000006c48efc4        0x0 /usr/lib/gcc/i686-w64-mingw32/4.8/../../../../i686-w64-mingw32/lib/../lib/libmingwex.a(lib32_libmingwex_a-log2l.o)
 .bss           0x000000006c48efc4        0x0 /usr/lib/gcc/i686-w64-mingw32/4.8/../../../../i686-w64-mingw32/lib/../lib/libmingwex.a(lib32_libmingwex_a-exp2l.o)
 .bss           0x000000006c48efc4        0x0 /usr/lib/gcc/i686-w64-mingw32/4.8/../../../../i686-w64-mingw32/lib/../lib/libmingwex.a(lib32_libmingwex_a-powi.o)
 .bss           0x000000006c48efc4        0x0 /usr/lib/gcc/i686-w64-mingw32/4.8/../../../../i686-w64-mingw32/lib/../lib/libmsvcrt.a(dgxfbs00934.o)
 .bss           0x000000006c48efc4        0x0 /usr/lib/gcc/i686-w64-mingw32/4.8/../../../../i686-w64-mingw32/lib/../lib/libmsvcrt.a(dgxfbs00142.o)
 .bss           0x000000006c48efc4        0x0 /usr/lib/gcc/i686-w64-mingw32/4.8/../../../../i686-w64-mingw32/lib/../lib/libmsvcrt.a(dgxfbs00879.o)
 .bss           0x000000006c48efc4        0x0 /usr/lib/gcc/i686-w64-mingw32/4.8/../../../../i686-w64-mingw32/lib/../lib/libmsvcrt.a(dgxfbs00304.o)
 .bss           0x000000006c48efc4        0x0 /usr/lib/gcc/i686-w64-mingw32/4.8/../../../../i686-w64-mingw32/lib/../lib/libmsvcrt.a(dgxfbs00971.o)
 .bss           0x000000006c48efc4        0x0 /usr/lib/gcc/i686-w64-mingw32/4.8/../../../../i686-w64-mingw32/lib/../lib/libmsvcrt.a(dgxfbs01092.o)
 .bss           0x000000006c48efc4        0x0 /usr/lib/gcc/i686-w64-mingw32/4.8/../../../../i686-w64-mingw32/lib/../lib/libmsvcrt.a(dgxfbs00852.o)
 .bss           0x000000006c48efc4        0x0 /usr/lib/gcc/i686-w64-mingw32/4.8/../../../../i686-w64-mingw32/lib/../lib/libmsvcrt.a(dgxfbs01090.o)
 .bss           0x000000006c48efc4        0x0 /usr/lib/gcc/i686-w64-mingw32/4.8/../../../../i686-w64-mingw32/lib/../lib/libmsvcrt.a(dgxfbs01105.o)
 .bss           0x000000006c48efc4        0x0 /usr/lib/gcc/i686-w64-mingw32/4.8/../../../../i686-w64-mingw32/lib/../lib/libmsvcrt.a(dgxfbs01106.o)
 .bss           0x000000006c48efc4        0x0 /usr/lib/gcc/i686-w64-mingw32/4.8/../../../../i686-w64-mingw32/lib/../lib/libmsvcrt.a(dgxfbs01093.o)
 .bss           0x000000006c48efc4        0x0 /usr/lib/gcc/i686-w64-mingw32/4.8/../../../../i686-w64-mingw32/lib/../lib/libmsvcrt.a(dgxfbs00933.o)
 .bss           0x000000006c48efc4        0x0 /usr/lib/gcc/i686-w64-mingw32/4.8/../../../../i686-w64-mingw32/lib/../lib/libmsvcrt.a(dgxfbs01094.o)
 .bss           0x000000006c48efc4        0x0 /usr/lib/gcc/i686-w64-mingw32/4.8/../../../../i686-w64-mingw32/lib/../lib/libmsvcrt.a(dgxfbs00882.o)
 .bss           0x000000006c48efc4        0x0 /usr/lib/gcc/i686-w64-mingw32/4.8/../../../../i686-w64-mingw32/lib/../lib/libmsvcrt.a(dgxfbs00972.o)
 .bss           0x000000006c48efc4        0x0 /usr/lib/gcc/i686-w64-mingw32/4.8/../../../../i686-w64-mingw32/lib/../lib/libmsvcrt.a(dgxfbs00562.o)
 .bss           0x000000006c48efc4        0x0 /usr/lib/gcc/i686-w64-mingw32/4.8/../../../../i686-w64-mingw32/lib/../lib/libmsvcrt.a(dgxfbs00405.o)
 .bss           0x000000006c48efc4        0x0 /usr/lib/gcc/i686-w64-mingw32/4.8/../../../../i686-w64-mingw32/lib/../lib/libmsvcrt.a(dgxfbs00055.o)
 .bss           0x000000006c48efc4        0x0 /usr/lib/gcc/i686-w64-mingw32/4.8/../../../../i686-w64-mingw32/lib/../lib/libmsvcrt.a(dgxfbs00752.o)
 .bss           0x000000006c48efc4        0x0 /usr/lib/gcc/i686-w64-mingw32/4.8/../../../../i686-w64-mingw32/lib/../lib/libmsvcrt.a(dgxfbs00308.o)
 .bss           0x000000006c48efc4        0x0 /usr/lib/gcc/i686-w64-mingw32/4.8/../../../../i686-w64-mingw32/lib/../lib/libmsvcrt.a(dgxfbs00890.o)
 .bss           0x000000006c48efc4        0x0 /usr/lib/gcc/i686-w64-mingw32/4.8/../../../../i686-w64-mingw32/lib/../lib/libmsvcrt.a(dgxfbs01118.o)
 .bss           0x000000006c48efc4        0x0 /usr/lib/gcc/i686-w64-mingw32/4.8/../../../../i686-w64-mingw32/lib/../lib/libmsvcrt.a(dgxfbs01088.o)
 .bss           0x000000006c48efc4        0x0 /usr/lib/gcc/i686-w64-mingw32/4.8/../../../../i686-w64-mingw32/lib/../lib/libmsvcrt.a(dgxfbs00942.o)
 .bss           0x000000006c48efc4        0x0 /usr/lib/gcc/i686-w64-mingw32/4.8/../../../../i686-w64-mingw32/lib/../lib/libmsvcrt.a(dgxfbs00846.o)
 .bss           0x000000006c48efc4        0x0 /usr/lib/gcc/i686-w64-mingw32/4.8/../../../../i686-w64-mingw32/lib/../lib/libmsvcrt.a(dgxfbs00989.o)
 .bss           0x000000006c48efc4        0x0 /usr/lib/gcc/i686-w64-mingw32/4.8/../../../../i686-w64-mingw32/lib/../lib/libmsvcrt.a(dgxfbs00992.o)
 .bss           0x000000006c48efc4        0x0 /usr/lib/gcc/i686-w64-mingw32/4.8/../../../../i686-w64-mingw32/lib/../lib/libmsvcrt.a(dgxfbs00208.o)
 .bss           0x000000006c48efc4        0x0 /usr/lib/gcc/i686-w64-mingw32/4.8/../../../../i686-w64-mingw32/lib/../lib/libmsvcrt.a(dgxfbh.o)
 .bss           0x000000006c48efc4        0x0 /usr/lib/gcc/i686-w64-mingw32/4.8/../../../../i686-w64-mingw32/lib/../lib/libmsvcrt.a(dgxfbt.o)
 .bss           0x000000006c48efc4        0x0 /usr/lib/gcc/i686-w64-mingw32/4.8/../../../../i686-w64-mingw32/lib/../lib/libkernel32.a(dnqfbs01209.o)
 .bss           0x000000006c48efc4        0x0 /usr/lib/gcc/i686-w64-mingw32/4.8/../../../../i686-w64-mingw32/lib/../lib/libkernel32.a(dnqfbs01206.o)
 .bss           0x000000006c48efc4        0x0 /usr/lib/gcc/i686-w64-mingw32/4.8/../../../../i686-w64-mingw32/lib/../lib/libkernel32.a(dnqfbs00515.o)
 .bss           0x000000006c48efc4        0x0 /usr/lib/gcc/i686-w64-mingw32/4.8/../../../../i686-w64-mingw32/lib/../lib/libkernel32.a(dnqfbs00635.o)
 .bss           0x000000006c48efc4        0x0 /usr/lib/gcc/i686-w64-mingw32/4.8/../../../../i686-w64-mingw32/lib/../lib/libkernel32.a(dnqfbs00453.o)
 .bss           0x000000006c48efc4        0x0 /usr/lib/gcc/i686-w64-mingw32/4.8/../../../../i686-w64-mingw32/lib/../lib/libkernel32.a(dnqfbs00457.o)
 .bss           0x000000006c48efc4        0x0 /usr/lib/gcc/i686-w64-mingw32/4.8/../../../../i686-w64-mingw32/lib/../lib/libkernel32.a(dnqfbs00663.o)
 .bss           0x000000006c48efc4        0x0 /usr/lib/gcc/i686-w64-mingw32/4.8/../../../../i686-w64-mingw32/lib/../lib/libkernel32.a(dnqfbs00915.o)
 .bss           0x000000006c48efc4        0x0 /usr/lib/gcc/i686-w64-mingw32/4.8/../../../../i686-w64-mingw32/lib/../lib/libkernel32.a(dnqfbs01127.o)
 .bss           0x000000006c48efc4        0x0 /usr/lib/gcc/i686-w64-mingw32/4.8/../../../../i686-w64-mingw32/lib/../lib/libkernel32.a(dnqfbs01174.o)
 .bss           0x000000006c48efc4        0x0 /usr/lib/gcc/i686-w64-mingw32/4.8/../../../../i686-w64-mingw32/lib/../lib/libkernel32.a(dnqfbs00452.o)
 .bss           0x000000006c48efc4        0x0 /usr/lib/gcc/i686-w64-mingw32/4.8/../../../../i686-w64-mingw32/lib/../lib/libkernel32.a(dnqfbs01154.o)
 .bss           0x000000006c48efc4        0x0 /usr/lib/gcc/i686-w64-mingw32/4.8/../../../../i686-w64-mingw32/lib/../lib/libkernel32.a(dnqfbs00239.o)
 .bss           0x000000006c48efc4        0x0 /usr/lib/gcc/i686-w64-mingw32/4.8/../../../../i686-w64-mingw32/lib/../lib/libkernel32.a(dnqfbs01161.o)
 .bss           0x000000006c48efc4        0x0 /usr/lib/gcc/i686-w64-mingw32/4.8/../../../../i686-w64-mingw32/lib/../lib/libkernel32.a(dnqfbs00806.o)
 .bss           0x000000006c48efc4        0x0 /usr/lib/gcc/i686-w64-mingw32/4.8/../../../../i686-w64-mingw32/lib/../lib/libkernel32.a(dnqfbs00212.o)
 .bss           0x000000006c48efc4        0x0 /usr/lib/gcc/i686-w64-mingw32/4.8/../../../../i686-w64-mingw32/lib/../lib/libkernel32.a(dnqfbs00747.o)
 .bss           0x000000006c48efc4        0x4 /usr/lib/gcc/i686-w64-mingw32/4.8/../../../../i686-w64-mingw32/lib/../lib/libmingw32.a(lib32_libmingw32_a-merr.o)
 .bss           0x000000006c48efc8        0x0 /usr/lib/gcc/i686-w64-mingw32/4.8/../../../../i686-w64-mingw32/lib/../lib/libmsvcrt.a(dgxfbs00107.o)
 .bss           0x000000006c48efc8        0x0 /usr/lib/gcc/i686-w64-mingw32/4.8/../../../../i686-w64-mingw32/lib/../lib/libmsvcrt.a(dgxfbs00872.o)
 .bss           0x000000006c48efc8        0x0 /usr/lib/gcc/i686-w64-mingw32/4.8/crtend.o
 *(COMMON)
 COMMON         0x000000006c48efc8        0xc build/release/api/nsis/libpluginapi.a(pluginapi.o)
                0x000000006c48efc8                g_stacktop
                0x000000006c48efcc                g_variables
                0x000000006c48efd0                g_stringsize
 COMMON         0x000000006c48efd4        0x8 /usr/lib/gcc/i686-w64-mingw32/4.8/../../../../i686-w64-mingw32/lib/../lib/libmingw32.a(lib32_libmingw32_a-atonexit.o)
                0x000000006c48efd4                __onexitend
                0x000000006c48efd8                __onexitbegin
 COMMON         0x000000006c48efdc        0x8 /usr/lib/gcc/i686-w64-mingw32/4.8/../../../../i686-w64-mingw32/lib/../lib/libmingw32.a(lib32_libmingw32_a-natstart.o)
                0x000000006c48efdc                __native_startup_lock
                0x000000006c48efe0                __native_startup_state
 COMMON         0x000000006c48efe4       0x10 /usr/lib/gcc/i686-w64-mingw32/4.8/libgcc.a(_ctors.o)
                0x000000006c48eff4                __bss_end__ = .

.edata          0x000000006c48f000      0x200
 *(.edata)
 .edata         0x000000006c48f000       0x42 dll stuff

/DISCARD/
 *(.debug$S)
 *(.debug$T)
 *(.debug$F)
 *(.drectve)
 *(.note.GNU-stack)
 *(.gnu.lto_*)

.idata          0x000000006c490000      0x800
 SORT(*)(.idata$2)
 .idata$2       0x000000006c490000       0x14 /usr/lib/gcc/i686-w64-mingw32/4.8/../../../../i686-w64-mingw32/lib/../lib/libkernel32.a(dnqfbh.o)
                0x000000006c490000                _head_lib32_libkernel32_a
 .idata$2       0x000000006c490014       0x14 /usr/lib/gcc/i686-w64-mingw32/4.8/../../../../i686-w64-mingw32/lib/../lib/libmsvcrt.a(dgxfbh.o)
                0x000000006c490014                _head_lib32_libmsvcrt_a
 .idata$2       0x000000006c490028       0x14 /usr/lib/gcc/i686-w64-mingw32/4.8/../../../../i686-w64-mingw32/lib/../lib/libuser32.a(dbukbh.o)
                0x000000006c490028                _head_lib32_libuser32_a
 SORT(*)(.idata$3)
                0x000000006c49003c        0x4 LONG 0x0
                0x000000006c490040        0x4 LONG 0x0
                0x000000006c490044        0x4 LONG 0x0
                0x000000006c490048        0x4 LONG 0x0
                0x000000006c49004c        0x4 LONG 0x0
 SORT(*)(.idata$4)
 .idata$4       0x000000006c490050        0x0 /usr/lib/gcc/i686-w64-mingw32/4.8/../../../../i686-w64-mingw32/lib/../lib/libkernel32.a(dnqfbh.o)
 .idata$4       0x000000006c490050        0x4 /usr/lib/gcc/i686-w64-mingw32/4.8/../../../../i686-w64-mingw32/lib/../lib/libkernel32.a(dnqfbs00212.o)
 .idata$4       0x000000006c490054        0x4 /usr/lib/gcc/i686-w64-mingw32/4.8/../../../../i686-w64-mingw32/lib/../lib/libkernel32.a(dnqfbs00239.o)
 .idata$4       0x000000006c490058        0x4 /usr/lib/gcc/i686-w64-mingw32/4.8/../../../../i686-w64-mingw32/lib/../lib/libkernel32.a(dnqfbs00452.o)
 .idata$4       0x000000006c49005c        0x4 /usr/lib/gcc/i686-w64-mingw32/4.8/../../../../i686-w64-mingw32/lib/../lib/libkernel32.a(dnqfbs00453.o)
 .idata$4       0x000000006c490060        0x4 /usr/lib/gcc/i686-w64-mingw32/4.8/../../../../i686-w64-mingw32/lib/../lib/libkernel32.a(dnqfbs00457.o)
 .idata$4       0x000000006c490064        0x4 /usr/lib/gcc/i686-w64-mingw32/4.8/../../../../i686-w64-mingw32/lib/../lib/libkernel32.a(dnqfbs00515.o)
 .idata$4       0x000000006c490068        0x4 /usr/lib/gcc/i686-w64-mingw32/4.8/../../../../i686-w64-mingw32/lib/../lib/libkernel32.a(dnqfbs00533.o)
 .idata$4       0x000000006c49006c        0x4 /usr/lib/gcc/i686-w64-mingw32/4.8/../../../../i686-w64-mingw32/lib/../lib/libkernel32.a(dnqfbs00581.o)
 .idata$4       0x000000006c490070        0x4 /usr/lib/gcc/i686-w64-mingw32/4.8/../../../../i686-w64-mingw32/lib/../lib/libkernel32.a(dnqfbs00635.o)
 .idata$4       0x000000006c490074        0x4 /usr/lib/gcc/i686-w64-mingw32/4.8/../../../../i686-w64-mingw32/lib/../lib/libkernel32.a(dnqfbs00663.o)
 .idata$4       0x000000006c490078        0x4 /usr/lib/gcc/i686-w64-mingw32/4.8/../../../../i686-w64-mingw32/lib/../lib/libkernel32.a(dnqfbs00695.o)
 .idata$4       0x000000006c49007c        0x4 /usr/lib/gcc/i686-w64-mingw32/4.8/../../../../i686-w64-mingw32/lib/../lib/libkernel32.a(dnqfbs00702.o)
 .idata$4       0x000000006c490080        0x4 /usr/lib/gcc/i686-w64-mingw32/4.8/../../../../i686-w64-mingw32/lib/../lib/libkernel32.a(dnqfbs00747.o)
 .idata$4       0x000000006c490084        0x4 /usr/lib/gcc/i686-w64-mingw32/4.8/../../../../i686-w64-mingw32/lib/../lib/libkernel32.a(dnqfbs00806.o)
 .idata$4       0x000000006c490088        0x4 /usr/lib/gcc/i686-w64-mingw32/4.8/../../../../i686-w64-mingw32/lib/../lib/libkernel32.a(dnqfbs00915.o)
 .idata$4       0x000000006c49008c        0x4 /usr/lib/gcc/i686-w64-mingw32/4.8/../../../../i686-w64-mingw32/lib/../lib/libkernel32.a(dnqfbs01127.o)
 .idata$4       0x000000006c490090        0x4 /usr/lib/gcc/i686-w64-mingw32/4.8/../../../../i686-w64-mingw32/lib/../lib/libkernel32.a(dnqfbs01140.o)
 .idata$4       0x000000006c490094        0x4 /usr/lib/gcc/i686-w64-mingw32/4.8/../../../../i686-w64-mingw32/lib/../lib/libkernel32.a(dnqfbs01154.o)
 .idata$4       0x000000006c490098        0x4 /usr/lib/gcc/i686-w64-mingw32/4.8/../../../../i686-w64-mingw32/lib/../lib/libkernel32.a(dnqfbs01161.o)
 .idata$4       0x000000006c49009c        0x4 /usr/lib/gcc/i686-w64-mingw32/4.8/../../../../i686-w64-mingw32/lib/../lib/libkernel32.a(dnqfbs01174.o)
 .idata$4       0x000000006c4900a0        0x4 /usr/lib/gcc/i686-w64-mingw32/4.8/../../../../i686-w64-mingw32/lib/../lib/libkernel32.a(dnqfbs01206.o)
 .idata$4       0x000000006c4900a4        0x4 /usr/lib/gcc/i686-w64-mingw32/4.8/../../../../i686-w64-mingw32/lib/../lib/libkernel32.a(dnqfbs01209.o)
 .idata$4       0x000000006c4900a8        0x4 /usr/lib/gcc/i686-w64-mingw32/4.8/../../../../i686-w64-mingw32/lib/../lib/libkernel32.a(dnqfbs01289.o)
 .idata$4       0x000000006c4900ac        0x4 /usr/lib/gcc/i686-w64-mingw32/4.8/../../../../i686-w64-mingw32/lib/../lib/libkernel32.a(dnqfbs01292.o)
 .idata$4       0x000000006c4900b0        0x4 /usr/lib/gcc/i686-w64-mingw32/4.8/../../../../i686-w64-mingw32/lib/../lib/libkernel32.a(dnqfbs01298.o)
 .idata$4       0x000000006c4900b4        0x4 /usr/lib/gcc/i686-w64-mingw32/4.8/../../../../i686-w64-mingw32/lib/../lib/libkernel32.a(dnqfbs01301.o)
 .idata$4       0x000000006c4900b8        0x4 /usr/lib/gcc/i686-w64-mingw32/4.8/../../../../i686-w64-mingw32/lib/../lib/libkernel32.a(dnqfbs01304.o)
 .idata$4       0x000000006c4900bc        0x4 /usr/lib/gcc/i686-w64-mingw32/4.8/../../../../i686-w64-mingw32/lib/../lib/libkernel32.a(dnqfbt.o)
 .idata$4       0x000000006c4900c0        0x0 /usr/lib/gcc/i686-w64-mingw32/4.8/../../../../i686-w64-mingw32/lib/../lib/libmsvcrt.a(dgxfbh.o)
 .idata$4       0x000000006c4900c0        0x4 /usr/lib/gcc/i686-w64-mingw32/4.8/../../../../i686-w64-mingw32/lib/../lib/libmsvcrt.a(dgxfbs00055.o)
 .idata$4       0x000000006c4900c4        0x4 /usr/lib/gcc/i686-w64-mingw32/4.8/../../../../i686-w64-mingw32/lib/../lib/libmsvcrt.a(dgxfbs00107.o)
 .idata$4       0x000000006c4900c8        0x4 /usr/lib/gcc/i686-w64-mingw32/4.8/../../../../i686-w64-mingw32/lib/../lib/libmsvcrt.a(dgxfbs00142.o)
 .idata$4       0x000000006c4900cc        0x4 /usr/lib/gcc/i686-w64-mingw32/4.8/../../../../i686-w64-mingw32/lib/../lib/libmsvcrt.a(dgxfbs00208.o)
 .idata$4       0x000000006c4900d0        0x4 /usr/lib/gcc/i686-w64-mingw32/4.8/../../../../i686-w64-mingw32/lib/../lib/libmsvcrt.a(dgxfbs00304.o)
 .idata$4       0x000000006c4900d4        0x4 /usr/lib/gcc/i686-w64-mingw32/4.8/../../../../i686-w64-mingw32/lib/../lib/libmsvcrt.a(dgxfbs00308.o)
 .idata$4       0x000000006c4900d8        0x4 /usr/lib/gcc/i686-w64-mingw32/4.8/../../../../i686-w64-mingw32/lib/../lib/libmsvcrt.a(dgxfbs00405.o)
 .idata$4       0x000000006c4900dc        0x4 /usr/lib/gcc/i686-w64-mingw32/4.8/../../../../i686-w64-mingw32/lib/../lib/libmsvcrt.a(dgxfbs00562.o)
 .idata$4       0x000000006c4900e0        0x4 /usr/lib/gcc/i686-w64-mingw32/4.8/../../../../i686-w64-mingw32/lib/../lib/libmsvcrt.a(dgxfbs00752.o)
 .idata$4       0x000000006c4900e4        0x4 /usr/lib/gcc/i686-w64-mingw32/4.8/../../../../i686-w64-mingw32/lib/../lib/libmsvcrt.a(dgxfbs00846.o)
 .idata$4       0x000000006c4900e8        0x4 /usr/lib/gcc/i686-w64-mingw32/4.8/../../../../i686-w64-mingw32/lib/../lib/libmsvcrt.a(dgxfbs00852.o)
 .idata$4       0x000000006c4900ec        0x4 /usr/lib/gcc/i686-w64-mingw32/4.8/../../../../i686-w64-mingw32/lib/../lib/libmsvcrt.a(dgxfbs00872.o)
 .idata$4       0x000000006c4900f0        0x4 /usr/lib/gcc/i686-w64-mingw32/4.8/../../../../i686-w64-mingw32/lib/../lib/libmsvcrt.a(dgxfbs00879.o)
 .idata$4       0x000000006c4900f4        0x4 /usr/lib/gcc/i686-w64-mingw32/4.8/../../../../i686-w64-mingw32/lib/../lib/libmsvcrt.a(dgxfbs00882.o)
 .idata$4       0x000000006c4900f8        0x4 /usr/lib/gcc/i686-w64-mingw32/4.8/../../../../i686-w64-mingw32/lib/../lib/libmsvcrt.a(dgxfbs00890.o)
 .idata$4       0x000000006c4900fc        0x4 /usr/lib/gcc/i686-w64-mingw32/4.8/../../../../i686-w64-mingw32/lib/../lib/libmsvcrt.a(dgxfbs00933.o)
 .idata$4       0x000000006c490100        0x4 /usr/lib/gcc/i686-w64-mingw32/4.8/../../../../i686-w64-mingw32/lib/../lib/libmsvcrt.a(dgxfbs00934.o)
 .idata$4       0x000000006c490104        0x4 /usr/lib/gcc/i686-w64-mingw32/4.8/../../../../i686-w64-mingw32/lib/../lib/libmsvcrt.a(dgxfbs00942.o)
 .idata$4       0x000000006c490108        0x4 /usr/lib/gcc/i686-w64-mingw32/4.8/../../../../i686-w64-mingw32/lib/../lib/libmsvcrt.a(dgxfbs00971.o)
 .idata$4       0x000000006c49010c        0x4 /usr/lib/gcc/i686-w64-mingw32/4.8/../../../../i686-w64-mingw32/lib/../lib/libmsvcrt.a(dgxfbs00972.o)
 .idata$4       0x000000006c490110        0x4 /usr/lib/gcc/i686-w64-mingw32/4.8/../../../../i686-w64-mingw32/lib/../lib/libmsvcrt.a(dgxfbs00989.o)
 .idata$4       0x000000006c490114        0x4 /usr/lib/gcc/i686-w64-mingw32/4.8/../../../../i686-w64-mingw32/lib/../lib/libmsvcrt.a(dgxfbs00992.o)
 .idata$4       0x000000006c490118        0x4 /usr/lib/gcc/i686-w64-mingw32/4.8/../../../../i686-w64-mingw32/lib/../lib/libmsvcrt.a(dgxfbs01088.o)
 .idata$4       0x000000006c49011c        0x4 /usr/lib/gcc/i686-w64-mingw32/4.8/../../../../i686-w64-mingw32/lib/../lib/libmsvcrt.a(dgxfbs01090.o)
 .idata$4       0x000000006c490120        0x4 /usr/lib/gcc/i686-w64-mingw32/4.8/../../../../i686-w64-mingw32/lib/../lib/libmsvcrt.a(dgxfbs01092.o)
 .idata$4       0x000000006c490124        0x4 /usr/lib/gcc/i686-w64-mingw32/4.8/../../../../i686-w64-mingw32/lib/../lib/libmsvcrt.a(dgxfbs01093.o)
 .idata$4       0x000000006c490128        0x4 /usr/lib/gcc/i686-w64-mingw32/4.8/../../../../i686-w64-mingw32/lib/../lib/libmsvcrt.a(dgxfbs01094.o)
 .idata$4       0x000000006c49012c        0x4 /usr/lib/gcc/i686-w64-mingw32/4.8/../../../../i686-w64-mingw32/lib/../lib/libmsvcrt.a(dgxfbs01105.o)
 .idata$4       0x000000006c490130        0x4 /usr/lib/gcc/i686-w64-mingw32/4.8/../../../../i686-w64-mingw32/lib/../lib/libmsvcrt.a(dgxfbs01106.o)
 .idata$4       0x000000006c490134        0x4 /usr/lib/gcc/i686-w64-mingw32/4.8/../../../../i686-w64-mingw32/lib/../lib/libmsvcrt.a(dgxfbs01118.o)
 .idata$4       0x000000006c490138        0x4 /usr/lib/gcc/i686-w64-mingw32/4.8/../../../../i686-w64-mingw32/lib/../lib/libmsvcrt.a(dgxfbt.o)
 .idata$4       0x000000006c49013c        0x0 /usr/lib/gcc/i686-w64-mingw32/4.8/../../../../i686-w64-mingw32/lib/../lib/libuser32.a(dbukbh.o)
 .idata$4       0x000000006c49013c        0x4 /usr/lib/gcc/i686-w64-mingw32/4.8/../../../../i686-w64-mingw32/lib/../lib/libuser32.a(dbukbs00644.o)
 .idata$4       0x000000006c490140        0x4 /usr/lib/gcc/i686-w64-mingw32/4.8/../../../../i686-w64-mingw32/lib/../lib/libuser32.a(dbukbt.o)
                0x000000006c490144                __IAT_start__ = .
 SORT(*)(.idata$5)
 .idata$5       0x000000006c490144        0x0 /usr/lib/gcc/i686-w64-mingw32/4.8/../../../../i686-w64-mingw32/lib/../lib/libkernel32.a(dnqfbh.o)
 .idata$5       0x000000006c490144        0x4 /usr/lib/gcc/i686-w64-mingw32/4.8/../../../../i686-w64-mingw32/lib/../lib/libkernel32.a(dnqfbs00212.o)
                0x000000006c490144                _imp__DeleteCriticalSection@4
 .idata$5       0x000000006c490148        0x4 /usr/lib/gcc/i686-w64-mingw32/4.8/../../../../i686-w64-mingw32/lib/../lib/libkernel32.a(dnqfbs00239.o)
                0x000000006c490148                _imp__EnterCriticalSection@4
 .idata$5       0x000000006c49014c        0x4 /usr/lib/gcc/i686-w64-mingw32/4.8/../../../../i686-w64-mingw32/lib/../lib/libkernel32.a(dnqfbs00452.o)
                0x000000006c49014c                _imp__GetCurrentProcess@0
 .idata$5       0x000000006c490150        0x4 /usr/lib/gcc/i686-w64-mingw32/4.8/../../../../i686-w64-mingw32/lib/../lib/libkernel32.a(dnqfbs00453.o)
                0x000000006c490150                _imp__GetCurrentProcessId@0
 .idata$5       0x000000006c490154        0x4 /usr/lib/gcc/i686-w64-mingw32/4.8/../../../../i686-w64-mingw32/lib/../lib/libkernel32.a(dnqfbs00457.o)
                0x000000006c490154                _imp__GetCurrentThreadId@0
 .idata$5       0x000000006c490158        0x4 /usr/lib/gcc/i686-w64-mingw32/4.8/../../../../i686-w64-mingw32/lib/../lib/libkernel32.a(dnqfbs00515.o)
                0x000000006c490158                _imp__GetLastError@0
 .idata$5       0x000000006c49015c        0x4 /usr/lib/gcc/i686-w64-mingw32/4.8/../../../../i686-w64-mingw32/lib/../lib/libkernel32.a(dnqfbs00533.o)
                0x000000006c49015c                _imp__GetModuleHandleA@4
 .idata$5       0x000000006c490160        0x4 /usr/lib/gcc/i686-w64-mingw32/4.8/../../../../i686-w64-mingw32/lib/../lib/libkernel32.a(dnqfbs00581.o)
                0x000000006c490160                _imp__GetProcAddress@8
 .idata$5       0x000000006c490164        0x4 /usr/lib/gcc/i686-w64-mingw32/4.8/../../../../i686-w64-mingw32/lib/../lib/libkernel32.a(dnqfbs00635.o)
                0x000000006c490164                _imp__GetSystemTimeAsFileTime@4
 .idata$5       0x000000006c490168        0x4 /usr/lib/gcc/i686-w64-mingw32/4.8/../../../../i686-w64-mingw32/lib/../lib/libkernel32.a(dnqfbs00663.o)
                0x000000006c490168                _imp__GetTickCount@0
 .idata$5       0x000000006c49016c        0x4 /usr/lib/gcc/i686-w64-mingw32/4.8/../../../../i686-w64-mingw32/lib/../lib/libkernel32.a(dnqfbs00695.o)
                0x000000006c49016c                _imp__GlobalAlloc@8
 .idata$5       0x000000006c490170        0x4 /usr/lib/gcc/i686-w64-mingw32/4.8/../../../../i686-w64-mingw32/lib/../lib/libkernel32.a(dnqfbs00702.o)
                0x000000006c490170                _imp__GlobalFree@4
 .idata$5       0x000000006c490174        0x4 /usr/lib/gcc/i686-w64-mingw32/4.8/../../../../i686-w64-mingw32/lib/../lib/libkernel32.a(dnqfbs00747.o)
                0x000000006c490174                _imp__InitializeCriticalSection@4
 .idata$5       0x000000006c490178        0x4 /usr/lib/gcc/i686-w64-mingw32/4.8/../../../../i686-w64-mingw32/lib/../lib/libkernel32.a(dnqfbs00806.o)
                0x000000006c490178                _imp__LeaveCriticalSection@4
 .idata$5       0x000000006c49017c        0x4 /usr/lib/gcc/i686-w64-mingw32/4.8/../../../../i686-w64-mingw32/lib/../lib/libkernel32.a(dnqfbs00915.o)
                0x000000006c49017c                _imp__QueryPerformanceCounter@4
 .idata$5       0x000000006c490180        0x4 /usr/lib/gcc/i686-w64-mingw32/4.8/../../../../i686-w64-mingw32/lib/../lib/libkernel32.a(dnqfbs01127.o)
                0x000000006c490180                _imp__SetUnhandledExceptionFilter@4
 .idata$5       0x000000006c490184        0x4 /usr/lib/gcc/i686-w64-mingw32/4.8/../../../../i686-w64-mingw32/lib/../lib/libkernel32.a(dnqfbs01140.o)
                0x000000006c490184                _imp__Sleep@4
 .idata$5       0x000000006c490188        0x4 /usr/lib/gcc/i686-w64-mingw32/4.8/../../../../i686-w64-mingw32/lib/../lib/libkernel32.a(dnqfbs01154.o)
                0x000000006c490188                _imp__TerminateProcess@8
 .idata$5       0x000000006c49018c        0x4 /usr/lib/gcc/i686-w64-mingw32/4.8/../../../../i686-w64-mingw32/lib/../lib/libkernel32.a(dnqfbs01161.o)
                0x000000006c49018c                _imp__TlsGetValue@4
 .idata$5       0x000000006c490190        0x4 /usr/lib/gcc/i686-w64-mingw32/4.8/../../../../i686-w64-mingw32/lib/../lib/libkernel32.a(dnqfbs01174.o)
                0x000000006c490190                _imp__UnhandledExceptionFilter@4
 .idata$5       0x000000006c490194        0x4 /usr/lib/gcc/i686-w64-mingw32/4.8/../../../../i686-w64-mingw32/lib/../lib/libkernel32.a(dnqfbs01206.o)
                0x000000006c490194                _imp__VirtualProtect@16
 .idata$5       0x000000006c490198        0x4 /usr/lib/gcc/i686-w64-mingw32/4.8/../../../../i686-w64-mingw32/lib/../lib/libkernel32.a(dnqfbs01209.o)
                0x000000006c490198                _imp__VirtualQuery@12
 .idata$5       0x000000006c49019c        0x4 /usr/lib/gcc/i686-w64-mingw32/4.8/../../../../i686-w64-mingw32/lib/../lib/libkernel32.a(dnqfbs01289.o)
                0x000000006c49019c                _imp__lstrcatA@8
 .idata$5       0x000000006c4901a0        0x4 /usr/lib/gcc/i686-w64-mingw32/4.8/../../../../i686-w64-mingw32/lib/../lib/libkernel32.a(dnqfbs01292.o)
                0x000000006c4901a0                _imp__lstrcmpA@8
 .idata$5       0x000000006c4901a4        0x4 /usr/lib/gcc/i686-w64-mingw32/4.8/../../../../i686-w64-mingw32/lib/../lib/libkernel32.a(dnqfbs01298.o)
                0x000000006c4901a4                _imp__lstrcpyA@8
 .idata$5       0x000000006c4901a8        0x4 /usr/lib/gcc/i686-w64-mingw32/4.8/../../../../i686-w64-mingw32/lib/../lib/libkernel32.a(dnqfbs01301.o)
                0x000000006c4901a8                _imp__lstrcpynA@12
 .idata$5       0x000000006c4901ac        0x4 /usr/lib/gcc/i686-w64-mingw32/4.8/../../../../i686-w64-mingw32/lib/../lib/libkernel32.a(dnqfbs01304.o)
                0x000000006c4901ac                _imp__lstrlenA@4
 .idata$5       0x000000006c4901b0        0x4 /usr/lib/gcc/i686-w64-mingw32/4.8/../../../../i686-w64-mingw32/lib/../lib/libkernel32.a(dnqfbt.o)
 .idata$5       0x000000006c4901b4        0x0 /usr/lib/gcc/i686-w64-mingw32/4.8/../../../../i686-w64-mingw32/lib/../lib/libmsvcrt.a(dgxfbh.o)
 .idata$5       0x000000006c4901b4        0x4 /usr/lib/gcc/i686-w64-mingw32/4.8/../../../../i686-w64-mingw32/lib/../lib/libmsvcrt.a(dgxfbs00055.o)
                0x000000006c4901b4                _imp____dllonexit
 .idata$5       0x000000006c4901b8        0x4 /usr/lib/gcc/i686-w64-mingw32/4.8/../../../../i686-w64-mingw32/lib/../lib/libmsvcrt.a(dgxfbs00107.o)
                0x000000006c4901b8                _imp____setusermatherr
 .idata$5       0x000000006c4901bc        0x4 /usr/lib/gcc/i686-w64-mingw32/4.8/../../../../i686-w64-mingw32/lib/../lib/libmsvcrt.a(dgxfbs00142.o)
                0x000000006c4901bc                _imp___amsg_exit
 .idata$5       0x000000006c4901c0        0x4 /usr/lib/gcc/i686-w64-mingw32/4.8/../../../../i686-w64-mingw32/lib/../lib/libmsvcrt.a(dgxfbs00208.o)
                0x000000006c4901c0                _imp___errno
 .idata$5       0x000000006c4901c4        0x4 /usr/lib/gcc/i686-w64-mingw32/4.8/../../../../i686-w64-mingw32/lib/../lib/libmsvcrt.a(dgxfbs00304.o)
                0x000000006c4901c4                _imp___initterm
 .idata$5       0x000000006c4901c8        0x4 /usr/lib/gcc/i686-w64-mingw32/4.8/../../../../i686-w64-mingw32/lib/../lib/libmsvcrt.a(dgxfbs00308.o)
                0x000000006c4901c8                _imp___iob
 .idata$5       0x000000006c4901cc        0x4 /usr/lib/gcc/i686-w64-mingw32/4.8/../../../../i686-w64-mingw32/lib/../lib/libmsvcrt.a(dgxfbs00405.o)
                0x000000006c4901cc                _imp___lock
 .idata$5       0x000000006c4901d0        0x4 /usr/lib/gcc/i686-w64-mingw32/4.8/../../../../i686-w64-mingw32/lib/../lib/libmsvcrt.a(dgxfbs00562.o)
                0x000000006c4901d0                _imp___onexit
 .idata$5       0x000000006c4901d4        0x4 /usr/lib/gcc/i686-w64-mingw32/4.8/../../../../i686-w64-mingw32/lib/../lib/libmsvcrt.a(dgxfbs00752.o)
                0x000000006c4901d4                _imp___unlock
 .idata$5       0x000000006c4901d8        0x4 /usr/lib/gcc/i686-w64-mingw32/4.8/../../../../i686-w64-mingw32/lib/../lib/libmsvcrt.a(dgxfbs00846.o)
                0x000000006c4901d8                _imp__calloc
 .idata$5       0x000000006c4901dc        0x4 /usr/lib/gcc/i686-w64-mingw32/4.8/../../../../i686-w64-mingw32/lib/../lib/libmsvcrt.a(dgxfbs00852.o)
                0x000000006c4901dc                _imp__cosh
 .idata$5       0x000000006c4901e0        0x4 /usr/lib/gcc/i686-w64-mingw32/4.8/../../../../i686-w64-mingw32/lib/../lib/libmsvcrt.a(dgxfbs00872.o)
                0x000000006c4901e0                _imp__fprintf
 .idata$5       0x000000006c4901e4        0x4 /usr/lib/gcc/i686-w64-mingw32/4.8/../../../../i686-w64-mingw32/lib/../lib/libmsvcrt.a(dgxfbs00879.o)
                0x000000006c4901e4                _imp__free
 .idata$5       0x000000006c4901e8        0x4 /usr/lib/gcc/i686-w64-mingw32/4.8/../../../../i686-w64-mingw32/lib/../lib/libmsvcrt.a(dgxfbs00882.o)
                0x000000006c4901e8                _imp__frexp
 .idata$5       0x000000006c4901ec        0x4 /usr/lib/gcc/i686-w64-mingw32/4.8/../../../../i686-w64-mingw32/lib/../lib/libmsvcrt.a(dgxfbs00890.o)
                0x000000006c4901ec                _imp__fwrite
 .idata$5       0x000000006c4901f0        0x4 /usr/lib/gcc/i686-w64-mingw32/4.8/../../../../i686-w64-mingw32/lib/../lib/libmsvcrt.a(dgxfbs00933.o)
                0x000000006c4901f0                _imp__log10
 .idata$5       0x000000006c4901f4        0x4 /usr/lib/gcc/i686-w64-mingw32/4.8/../../../../i686-w64-mingw32/lib/../lib/libmsvcrt.a(dgxfbs00934.o)
                0x000000006c4901f4                _imp__malloc
 .idata$5       0x000000006c4901f8        0x4 /usr/lib/gcc/i686-w64-mingw32/4.8/../../../../i686-w64-mingw32/lib/../lib/libmsvcrt.a(dgxfbs00942.o)
                0x000000006c4901f8                _imp__memcpy
 .idata$5       0x000000006c4901fc        0x4 /usr/lib/gcc/i686-w64-mingw32/4.8/../../../../i686-w64-mingw32/lib/../lib/libmsvcrt.a(dgxfbs00971.o)
                0x000000006c4901fc                _imp__sinh
 .idata$5       0x000000006c490200        0x4 /usr/lib/gcc/i686-w64-mingw32/4.8/../../../../i686-w64-mingw32/lib/../lib/libmsvcrt.a(dgxfbs00972.o)
                0x000000006c490200                _imp__sprintf
 .idata$5       0x000000006c490204        0x4 /usr/lib/gcc/i686-w64-mingw32/4.8/../../../../i686-w64-mingw32/lib/../lib/libmsvcrt.a(dgxfbs00989.o)
                0x000000006c490204                _imp__strlen
 .idata$5       0x000000006c490208        0x4 /usr/lib/gcc/i686-w64-mingw32/4.8/../../../../i686-w64-mingw32/lib/../lib/libmsvcrt.a(dgxfbs00992.o)
                0x000000006c490208                _imp__strncmp
 .idata$5       0x000000006c49020c        0x4 /usr/lib/gcc/i686-w64-mingw32/4.8/../../../../i686-w64-mingw32/lib/../lib/libmsvcrt.a(dgxfbs01088.o)
                0x000000006c49020c                _imp__abort
 .idata$5       0x000000006c490210        0x4 /usr/lib/gcc/i686-w64-mingw32/4.8/../../../../i686-w64-mingw32/lib/../lib/libmsvcrt.a(dgxfbs01090.o)
                0x000000006c490210                _imp__acos
 .idata$5       0x000000006c490214        0x4 /usr/lib/gcc/i686-w64-mingw32/4.8/../../../../i686-w64-mingw32/lib/../lib/libmsvcrt.a(dgxfbs01092.o)
                0x000000006c490214                _imp__asin
 .idata$5       0x000000006c490218        0x4 /usr/lib/gcc/i686-w64-mingw32/4.8/../../../../i686-w64-mingw32/lib/../lib/libmsvcrt.a(dgxfbs01093.o)
                0x000000006c490218                _imp__atan
 .idata$5       0x000000006c49021c        0x4 /usr/lib/gcc/i686-w64-mingw32/4.8/../../../../i686-w64-mingw32/lib/../lib/libmsvcrt.a(dgxfbs01094.o)
                0x000000006c49021c                _imp__atan2
 .idata$5       0x000000006c490220        0x4 /usr/lib/gcc/i686-w64-mingw32/4.8/../../../../i686-w64-mingw32/lib/../lib/libmsvcrt.a(dgxfbs01105.o)
                0x000000006c490220                _imp__tan
 .idata$5       0x000000006c490224        0x4 /usr/lib/gcc/i686-w64-mingw32/4.8/../../../../i686-w64-mingw32/lib/../lib/libmsvcrt.a(dgxfbs01106.o)
                0x000000006c490224                _imp__tanh
 .idata$5       0x000000006c490228        0x4 /usr/lib/gcc/i686-w64-mingw32/4.8/../../../../i686-w64-mingw32/lib/../lib/libmsvcrt.a(dgxfbs01118.o)
                0x000000006c490228                _imp__vfprintf
 .idata$5       0x000000006c49022c        0x4 /usr/lib/gcc/i686-w64-mingw32/4.8/../../../../i686-w64-mingw32/lib/../lib/libmsvcrt.a(dgxfbt.o)
 .idata$5       0x000000006c490230        0x0 /usr/lib/gcc/i686-w64-mingw32/4.8/../../../../i686-w64-mingw32/lib/../lib/libuser32.a(dbukbh.o)
 .idata$5       0x000000006c490230        0x4 /usr/lib/gcc/i686-w64-mingw32/4.8/../../../../i686-w64-mingw32/lib/../lib/libuser32.a(dbukbs00644.o)
                0x000000006c490230                _imp__wsprintfA
 .idata$5       0x000000006c490234        0x4 /usr/lib/gcc/i686-w64-mingw32/4.8/../../../../i686-w64-mingw32/lib/../lib/libuser32.a(dbukbt.o)
                0x000000006c490238                __IAT_end__ = .
 SORT(*)(.idata$6)
 .idata$6       0x000000006c490238       0x18 /usr/lib/gcc/i686-w64-mingw32/4.8/../../../../i686-w64-mingw32/lib/../lib/libkernel32.a(dnqfbs00212.o)
 .idata$6       0x000000006c490250       0x18 /usr/lib/gcc/i686-w64-mingw32/4.8/../../../../i686-w64-mingw32/lib/../lib/libkernel32.a(dnqfbs00239.o)
 .idata$6       0x000000006c490268       0x14 /usr/lib/gcc/i686-w64-mingw32/4.8/../../../../i686-w64-mingw32/lib/../lib/libkernel32.a(dnqfbs00452.o)
 .idata$6       0x000000006c49027c       0x16 /usr/lib/gcc/i686-w64-mingw32/4.8/../../../../i686-w64-mingw32/lib/../lib/libkernel32.a(dnqfbs00453.o)
 .idata$6       0x000000006c490292       0x16 /usr/lib/gcc/i686-w64-mingw32/4.8/../../../../i686-w64-mingw32/lib/../lib/libkernel32.a(dnqfbs00457.o)
 .idata$6       0x000000006c4902a8       0x10 /usr/lib/gcc/i686-w64-mingw32/4.8/../../../../i686-w64-mingw32/lib/../lib/libkernel32.a(dnqfbs00515.o)
 .idata$6       0x000000006c4902b8       0x14 /usr/lib/gcc/i686-w64-mingw32/4.8/../../../../i686-w64-mingw32/lib/../lib/libkernel32.a(dnqfbs00533.o)
 .idata$6       0x000000006c4902cc       0x12 /usr/lib/gcc/i686-w64-mingw32/4.8/../../../../i686-w64-mingw32/lib/../lib/libkernel32.a(dnqfbs00581.o)
 .idata$6       0x000000006c4902de       0x1a /usr/lib/gcc/i686-w64-mingw32/4.8/../../../../i686-w64-mingw32/lib/../lib/libkernel32.a(dnqfbs00635.o)
 .idata$6       0x000000006c4902f8       0x10 /usr/lib/gcc/i686-w64-mingw32/4.8/../../../../i686-w64-mingw32/lib/../lib/libkernel32.a(dnqfbs00663.o)
 .idata$6       0x000000006c490308        0xe /usr/lib/gcc/i686-w64-mingw32/4.8/../../../../i686-w64-mingw32/lib/../lib/libkernel32.a(dnqfbs00695.o)
 .idata$6       0x000000006c490316        0xe /usr/lib/gcc/i686-w64-mingw32/4.8/../../../../i686-w64-mingw32/lib/../lib/libkernel32.a(dnqfbs00702.o)
 .idata$6       0x000000006c490324       0x1c /usr/lib/gcc/i686-w64-mingw32/4.8/../../../../i686-w64-mingw32/lib/../lib/libkernel32.a(dnqfbs00747.o)
 .idata$6       0x000000006c490340       0x18 /usr/lib/gcc/i686-w64-mingw32/4.8/../../../../i686-w64-mingw32/lib/../lib/libkernel32.a(dnqfbs00806.o)
 .idata$6       0x000000006c490358       0x1a /usr/lib/gcc/i686-w64-mingw32/4.8/../../../../i686-w64-mingw32/lib/../lib/libkernel32.a(dnqfbs00915.o)
 .idata$6       0x000000006c490372       0x1e /usr/lib/gcc/i686-w64-mingw32/4.8/../../../../i686-w64-mingw32/lib/../lib/libkernel32.a(dnqfbs01127.o)
 .idata$6       0x000000006c490390        0x8 /usr/lib/gcc/i686-w64-mingw32/4.8/../../../../i686-w64-mingw32/lib/../lib/libkernel32.a(dnqfbs01140.o)
 .idata$6       0x000000006c490398       0x14 /usr/lib/gcc/i686-w64-mingw32/4.8/../../../../i686-w64-mingw32/lib/../lib/libkernel32.a(dnqfbs01154.o)
 .idata$6       0x000000006c4903ac        0xe /usr/lib/gcc/i686-w64-mingw32/4.8/../../../../i686-w64-mingw32/lib/../lib/libkernel32.a(dnqfbs01161.o)
 .idata$6       0x000000006c4903ba       0x1c /usr/lib/gcc/i686-w64-mingw32/4.8/../../../../i686-w64-mingw32/lib/../lib/libkernel32.a(dnqfbs01174.o)