Archive member included because of file (symbol)

/usr/lib/gcc/i686-w64-mingw32/4.8/../../../../i686-w64-mingw32/lib/../lib/libkernel32.a(dnqfbs01140.o)
                              build/release/stub_lzma/exec.o (_imp__Sleep@4)
/usr/lib/gcc/i686-w64-mingw32/4.8/../../../../i686-w64-mingw32/lib/../lib/libkernel32.a(dnqfbs01057.o)
                              build/release/stub_lzma/exec.o (_imp__SetFileAttributesA@8)
/usr/lib/gcc/i686-w64-mingw32/4.8/../../../../i686-w64-mingw32/lib/../lib/libkernel32.a(dnqfbs00126.o)
                              build/release/stub_lzma/exec.o (_imp__CreateDirectoryA@8)
/usr/lib/gcc/i686-w64-mingw32/4.8/../../../../i686-w64-mingw32/lib/../lib/libkernel32.a(dnqfbs00515.o)
                              build/release/stub_lzma/exec.o (_imp__GetLastError@0)
/usr/lib/gcc/i686-w64-mingw32/4.8/../../../../i686-w64-mingw32/lib/../lib/libkernel32.a(dnqfbs00486.o)
                              build/release/stub_lzma/exec.o (_imp__GetFileAttributesA@4)
/usr/lib/gcc/i686-w64-mingw32/4.8/../../../../i686-w64-mingw32/lib/../lib/libkernel32.a(dnqfbs01040.o)
                              build/release/stub_lzma/exec.o (_imp__SetCurrentDirectoryA@4)
/usr/lib/gcc/i686-w64-mingw32/4.8/../../../../i686-w64-mingw32/lib/../lib/libkernel32.a(dnqfbs00844.o)
                              build/release/stub_lzma/exec.o (_imp__MoveFileA@8)
/usr/lib/gcc/i686-w64-mingw32/4.8/../../../../i686-w64-mingw32/lib/../lib/libkernel32.a(dnqfbs00505.o)
                              build/release/stub_lzma/exec.o (_imp__GetFullPathNameA@16)
/usr/lib/gcc/i686-w64-mingw32/4.8/../../../../i686-w64-mingw32/lib/../lib/libkernel32.a(dnqfbs00610.o)
                              build/release/stub_lzma/exec.o (_imp__GetShortPathNameA@12)
/usr/lib/gcc/i686-w64-mingw32/4.8/../../../../i686-w64-mingw32/lib/../lib/libkernel32.a(dnqfbs00991.o)
                              build/release/stub_lzma/exec.o (_imp__SearchPathA@24)
/usr/lib/gcc/i686-w64-mingw32/4.8/../../../../i686-w64-mingw32/lib/../lib/libkernel32.a(dnqfbs00097.o)
                              build/release/stub_lzma/exec.o (_imp__CompareFileTime@8)
/usr/lib/gcc/i686-w64-mingw32/4.8/../../../../i686-w64-mingw32/lib/../lib/libkernel32.a(dnqfbs01069.o)
                              build/release/stub_lzma/exec.o (_imp__SetFileTime@16)
/usr/lib/gcc/i686-w64-mingw32/4.8/../../../../i686-w64-mingw32/lib/../lib/libkernel32.a(dnqfbs00083.o)
                              build/release/stub_lzma/exec.o (_imp__CloseHandle@4)
/usr/lib/gcc/i686-w64-mingw32/4.8/../../../../i686-w64-mingw32/lib/../lib/libkernel32.a(dnqfbs01295.o)
                              build/release/stub_lzma/exec.o (_imp__lstrcmpiA@8)
/usr/lib/gcc/i686-w64-mingw32/4.8/../../../../i686-w64-mingw32/lib/../lib/libkernel32.a(dnqfbs01292.o)
                              build/release/stub_lzma/exec.o (_imp__lstrcmpA@8)
/usr/lib/gcc/i686-w64-mingw32/4.8/../../../../i686-w64-mingw32/lib/../lib/libkernel32.a(dnqfbs00285.o)
                              build/release/stub_lzma/exec.o (_imp__ExpandEnvironmentStringsA@12)
/usr/lib/gcc/i686-w64-mingw32/4.8/../../../../i686-w64-mingw32/lib/../lib/libkernel32.a(dnqfbs00702.o)
                              build/release/stub_lzma/exec.o (_imp__GlobalFree@4)
/usr/lib/gcc/i686-w64-mingw32/4.8/../../../../i686-w64-mingw32/lib/../lib/libkernel32.a(dnqfbs00695.o)
                              build/release/stub_lzma/exec.o (_imp__GlobalAlloc@8)
/usr/lib/gcc/i686-w64-mingw32/4.8/../../../../i686-w64-mingw32/lib/../lib/libkernel32.a(dnqfbs00852.o)
                              build/release/stub_lzma/exec.o (_imp__MulDiv@12)
/usr/lib/gcc/i686-w64-mingw32/4.8/../../../../i686-w64-mingw32/lib/../lib/libkernel32.a(dnqfbs01218.o)
                              build/release/stub_lzma/exec.o (_imp__WaitForSingleObject@8)
/usr/lib/gcc/i686-w64-mingw32/4.8/../../../../i686-w64-mingw32/lib/../lib/libkernel32.a(dnqfbs00482.o)
                              build/release/stub_lzma/exec.o (_imp__GetExitCodeProcess@8)
/usr/lib/gcc/i686-w64-mingw32/4.8/../../../../i686-w64-mingw32/lib/../lib/libkernel32.a(dnqfbs00810.o)
                              build/release/stub_lzma/exec.o (_imp__LoadLibraryExA@12)
/usr/lib/gcc/i686-w64-mingw32/4.8/../../../../i686-w64-mingw32/lib/../lib/libkernel32.a(dnqfbs00533.o)
                              build/release/stub_lzma/exec.o (_imp__GetModuleHandleA@4)
/usr/lib/gcc/i686-w64-mingw32/4.8/../../../../i686-w64-mingw32/lib/../lib/libkernel32.a(dnqfbs00581.o)
                              build/release/stub_lzma/exec.o (_imp__GetProcAddress@8)
/usr/lib/gcc/i686-w64-mingw32/4.8/../../../../i686-w64-mingw32/lib/../lib/libkernel32.a(dnqfbs00356.o)
                              build/release/stub_lzma/exec.o (_imp__FreeLibrary@4)
/usr/lib/gcc/i686-w64-mingw32/4.8/../../../../i686-w64-mingw32/lib/../lib/libkernel32.a(dnqfbs00853.o)
                              build/release/stub_lzma/exec.o (_imp__MultiByteToWideChar@24)
[...]
Memory Configuration

Name             Origin             Length             Attributes
*default*        0x0000000000000000 0xffffffffffffffff

Linker script and memory map

                0x0000000000400000                __image_base__ = 0x400000
                0x0000000000000000                __dll__ = 0x0
                0x0000000000400000                ___ImageBase = 0x400000
                0x0000000000001000                __section_alignment__ = 0x1000
                0x0000000000000200                __file_alignment__ = 0x200
                0x0000000000000004                __major_os_version__ = 0x4
                0x0000000000000000                __minor_os_version__ = 0x0
                0x0000000000000001                __major_image_version__ = 0x1
                0x0000000000000000                __minor_image_version__ = 0x0
                0x0000000000000004                __major_subsystem_version__ = 0x4
                0x0000000000000000                __minor_subsystem_version__ = 0x0
                0x0000000000000002                __subsystem__ = 0x2
                0x0000000000200000                __size_of_stack_reserve__ = 0x200000
                0x0000000000001000                __size_of_stack_commit__ = 0x1000
                0x0000000000100000                __size_of_heap_reserve__ = 0x100000
                0x0000000000001000                __size_of_heap_commit__ = 0x1000
                0x0000000000000000                __loader_flags__ = 0x0
                0x0000000000000000                __dll_characteristics__ = 0x0
LOAD build/release/stub_lzma/bgbg.o
LOAD build/release/stub_lzma/components.o
LOAD build/release/stub_lzma/exec.o
LOAD build/release/stub_lzma/fileform.o
LOAD build/release/stub_lzma/Main.o
LOAD build/release/stub_lzma/plugin.o
LOAD build/release/stub_lzma/Ui.o
LOAD build/release/stub_lzma/util.o
LOAD build/release/stub_lzma/crc32.o
LOAD build/release/stub_lzma/LZMADecode.o
LOAD build/release/stub_lzma/resource.o
LOAD /usr/lib/gcc/i686-w64-mingw32/4.8/../../../../i686-w64-mingw32/lib/../lib/libkernel32.a
LOAD /usr/lib/gcc/i686-w64-mingw32/4.8/../../../../i686-w64-mingw32/lib/../lib/libuser32.a
LOAD /usr/lib/gcc/i686-w64-mingw32/4.8/../../../../i686-w64-mingw32/lib/../lib/libgdi32.a
LOAD /usr/lib/gcc/i686-w64-mingw32/4.8/../../../../i686-w64-mingw32/lib/../lib/libshell32.a
LOAD /usr/lib/gcc/i686-w64-mingw32/4.8/../../../../i686-w64-mingw32/lib/../lib/libadvapi32.a
LOAD /usr/lib/gcc/i686-w64-mingw32/4.8/../../../../i686-w64-mingw32/lib/../lib/libcomdlg32.a
LOAD /usr/lib/gcc/i686-w64-mingw32/4.8/../../../../i686-w64-mingw32/lib/../lib/libcomctl32.a
LOAD /usr/lib/gcc/i686-w64-mingw32/4.8/../../../../i686-w64-mingw32/lib/../lib/libole32.a
LOAD /usr/lib/gcc/i686-w64-mingw32/4.8/../../../../i686-w64-mingw32/lib/../lib/libversion.a
LOAD /usr/lib/gcc/i686-w64-mingw32/4.8/../../../../i686-w64-mingw32/lib/../lib/libuuid.a

.text           0x0000000000401000     0x9200
 *(.init)
 *(.text)
 .text          0x0000000000401000      0x21c build/release/stub_lzma/bgbg.o
                0x0000000000401000                BG_WndProc@16
 .text          0x000000000040121c      0x1e4 build/release/stub_lzma/components.o
                0x000000000040121c                SectionFlagsChanged@4
                0x0000000000401283                _RefreshSectionGroups@8
                0x0000000000401333                SetInstType@4
                0x000000000040137a                GetInstType@4
 .text          0x0000000000401400     0x2ad8 build/release/stub_lzma/exec.o
                0x000000000040161b                resolveaddr@4
                0x000000000040163c                update_status_text_buf1@4
                0x0000000000403df6                ExecuteCodeSegment@8
                0x0000000000403ead                ExecuteCallbackFunction@4
 .text          0x0000000000403ed8      0x774 build/release/stub_lzma/fileform.o
                0x0000000000403ed8                verProc@16
                0x0000000000403f8d                handle_ver_dlg
                0x0000000000404029                ReadSelfFile@8
                0x0000000000404075                SetSelfFilePointer@4
                0x00000000004040a7                _dodecomp@16
                0x000000000040432d                loadHeaders@4
 .text          0x000000000040464c      0x620 build/release/stub_lzma/Main.o
                0x000000000040464c                ValidateTempDir
                0x00000000004046b0                CleanUp@0
                0x00000000004046f1                WinMain@16
 .text          0x0000000000404c6c       0xf4 build/release/stub_lzma/plugin.o
                0x0000000000404c6c                Plugins_SendMsgToAllPlugins@4
                0x0000000000404c94                Plugins_UnloadAll@0
                0x0000000000404ce1                Plugins_CanUnload@4
                0x0000000000404d03                RegisterPluginCallback@8
 .text          0x0000000000404d60     0x2cd4 build/release/stub_lzma/Ui.o
                0x00000000004051a1                StreamLicense@16
                0x00000000004052cd                DialogProc@16
                0x0000000000405ef5                build_g_logfile@0
                0x0000000000406455                ui_doinstall@0
                0x00000000004068d0                TreeGetSelectedSection@8
                0x0000000000407327                update_status_text@8
 .text          0x0000000000407a34     0x132c build/release/stub_lzma/util.o
                0x0000000000407a34                myCreateProcess@4
                0x0000000000407ab6                my_SetDialogItemText@12
                0x0000000000407ac1                my_GetDialogItemText@8
                0x0000000000407af2                my_MessageBox@8
                0x0000000000407b60                findchar@8
                0x0000000000407b8a                trimslashtoend@4
                0x0000000000407bc3                validpathspec@4
                0x0000000000407bf0                skip_root@4
                0x0000000000407c6f                mystrstri@8
                0x0000000000407cde                mini_memcpy@12
                0x0000000000407d01                remove_ro_attr@4
                0x0000000000407d33                myOpenFile@12
                0x0000000000407d8c                my_GetTempFileName@8
                0x0000000000407df5                myRegGetStr@20
                0x0000000000407e9e                myitoa@8
                0x0000000000407ec3                myatoi@4
                0x0000000000407f75                mystrcpy@8
                0x0000000000407f9d                mystrlen@4
                0x0000000000407fa8                mystrcat@8
                0x0000000000407fb3                addtrailingslash@4
                0x0000000000407ff8                validate_filename@4
                0x00000000004080c5                GetNSISString@8
                0x00000000004083d6                log_write@4
                0x00000000004084ce                _RegKeyHandleToName
                0x0000000000408543                _LogData2Hex
                0x00000000004085cc                log_printf
                0x0000000000408619                file_exists@4
                0x0000000000408651                is_valid_instpath@4
                0x000000000040870a                myGetProcAddress@4
                0x000000000040875d                MoveFileOnReboot@8
                0x0000000000408a00                myDelete@8
                0x0000000000408d0f                MessageLoop@4
 .text          0x0000000000408d60       0x6c build/release/stub_lzma/crc32.o
                0x0000000000408d60                CRC32@12
 .text          0x0000000000408dcc     0x123c build/release/stub_lzma/LZMADecode.o
                0x0000000000408dcc                @lzmaInit@4
                0x0000000000408e05                @lzmaDecode@4
 .text          0x000000000040a008        0x0 /usr/lib/gcc/i686-w64-mingw32/4.8/../../../../i686-w64-mingw32/lib/../lib/libkernel32.a(dnqfbh.o)
 .text          0x000000000040a008        0x0 /usr/lib/gcc/i686-w64-mingw32/4.8/../../../../i686-w64-mingw32/lib/../lib/libkernel32.a(dnqfbt.o)
 .text          0x000000000040a008        0x0 /usr/lib/gcc/i686-w64-mingw32/4.8/../../../../i686-w64-mingw32/lib/../lib/libuser32.a(dbukbh.o)
 .text          0x000000000040a008        0x0 /usr/lib/gcc/i686-w64-mingw32/4.8/../../../../i686-w64-mingw32/lib/../lib/libuser32.a(dbukbt.o)
 .text          0x000000000040a008        0x0 /usr/lib/gcc/i686-w64-mingw32/4.8/../../../../i686-w64-mingw32/lib/../lib/libgdi32.a(dtfkbh.o)
 .text          0x000000000040a008        0x0 /usr/lib/gcc/i686-w64-mingw32/4.8/../../../../i686-w64-mingw32/lib/../lib/libgdi32.a(dtfkbt.o)
 .text          0x000000000040a008        0x0 /usr/lib/gcc/i686-w64-mingw32/4.8/../../../../i686-w64-mingw32/lib/../lib/libshell32.a(lib32_libshell32_a-shell32.o)
 .text          0x000000000040a008        0x0 /usr/lib/gcc/i686-w64-mingw32/4.8/../../../../i686-w64-mingw32/lib/../lib/libshell32.a(dyxfbh.o)
 .text          0x000000000040a008        0x0 /usr/lib/gcc/i686-w64-mingw32/4.8/../../../../i686-w64-mingw32/lib/../lib/libshell32.a(dyxfbt.o)
 .text          0x000000000040a008        0x0 /usr/lib/gcc/i686-w64-mingw32/4.8/../../../../i686-w64-mingw32/lib/../lib/libadvapi32.a(drrjbh.o)
 .text          0x000000000040a008        0x0 /usr/lib/gcc/i686-w64-mingw32/4.8/../../../../i686-w64-mingw32/lib/../lib/libadvapi32.a(drrjbt.o)
 .text          0x000000000040a008        0x0 /usr/lib/gcc/i686-w64-mingw32/4.8/../../../../i686-w64-mingw32/lib/../lib/libcomctl32.a(dwtjbh.o)
 .text          0x000000000040a008        0x0 /usr/lib/gcc/i686-w64-mingw32/4.8/../../../../i686-w64-mingw32/lib/../lib/libcomctl32.a(dwtjbt.o)
 .text          0x000000000040a008        0x0 /usr/lib/gcc/i686-w64-mingw32/4.8/../../../../i686-w64-mingw32/lib/../lib/libole32.a(dxmkbh.o)
 .text          0x000000000040a008        0x0 /usr/lib/gcc/i686-w64-mingw32/4.8/../../../../i686-w64-mingw32/lib/../lib/libole32.a(dxmkbt.o)
 .text          0x000000000040a008        0x8 /usr/lib/gcc/i686-w64-mingw32/4.8/../../../../i686-w64-mingw32/lib/../lib/libversion.a(dqukbs00001.o)
                0x000000000040a008                GetFileVersionInfoSizeA@8
 .text          0x000000000040a010        0x8 /usr/lib/gcc/i686-w64-mingw32/4.8/../../../../i686-w64-mingw32/lib/../lib/libversion.a(dqukbs00000.o)
                0x000000000040a010                GetFileVersionInfoA@16
 .text          0x000000000040a018        0x8 /usr/lib/gcc/i686-w64-mingw32/4.8/../../../../i686-w64-mingw32/lib/../lib/libversion.a(dqukbs00010.o)
                0x000000000040a018                VerQueryValueA@16
 .text          0x000000000040a020        0x0 /usr/lib/gcc/i686-w64-mingw32/4.8/../../../../i686-w64-mingw32/lib/../lib/libversion.a(dqukbh.o)
 .text          0x000000000040a020        0x0 /usr/lib/gcc/i686-w64-mingw32/4.8/../../../../i686-w64-mingw32/lib/../lib/libversion.a(dqukbt.o)
 .text          0x000000000040a020        0x0 /usr/lib/gcc/i686-w64-mingw32/4.8/../../../../i686-w64-mingw32/lib/../lib/libuuid.a(lib32_libuuid_a-uuid.o)
 *(SORT(.text$*))
 *(.glue_7t)
 *(.glue_7)
                0x000000000040a020                ___CTOR_LIST__ = .
                0x000000000040a020                __CTOR_LIST__ = .
                0x000000000040a020        0x4 LONG 0xffffffffffffffff
 *(EXCLUDE_FILE(*crtend.o) .ctors)
 *(.ctor)
 *(SORT(.ctors.*))
 *crtend.o(.ctors)
                0x000000000040a024        0x4 LONG 0x0
                0x000000000040a028                ___DTOR_LIST__ = .
                0x000000000040a028                __DTOR_LIST__ = .
                0x000000000040a028        0x4 LONG 0xffffffffffffffff
 *(EXCLUDE_FILE(*crtend.o) .dtors)
 *(.dtor)
 *(SORT(.dtors.*))
 *crtend.o(.dtors)
                0x000000000040a02c        0x4 LONG 0x0
 *(.fini)
 *(.gcc_exc)
                0x000000000040a030                PROVIDE (etext, .)
 *(.gcc_except_table)

.data           0x000000000040b000      0x200
                0x000000000040b000                __data_start__ = .
 *(.data)
 .data          0x000000000040b000        0x0 build/release/stub_lzma/bgbg.o
 .data          0x000000000040b000        0x0 build/release/stub_lzma/components.o
 .data          0x000000000040b000       0x10 build/release/stub_lzma/exec.o
                0x000000000040b000                plugin_extra_parameters
 .data          0x000000000040b010        0x4 build/release/stub_lzma/fileform.o
                0x000000000040b010                g_db_hFile
 .data          0x000000000040b014        0x0 build/release/stub_lzma/Main.o
 .data          0x000000000040b014        0x0 build/release/stub_lzma/plugin.o
 .data          0x000000000040b014        0x4 build/release/stub_lzma/Ui.o
 .data          0x000000000040b018       0x74 build/release/stub_lzma/util.o
                0x000000000040b044                MGA_FUNCS
 .data          0x000000000040b08c        0x0 build/release/stub_lzma/crc32.o
 .data          0x000000000040b08c        0x0 build/release/stub_lzma/LZMADecode.o
 .data          0x000000000040b08c        0x0 /usr/lib/gcc/i686-w64-mingw32/4.8/../../../../i686-w64-mingw32/lib/../lib/libkernel32.a(dnqfbs01140.o)
 .data          0x000000000040b08c        0x0 /usr/lib/gcc/i686-w64-mingw32/4.8/../../../../i686-w64-mingw32/lib/../lib/libkernel32.a(dnqfbs01057.o)
 .data          0x000000000040b08c        0x0 /usr/lib/gcc/i686-w64-mingw32/4.8/../../../../i686-w64-mingw32/lib/../lib/libkernel32.a(dnqfbs00126.o)
 .data          0x000000000040b08c        0x0 /usr/lib/gcc/i686-w64-mingw32/4.8/../../../../i686-w64-mingw32/lib/../lib/libkernel32.a(dnqfbs00515.o)
 .data          0x000000000040b08c        0x0 /usr/lib/gcc/i686-w64-mingw32/4.8/../../../../i686-w64-mingw32/lib/../lib/libkernel32.a(dnqfbs00486.o)
 .data          0x000000000040b08c        0x0 /usr/lib/gcc/i686-w64-mingw32/4.8/../../../../i686-w64-mingw32/lib/../lib/libkernel32.a(dnqfbs01040.o)
 .data          0x000000000040b08c        0x0 /usr/lib/gcc/i686-w64-mingw32/4.8/../../../../i686-w64-mingw32/lib/../lib/libkernel32.a(dnqfbs00844.o)
 .data          0x000000000040b08c        0x0 /usr/lib/gcc/i686-w64-mingw32/4.8/../../../../i686-w64-mingw32/lib/../lib/libkernel32.a(dnqfbs00505.o)
 .data          0x000000000040b08c        0x0 /usr/lib/gcc/i686-w64-mingw32/4.8/../../../../i686-w64-mingw32/lib/../lib/libkernel32.a(dnqfbs00610.o)
 .data          0x000000000040b08c        0x0 /usr/lib/gcc/i686-w64-mingw32/4.8/../../../../i686-w64-mingw32/lib/../lib/libkernel32.a(dnqfbs00991.o)
 .data          0x000000000040b08c        0x0 /usr/lib/gcc/i686-w64-mingw32/4.8/../../../../i686-w64-mingw32/lib/../lib/libkernel32.a(dnqfbs00097.o)
 .data          0x000000000040b08c        0x0 /usr/lib/gcc/i686-w64-mingw32/4.8/../../../../i686-w64-mingw32/lib/../lib/libkernel32.a(dnqfbs01069.o)
 .data          0x000000000040b08c        0x0 /usr/lib/gcc/i686-w64-mingw32/4.8/../../../../i686-w64-mingw32/lib/../lib/libkernel32.a(dnqfbs00083.o)
 .data          0x000000000040b08c        0x0 /usr/lib/gcc/i686-w64-mingw32/4.8/../../../../i686-w64-mingw32/lib/../lib/libkernel32.a(dnqfbs01295.o)
 .data          0x000000000040b08c        0x0 /usr/lib/gcc/i686-w64-mingw32/4.8/../../../../i686-w64-mingw32/lib/../lib/libkernel32.a(dnqfbs01292.o)
 .data          0x000000000040b08c        0x0 /usr/lib/gcc/i686-w64-mingw32/4.8/../../../../i686-w64-mingw32/lib/../lib/libkernel32.a(dnqfbs00285.o)
 .data          0x000000000040b08c        0x0 /usr/lib/gcc/i686-w64-mingw32/4.8/../../../../i686-w64-mingw32/lib/../lib/libkernel32.a(dnqfbs00702.o)
 .data          0x000000000040b08c        0x0 /usr/lib/gcc/i686-w64-mingw32/4.8/../../../../i686-w64-mingw32/lib/../lib/libkernel32.a(dnqfbs00695.o)
 .data          0x000000000040b08c        0x0 /usr/lib/gcc/i686-w64-mingw32/4.8/../../../../i686-w64-mingw32/lib/../lib/libkernel32.a(dnqfbs00852.o)
 .data          0x000000000040b08c        0x0 /usr/lib/gcc/i686-w64-mingw32/4.8/../../../../i686-w64-mingw32/lib/../lib/libkernel32.a(dnqfbs01218.o)
 .data          0x000000000040b08c        0x0 /usr/lib/gcc/i686-w64-mingw32/4.8/../../../../i686-w64-mingw32/lib/../lib/libkernel32.a(dnqfbs00482.o)
 .data          0x000000000040b08c        0x0 /usr/lib/gcc/i686-w64-mingw32/4.8/../../../../i686-w64-mingw32/lib/../lib/libkernel32.a(dnqfbs00810.o)
 .data          0x000000000040b08c        0x0 /usr/lib/gcc/i686-w64-mingw32/4.8/../../../../i686-w64-mingw32/lib/../lib/libkernel32.a(dnqfbs00533.o)
 .data          0x000000000040b08c        0x0 /usr/lib/gcc/i686-w64-mingw32/4.8/../../../../i686-w64-mingw32/lib/../lib/libkernel32.a(dnqfbs00581.o)
 .data          0x000000000040b08c        0x0 /usr/lib/gcc/i686-w64-mingw32/4.8/../../../../i686-w64-mingw32/lib/../lib/libkernel32.a(dnqfbs00356.o)
 .data          0x000000000040b08c        0x0 /usr/lib/gcc/i686-w64-mingw32/4.8/../../../../i686-w64-mingw32/lib/../lib/libkernel32.a(dnqfbs00853.o)
 .data          0x000000000040b08c        0x0 /usr/lib/gcc/i686-w64-mingw32/4.8/../../../../i686-w64-mingw32/lib/../lib/libkernel32.a(dnqfbs01268.o)
 .data          0x000000000040b08c        0x0 /usr/lib/gcc/i686-w64-mingw32/4.8/../../../../i686-w64-mingw32/lib/../lib/libkernel32.a(dnqfbs00577.o)
 .data          0x000000000040b08c        0x0 /usr/lib/gcc/i686-w64-mingw32/4.8/../../../../i686-w64-mingw32/lib/../lib/libkernel32.a(dnqfbs01262.o)
 .data          0x000000000040b08c        0x0 /usr/lib/gcc/i686-w64-mingw32/4.8/../../../../i686-w64-mingw32/lib/../lib/libkernel32.a(dnqfbs00941.o)
 .data          0x000000000040b08c        0x0 /usr/lib/gcc/i686-w64-mingw32/4.8/../../../../i686-w64-mingw32/lib/../lib/libkernel32.a(dnqfbs01065.o)
 .data          0x000000000040b08c        0x0 /usr/lib/gcc/i686-w64-mingw32/4.8/../../../../i686-w64-mingw32/lib/../lib/libkernel32.a(dnqfbs00304.o)
 .data          0x000000000040b08c        0x0 /usr/lib/gcc/i686-w64-mingw32/4.8/../../../../i686-w64-mingw32/lib/../lib/libkernel32.a(dnqfbs00325.o)
 .data          0x000000000040b08c        0x0 /usr/lib/gcc/i686-w64-mingw32/4.8/../../../../i686-w64-mingw32/lib/../lib/libkernel32.a(dnqfbs00308.o)
 .data          0x000000000040b08c        0x0 /usr/lib/gcc/i686-w64-mingw32/4.8/../../../../i686-w64-mingw32/lib/../lib/libkernel32.a(dnqfbs00214.o)
 .data          0x000000000040b08c        0x0 /usr/lib/gcc/i686-w64-mingw32/4.8/../../../../i686-w64-mingw32/lib/../lib/libkernel32.a(dnqfbs00663.o)
 .data          0x000000000040b08c        0x0 /usr/lib/gcc/i686-w64-mingw32/4.8/../../../../i686-w64-mingw32/lib/../lib/libkernel32.a(dnqfbs00531.o)
 .data          0x000000000040b08c        0x0 /usr/lib/gcc/i686-w64-mingw32/4.8/../../../../i686-w64-mingw32/lib/../lib/libkernel32.a(dnqfbs00497.o)
 .data          0x000000000040b08c        0x0 /usr/lib/gcc/i686-w64-mingw32/4.8/../../../../i686-w64-mingw32/lib/../lib/libkernel32.a(dnqfbs01052.o)
 .data          0x000000000040b08c        0x0 /usr/lib/gcc/i686-w64-mingw32/4.8/../../../../i686-w64-mingw32/lib/../lib/libkernel32.a(dnqfbs00394.o)
 .data          0x000000000040b08c        0x0 /usr/lib/gcc/i686-w64-mingw32/4.8/../../../../i686-w64-mingw32/lib/../lib/libkernel32.a(dnqfbs00647.o)
 .data          0x000000000040b08c        0x0 /usr/lib/gcc/i686-w64-mingw32/4.8/../../../../i686-w64-mingw32/lib/../lib/libkernel32.a(dnqfbs00689.o)
 .data          0x000000000040b08c        0x0 /usr/lib/gcc/i686-w64-mingw32/4.8/../../../../i686-w64-mingw32/lib/../lib/libkernel32.a(dnqfbs00452.o)
 .data          0x000000000040b08c        0x0 /usr/lib/gcc/i686-w64-mingw32/4.8/../../../../i686-w64-mingw32/lib/../lib/libkernel32.a(dnqfbs00282.o)
 .data          0x000000000040b08c        0x0 /usr/lib/gcc/i686-w64-mingw32/4.8/../../../../i686-w64-mingw32/lib/../lib/libkernel32.a(dnqfbs00114.o)
 .data          0x000000000040b08c        0x0 /usr/lib/gcc/i686-w64-mingw32/4.8/../../../../i686-w64-mingw32/lib/../lib/libkernel32.a(dnqfbs01301.o)
 .data          0x000000000040b08c        0x0 /usr/lib/gcc/i686-w64-mingw32/4.8/../../../../i686-w64-mingw32/lib/../lib/libkernel32.a(dnqfbs00464.o)
 .data          0x000000000040b08c        0x0 /usr/lib/gcc/i686-w64-mingw32/4.8/../../../../i686-w64-mingw32/lib/../lib/libkernel32.a(dnqfbs00809.o)
 .data          0x000000000040b08c        0x0 /usr/lib/gcc/i686-w64-mingw32/4.8/../../../../i686-w64-mingw32/lib/../lib/libkernel32.a(dnqfbs00183.o)
 .data          0x000000000040b08c        0x0 /usr/lib/gcc/i686-w64-mingw32/4.8/../../../../i686-w64-mingw32/lib/../lib/libkernel32.a(dnqfbs00706.o)
 .data          0x000000000040b08c        0x0 /usr/lib/gcc/i686-w64-mingw32/4.8/../../../../i686-w64-mingw32/lib/../lib/libkernel32.a(dnqfbs00714.o)
 .data          0x000000000040b08c        0x0 /usr/lib/gcc/i686-w64-mingw32/4.8/../../../../i686-w64-mingw32/lib/../lib/libkernel32.a(dnqfbs00167.o)
 .data          0x000000000040b08c        0x0 /usr/lib/gcc/i686-w64-mingw32/4.8/../../../../i686-w64-mingw32/lib/../lib/libkernel32.a(dnqfbs01304.o)
 .data          0x000000000040b08c        0x0 /usr/lib/gcc/i686-w64-mingw32/4.8/../../../../i686-w64-mingw32/lib/../lib/libkernel32.a(dnqfbs00139.o)
 .data          0x000000000040b08c        0x0 /usr/lib/gcc/i686-w64-mingw32/4.8/../../../../i686-w64-mingw32/lib/../lib/libkernel32.a(dnqfbs00645.o)
 .data          0x000000000040b08c        0x0 /usr/lib/gcc/i686-w64-mingw32/4.8/../../../../i686-w64-mingw32/lib/../lib/libkernel32.a(dnqfbs01289.o)
 .data          0x000000000040b08c        0x0 /usr/lib/gcc/i686-w64-mingw32/4.8/../../../../i686-w64-mingw32/lib/../lib/libkernel32.a(dnqfbs00677.o)
 .data          0x000000000040b08c        0x0 /usr/lib/gcc/i686-w64-mingw32/4.8/../../../../i686-w64-mingw32/lib/../lib/libkernel32.a(dnqfbs00625.o)
 .data          0x000000000040b08c        0x0 /usr/lib/gcc/i686-w64-mingw32/4.8/../../../../i686-w64-mingw32/lib/../lib/libkernel32.a(dnqfbs00964.o)
 .data          0x000000000040b08c        0x0 /usr/lib/gcc/i686-w64-mingw32/4.8/../../../../i686-w64-mingw32/lib/../lib/libkernel32.a(dnqfbh.o)
 .data          0x000000000040b08c        0x0 /usr/lib/gcc/i686-w64-mingw32/4.8/../../../../i686-w64-mingw32/lib/../lib/libkernel32.a(dnqfbt.o)
 .data          0x000000000040b08c        0x0 /usr/lib/gcc/i686-w64-mingw32/4.8/../../../../i686-w64-mingw32/lib/../lib/libuser32.a(dbukbs00011.o)
 .data          0x000000000040b08c        0x0 /usr/lib/gcc/i686-w64-mingw32/4.8/../../../../i686-w64-mingw32/lib/../lib/libuser32.a(dbukbs00237.o)
 .data          0x000000000040b08c        0x0 /usr/lib/gcc/i686-w64-mingw32/4.8/../../../../i686-w64-mingw32/lib/../lib/libuser32.a(dbukbs00210.o)
 .data          0x000000000040b08c        0x0 /usr/lib/gcc/i686-w64-mingw32/4.8/../../../../i686-w64-mingw32/lib/../lib/libuser32.a(dbukbs00173.o)
 .data          0x000000000040b08c        0x0 /usr/lib/gcc/i686-w64-mingw32/4.8/../../../../i686-w64-mingw32/lib/../lib/libuser32.a(dbukbs00185.o)
 .data          0x000000000040b08c        0x0 /usr/lib/gcc/i686-w64-mingw32/4.8/../../../../i686-w64-mingw32/lib/../lib/libuser32.a(dbukbs00135.o)
 .data          0x000000000040b08c        0x0 /usr/lib/gcc/i686-w64-mingw32/4.8/../../../../i686-w64-mingw32/lib/../lib/libuser32.a(dbukbs00472.o)
 .data          0x000000000040b08c        0x0 /usr/lib/gcc/i686-w64-mingw32/4.8/../../../../i686-w64-mingw32/lib/../lib/libuser32.a(dbukbs00538.o)
 .data          0x000000000040b08c        0x0 /usr/lib/gcc/i686-w64-mingw32/4.8/../../../../i686-w64-mingw32/lib/../lib/libuser32.a(dbukbs00590.o)
 .data          0x000000000040b08c        0x0 /usr/lib/gcc/i686-w64-mingw32/4.8/../../../../i686-w64-mingw32/lib/../lib/libuser32.a(dbukbs00644.o)
 .data          0x000000000040b08c        0x0 /usr/lib/gcc/i686-w64-mingw32/4.8/../../../../i686-w64-mingw32/lib/../lib/libuser32.a(dbukbs00515.o)
 .data          0x000000000040b08c        0x0 /usr/lib/gcc/i686-w64-mingw32/4.8/../../../../i686-w64-mingw32/lib/../lib/libuser32.a(dbukbs00512.o)
 .data          0x000000000040b08c        0x0 /usr/lib/gcc/i686-w64-mingw32/4.8/../../../../i686-w64-mingw32/lib/../lib/libuser32.a(dbukbs00212.o)
 .data          0x000000000040b08c        0x0 /usr/lib/gcc/i686-w64-mingw32/4.8/../../../../i686-w64-mingw32/lib/../lib/libuser32.a(dbukbs00398.o)
 .data          0x000000000040b08c        0x0 /usr/lib/gcc/i686-w64-mingw32/4.8/../../../../i686-w64-mingw32/lib/../lib/libuser32.a(dbukbs00254.o)
 .data          0x000000000040b08c        0x0 /usr/lib/gcc/i686-w64-mingw32/4.8/../../../../i686-w64-mingw32/lib/../lib/libuser32.a(dbukbs00574.o)
 .data          0x000000000040b08c        0x0 /usr/lib/gcc/i686-w64-mingw32/4.8/../../../../i686-w64-mingw32/lib/../lib/libuser32.a(dbukbs00415.o)
 .data          0x000000000040b08c        0x0 /usr/lib/gcc/i686-w64-mingw32/4.8/../../../../i686-w64-mingw32/lib/../lib/libuser32.a(dbukbs00249.o)
 .data          0x000000000040b08c        0x0 /usr/lib/gcc/i686-w64-mingw32/4.8/../../../../i686-w64-mingw32/lib/../lib/libuser32.a(dbukbs00181.o)
 .data          0x000000000040b08c        0x0 /usr/lib/gcc/i686-w64-mingw32/4.8/../../../../i686-w64-mingw32/lib/../lib/libuser32.a(dbukbs00374.o)
 .data          0x000000000040b08c        0x0 /usr/lib/gcc/i686-w64-mingw32/4.8/../../../../i686-w64-mingw32/lib/../lib/libuser32.a(dbukbs00568.o)
 .data          0x000000000040b08c        0x0 /usr/lib/gcc/i686-w64-mingw32/4.8/../../../../i686-w64-mingw32/lib/../lib/libuser32.a(dbukbs00579.o)
 .data          0x000000000040b08c        0x0 /usr/lib/gcc/i686-w64-mingw32/4.8/../../../../i686-w64-mingw32/lib/../lib/libuser32.a(dbukbs00145.o)
 .data          0x000000000040b08c        0x0 /usr/lib/gcc/i686-w64-mingw32/4.8/../../../../i686-w64-mingw32/lib/../lib/libuser32.a(dbukbs00081.o)
 .data          0x000000000040b08c        0x0 /usr/lib/gcc/i686-w64-mingw32/4.8/../../../../i686-w64-mingw32/lib/../lib/libuser32.a(dbukbs00039.o)
 .data          0x000000000040b08c        0x0 /usr/lib/gcc/i686-w64-mingw32/4.8/../../../../i686-w64-mingw32/lib/../lib/libuser32.a(dbukbs00209.o)
 .data          0x000000000040b08c        0x0 /usr/lib/gcc/i686-w64-mingw32/4.8/../../../../i686-w64-mingw32/lib/../lib/libuser32.a(dbukbs00346.o)
 .data          0x000000000040b08c        0x0 /usr/lib/gcc/i686-w64-mingw32/4.8/../../../../i686-w64-mingw32/lib/../lib/libuser32.a(dbukbs00327.o)
 .data          0x000000000040b08c        0x0 /usr/lib/gcc/i686-w64-mingw32/4.8/../../../../i686-w64-mingw32/lib/../lib/libuser32.a(dbukbs00524.o)
 .data          0x000000000040b08c        0x0 /usr/lib/gcc/i686-w64-mingw32/4.8/../../../../i686-w64-mingw32/lib/../lib/libuser32.a(dbukbs00329.o)
 .data          0x000000000040b08c        0x0 /usr/lib/gcc/i686-w64-mingw32/4.8/../../../../i686-w64-mingw32/lib/../lib/libuser32.a(dbukbs00179.o)
 .data          0x000000000040b08c        0x0 /usr/lib/gcc/i686-w64-mingw32/4.8/../../../../i686-w64-mingw32/lib/../lib/libuser32.a(dbukbs00183.o)
 .data          0x000000000040b08c        0x0 /usr/lib/gcc/i686-w64-mingw32/4.8/../../../../i686-w64-mingw32/lib/../lib/libuser32.a(dbukbs00352.o)
 .data          0x000000000040b08c        0x0 /usr/lib/gcc/i686-w64-mingw32/4.8/../../../../i686-w64-mingw32/lib/../lib/libuser32.a(dbukbs00504.o)
 .data          0x000000000040b08c        0x0 /usr/lib/gcc/i686-w64-mingw32/4.8/../../../../i686-w64-mingw32/lib/../lib/libuser32.a(dbukbs00577.o)
 .data          0x000000000040b08c        0x0 /usr/lib/gcc/i686-w64-mingw32/4.8/../../../../i686-w64-mingw32/lib/../lib/libuser32.a(dbukbs00399.o)
 .data          0x000000000040b08c        0x0 /usr/lib/gcc/i686-w64-mingw32/4.8/../../../../i686-w64-mingw32/lib/../lib/libuser32.a(dbukbs00053.o)
 .data          0x000000000040b08c        0x0 /usr/lib/gcc/i686-w64-mingw32/4.8/../../../../i686-w64-mingw32/lib/../lib/libuser32.a(dbukbs00409.o)
 .data          0x000000000040b08c        0x0 /usr/lib/gcc/i686-w64-mingw32/4.8/../../../../i686-w64-mingw32/lib/../lib/libuser32.a(dbukbs00529.o)
 .data          0x000000000040b08c        0x0 /usr/lib/gcc/i686-w64-mingw32/4.8/../../../../i686-w64-mingw32/lib/../lib/libuser32.a(dbukbs00390.o)
 .data          0x000000000040b08c        0x0 /usr/lib/gcc/i686-w64-mingw32/4.8/../../../../i686-w64-mingw32/lib/../lib/libuser32.a(dbukbs00224.o)
 .data          0x000000000040b08c        0x0 /usr/lib/gcc/i686-w64-mingw32/4.8/../../../../i686-w64-mingw32/lib/../lib/libuser32.a(dbukbs00483.o)
 .data          0x000000000040b08c        0x0 /usr/lib/gcc/i686-w64-mingw32/4.8/../../../../i686-w64-mingw32/lib/../lib/libuser32.a(dbukbs00596.o)
 .data          0x000000000040b08c        0x0 /usr/lib/gcc/i686-w64-mingw32/4.8/../../../../i686-w64-mingw32/lib/../lib/libuser32.a(dbukbs00091.o)
 .data          0x000000000040b08c        0x0 /usr/lib/gcc/i686-w64-mingw32/4.8/../../../../i686-w64-mingw32/lib/../lib/libuser32.a(dbukbs00228.o)
 .data          0x000000000040b08c        0x0 /usr/lib/gcc/i686-w64-mingw32/4.8/../../../../i686-w64-mingw32/lib/../lib/libuser32.a(dbukbs00148.o)
 .data          0x000000000040b08c        0x0 /usr/lib/gcc/i686-w64-mingw32/4.8/../../../../i686-w64-mingw32/lib/../lib/libuser32.a(dbukbs00299.o)
 .data          0x000000000040b08c        0x0 /usr/lib/gcc/i686-w64-mingw32/4.8/../../../../i686-w64-mingw32/lib/../lib/libuser32.a(dbukbs00407.o)
 .data          0x000000000040b08c        0x0 /usr/lib/gcc/i686-w64-mingw32/4.8/../../../../i686-w64-mingw32/lib/../lib/libuser32.a(dbukbs00401.o)
 .data          0x000000000040b08c        0x0 /usr/lib/gcc/i686-w64-mingw32/4.8/../../../../i686-w64-mingw32/lib/../lib/libuser32.a(dbukbs00024.o)
 .data          0x000000000040b08c        0x0 /usr/lib/gcc/i686-w64-mingw32/4.8/../../../../i686-w64-mingw32/lib/../lib/libuser32.a(dbukbs00330.o)
 .data          0x000000000040b08c        0x0 /usr/lib/gcc/i686-w64-mingw32/4.8/../../../../i686-w64-mingw32/lib/../lib/libuser32.a(dbukbs00090.o)
 .data          0x000000000040b08c        0x0 /usr/lib/gcc/i686-w64-mingw32/4.8/../../../../i686-w64-mingw32/lib/../lib/libuser32.a(dbukbs00006.o)
 .data          0x000000000040b08c        0x0 /usr/lib/gcc/i686-w64-mingw32/4.8/../../../../i686-w64-mingw32/lib/../lib/libuser32.a(dbukbs00607.o)
 .data          0x000000000040b08c        0x0 /usr/lib/gcc/i686-w64-mingw32/4.8/../../../../i686-w64-mingw32/lib/../lib/libuser32.a(dbukbs00459.o)
 .data          0x000000000040b08c        0x0 /usr/lib/gcc/i686-w64-mingw32/4.8/../../../../i686-w64-mingw32/lib/../lib/libuser32.a(dbukbs00178.o)
 .data          0x000000000040b08c        0x0 /usr/lib/gcc/i686-w64-mingw32/4.8/../../../../i686-w64-mingw32/lib/../lib/libuser32.a(dbukbs00527.o)
 .data          0x000000000040b08c        0x0 /usr/lib/gcc/i686-w64-mingw32/4.8/../../../../i686-w64-mingw32/lib/../lib/libuser32.a(dbukbs00061.o)
 .data          0x000000000040b08c        0x0 /usr/lib/gcc/i686-w64-mingw32/4.8/../../../../i686-w64-mingw32/lib/../lib/libuser32.a(dbukbs00534.o)
 .data          0x000000000040b08c        0x0 /usr/lib/gcc/i686-w64-mingw32/4.8/../../../../i686-w64-mingw32/lib/../lib/libuser32.a(dbukbs00256.o)
 .data          0x000000000040b08c        0x0 /usr/lib/gcc/i686-w64-mingw32/4.8/../../../../i686-w64-mingw32/lib/../lib/libuser32.a(dbukbs00441.o)
 .data          0x000000000040b08c        0x0 /usr/lib/gcc/i686-w64-mingw32/4.8/../../../../i686-w64-mingw32/lib/../lib/libuser32.a(dbukbs00042.o)
 .data          0x000000000040b08c        0x0 /usr/lib/gcc/i686-w64-mingw32/4.8/../../../../i686-w64-mingw32/lib/../lib/libuser32.a(dbukbs00646.o)
 .data          0x000000000040b08c        0x0 /usr/lib/gcc/i686-w64-mingw32/4.8/../../../../i686-w64-mingw32/lib/../lib/libuser32.a(dbukbs00468.o)
 .data          0x000000000040b08c        0x0 /usr/lib/gcc/i686-w64-mingw32/4.8/../../../../i686-w64-mingw32/lib/../lib/libuser32.a(dbukbs00150.o)
 .data          0x000000000040b08c        0x0 /usr/lib/gcc/i686-w64-mingw32/4.8/../../../../i686-w64-mingw32/lib/../lib/libuser32.a(dbukbh.o)
 .data          0x000000000040b08c        0x0 /usr/lib/gcc/i686-w64-mingw32/4.8/../../../../i686-w64-mingw32/lib/../lib/libuser32.a(dbukbt.o)
 .data          0x000000000040b08c        0x0 /usr/lib/gcc/i686-w64-mingw32/4.8/../../../../i686-w64-mingw32/lib/../lib/libgdi32.a(dtfkbs00030.o)
 .data          0x000000000040b08c        0x0 /usr/lib/gcc/i686-w64-mingw32/4.8/../../../../i686-w64-mingw32/lib/../lib/libgdi32.a(dtfkbs00075.o)
 .data          0x000000000040b08c        0x0 /usr/lib/gcc/i686-w64-mingw32/4.8/../../../../i686-w64-mingw32/lib/../lib/libgdi32.a(dtfkbs00047.o)
 .data          0x000000000040b08c        0x0 /usr/lib/gcc/i686-w64-mingw32/4.8/../../../../i686-w64-mingw32/lib/../lib/libgdi32.a(dtfkbs00312.o)
 .data          0x000000000040b08c        0x0 /usr/lib/gcc/i686-w64-mingw32/4.8/../../../../i686-w64-mingw32/lib/../lib/libgdi32.a(dtfkbs00348.o)
 .data          0x000000000040b08c        0x0 /usr/lib/gcc/i686-w64-mingw32/4.8/../../../../i686-w64-mingw32/lib/../lib/libgdi32.a(dtfkbs00305.o)
 .data          0x000000000040b08c        0x0 /usr/lib/gcc/i686-w64-mingw32/4.8/../../../../i686-w64-mingw32/lib/../lib/libgdi32.a(dtfkbs00168.o)
 .data          0x000000000040b08c        0x0 /usr/lib/gcc/i686-w64-mingw32/4.8/../../../../i686-w64-mingw32/lib/../lib/libgdi32.a(dtfkbs00311.o)
 .data          0x000000000040b08c        0x0 /usr/lib/gcc/i686-w64-mingw32/4.8/../../../../i686-w64-mingw32/lib/../lib/libgdi32.a(dtfkbh.o)
 .data          0x000000000040b08c        0x0 /usr/lib/gcc/i686-w64-mingw32/4.8/../../../../i686-w64-mingw32/lib/../lib/libgdi32.a(dtfkbt.o)
 .data          0x000000000040b08c        0x0 /usr/lib/gcc/i686-w64-mingw32/4.8/../../../../i686-w64-mingw32/lib/../lib/libshell32.a(dyxfbs00148.o)
 .data          0x000000000040b08c        0x0 /usr/lib/gcc/i686-w64-mingw32/4.8/../../../../i686-w64-mingw32/lib/../lib/libshell32.a(lib32_libshell32_a-shell32.o)
 .data          0x000000000040b08c        0x0 /usr/lib/gcc/i686-w64-mingw32/4.8/../../../../i686-w64-mingw32/lib/../lib/libshell32.a(dyxfbs00077.o)
 .data          0x000000000040b08c        0x0 /usr/lib/gcc/i686-w64-mingw32/4.8/../../../../i686-w64-mingw32/lib/../lib/libshell32.a(dyxfbs00088.o)
 .data          0x000000000040b08c        0x0 /usr/lib/gcc/i686-w64-mingw32/4.8/../../../../i686-w64-mingw32/lib/../lib/libshell32.a(dyxfbs00104.o)
 .data          0x000000000040b08c        0x0 /usr/lib/gcc/i686-w64-mingw32/4.8/../../../../i686-w64-mingw32/lib/../lib/libshell32.a(dyxfbs00063.o)
 .data          0x000000000040b08c        0x0 /usr/lib/gcc/i686-w64-mingw32/4.8/../../../../i686-w64-mingw32/lib/../lib/libshell32.a(dyxfbs00108.o)
 .data          0x000000000040b08c        0x0 /usr/lib/gcc/i686-w64-mingw32/4.8/../../../../i686-w64-mingw32/lib/../lib/libshell32.a(dyxfbh.o)
 .data          0x000000000040b08c        0x0 /usr/lib/gcc/i686-w64-mingw32/4.8/../../../../i686-w64-mingw32/lib/../lib/libshell32.a(dyxfbt.o)
 .data          0x000000000040b08c        0x0 /usr/lib/gcc/i686-w64-mingw32/4.8/../../../../i686-w64-mingw32/lib/../lib/libadvapi32.a(drrjbs00616.o)
 .data          0x000000000040b08c        0x0 /usr/lib/gcc/i686-w64-mingw32/4.8/../../../../i686-w64-mingw32/lib/../lib/libadvapi32.a(drrjbs00597.o)
 .data          0x000000000040b08c        0x0 /usr/lib/gcc/i686-w64-mingw32/4.8/../../../../i686-w64-mingw32/lib/../lib/libadvapi32.a(drrjbs00568.o)
 .data          0x000000000040b08c        0x0 /usr/lib/gcc/i686-w64-mingw32/4.8/../../../../i686-w64-mingw32/lib/../lib/libadvapi32.a(drrjbs00581.o)
 .data          0x000000000040b08c        0x0 /usr/lib/gcc/i686-w64-mingw32/4.8/../../../../i686-w64-mingw32/lib/../lib/libadvapi32.a(drrjbs00591.o)
 .data          0x000000000040b08c        0x0 /usr/lib/gcc/i686-w64-mingw32/4.8/../../../../i686-w64-mingw32/lib/../lib/libadvapi32.a(drrjbs00576.o)
 .data          0x000000000040b08c        0x0 /usr/lib/gcc/i686-w64-mingw32/4.8/../../../../i686-w64-mingw32/lib/../lib/libadvapi32.a(drrjbs00645.o)
 .data          0x000000000040b08c        0x0 /usr/lib/gcc/i686-w64-mingw32/4.8/../../../../i686-w64-mingw32/lib/../lib/libadvapi32.a(drrjbs00629.o)
 .data          0x000000000040b08c        0x0 /usr/lib/gcc/i686-w64-mingw32/4.8/../../../../i686-w64-mingw32/lib/../lib/libadvapi32.a(drrjbs00601.o)
 .data          0x000000000040b08c        0x0 /usr/lib/gcc/i686-w64-mingw32/4.8/../../../../i686-w64-mingw32/lib/../lib/libadvapi32.a(drrjbh.o)
 .data          0x000000000040b08c        0x0 /usr/lib/gcc/i686-w64-mingw32/4.8/../../../../i686-w64-mingw32/lib/../lib/libadvapi32.a(drrjbt.o)
 .data          0x000000000040b08c        0x0 /usr/lib/gcc/i686-w64-mingw32/4.8/../../../../i686-w64-mingw32/lib/../lib/libcomctl32.a(dwtjbs00094.o)
 .data          0x000000000040b08c        0x0 /usr/lib/gcc/i686-w64-mingw32/4.8/../../../../i686-w64-mingw32/lib/../lib/libcomctl32.a(dwtjbs00062.o)
 .data          0x000000000040b08c        0x0 /usr/lib/gcc/i686-w64-mingw32/4.8/../../../../i686-w64-mingw32/lib/../lib/libcomctl32.a(dwtjbs00059.o)
 .data          0x000000000040b08c        0x0 /usr/lib/gcc/i686-w64-mingw32/4.8/../../../../i686-w64-mingw32/lib/../lib/libcomctl32.a(dwtjbs00063.o)
 .data          0x000000000040b08c        0x0 /usr/lib/gcc/i686-w64-mingw32/4.8/../../../../i686-w64-mingw32/lib/../lib/libcomctl32.a(dwtjbh.o)
 .data          0x000000000040b08c        0x0 /usr/lib/gcc/i686-w64-mingw32/4.8/../../../../i686-w64-mingw32/lib/../lib/libcomctl32.a(dwtjbt.o)
 .data          0x000000000040b08c        0x0 /usr/lib/gcc/i686-w64-mingw32/4.8/../../../../i686-w64-mingw32/lib/../lib/libole32.a(dxmkbs00016.o)
 .data          0x000000000040b08c        0x0 /usr/lib/gcc/i686-w64-mingw32/4.8/../../../../i686-w64-mingw32/lib/../lib/libole32.a(dxmkbs00248.o)
 .data          0x000000000040b08c        0x0 /usr/lib/gcc/i686-w64-mingw32/4.8/../../../../i686-w64-mingw32/lib/../lib/libole32.a(dxmkbs00271.o)
 .data          0x000000000040b08c        0x0 /usr/lib/gcc/i686-w64-mingw32/4.8/../../../../i686-w64-mingw32/lib/../lib/libole32.a(dxmkbs00106.o)
 .data          0x000000000040b08c        0x0 /usr/lib/gcc/i686-w64-mingw32/4.8/../../../../i686-w64-mingw32/lib/../lib/libole32.a(dxmkbh.o)
 .data          0x000000000040b08c        0x0 /usr/lib/gcc/i686-w64-mingw32/4.8/../../../../i686-w64-mingw32/lib/../lib/libole32.a(dxmkbt.o)
 .data          0x000000000040b08c        0x0 /usr/lib/gcc/i686-w64-mingw32/4.8/../../../../i686-w64-mingw32/lib/../lib/libversion.a(dqukbs00001.o)
 .data          0x000000000040b08c        0x0 /usr/lib/gcc/i686-w64-mingw32/4.8/../../../../i686-w64-mingw32/lib/../lib/libversion.a(dqukbs00000.o)
 .data          0x000000000040b08c        0x0 /usr/lib/gcc/i686-w64-mingw32/4.8/../../../../i686-w64-mingw32/lib/../lib/libversion.a(dqukbs00010.o)
 .data          0x000000000040b08c        0x0 /usr/lib/gcc/i686-w64-mingw32/4.8/../../../../i686-w64-mingw32/lib/../lib/libversion.a(dqukbh.o)
 .data          0x000000000040b08c        0x0 /usr/lib/gcc/i686-w64-mingw32/4.8/../../../../i686-w64-mingw32/lib/../lib/libversion.a(dqukbt.o)
 .data          0x000000000040b08c        0x0 /usr/lib/gcc/i686-w64-mingw32/4.8/../../../../i686-w64-mingw32/lib/../lib/libuuid.a(lib32_libuuid_a-uuid.o)
 *(.data2)
 *(SORT(.data$*))
                0x000000000040b08c                __data_end__ = .
 *(.data_cygwin_nocopy)

.rdata          0x000000000040c000     0x6000
 *(.rdata)
 .rdata         0x000000000040c000      0x73c build/release/stub_lzma/exec.o
 .rdata         0x000000000040c73c      0x10c build/release/stub_lzma/fileform.o
 .rdata         0x000000000040c848       0x8c build/release/stub_lzma/Main.o
 .rdata         0x000000000040c8d4       0xf8 build/release/stub_lzma/Ui.o
 .rdata         0x000000000040c9cc      0x2d8 build/release/stub_lzma/util.o
                0x000000000040cc4c                QUICKLAUNCH
                0x000000000040cc78                SYSREGKEY
 .rdata         0x000000000040cca4       0x74 build/release/stub_lzma/LZMADecode.o
 *(SORT(.rdata$*))
 .rdata$ALL_POWERSCHEMES_GUID
                0x000000000040cd18       0x10 /usr/lib/gcc/i686-w64-mingw32/4.8/../../../../i686-w64-mingw32/lib/../lib/libuuid.a(lib32_libuuid_a-uuid.o)
                0x000000000040cd18                ALL_POWERSCHEMES_GUID
 .rdata$ARRAYID_PathProperties
                0x000000000040cd28       0x10 /usr/lib/gcc/i686-w64-mingw32/4.8/../../../../i686-w64-mingw32/lib/../lib/libuuid.a(lib32_libuuid_a-uuid.o)
                0x000000000040cd28                ARRAYID_PathProperties
 .rdata$BHID_AssociationArray
                0x000000000040cd38       0x10 /usr/lib/gcc/i686-w64-mingw32/4.8/../../../../i686-w64-mingw32/lib/../lib/libuuid.a(lib32_libuuid_a-uuid.o)
                0x000000000040cd38                BHID_AssociationArray
 .rdata$BHID_DataObject
                0x000000000040cd48       0x10 /usr/lib/gcc/i686-w64-mingw32/4.8/../../../../i686-w64-mingw32/lib/../lib/libuuid.a(lib32_libuuid_a-uuid.o)
                0x000000000040cd48                BHID_DataObject
 .rdata$BHID_EnumAssocHandlers
                0x000000000040cd58       0x10 /usr/lib/gcc/i686-w64-mingw32/4.8/../../../../i686-w64-mingw32/lib/../lib/libuuid.a(lib32_libuuid_a-uuid.o)
                0x000000000040cd58                BHID_EnumAssocHandlers
 .rdata$BHID_EnumItems
                0x000000000040cd68       0x10 /usr/lib/gcc/i686-w64-mingw32/4.8/../../../../i686-w64-mingw32/lib/../lib/libuuid.a(lib32_libuuid_a-uuid.o)
                0x000000000040cd68                BHID_EnumItems
 .rdata$BHID_Filter
                0x000000000040cd78       0x10 /usr/lib/gcc/i686-w64-mingw32/4.8/../../../../i686-w64-mingw32/lib/../lib/libuuid.a(lib32_libuuid_a-uuid.o)
                0x000000000040cd78                BHID_Filter
 .rdata$BHID_LinkTargetItem
                0x000000000040cd88       0x10 /usr/lib/gcc/i686-w64-mingw32/4.8/../../../../i686-w64-mingw32/lib/../lib/libuuid.a(lib32_libuuid_a-uuid.o)
                0x000000000040cd88                BHID_LinkTargetItem
 .rdata$BHID_PropertyStore
                0x000000000040cd98       0x10 /usr/lib/gcc/i686-w64-mingw32/4.8/../../../../i686-w64-mingw32/lib/../lib/libuuid.a(lib32_libuuid_a-uuid.o)
                0x000000000040cd98                BHID_PropertyStore
 .rdata$BHID_RandomAccessStream
                0x000000000040cda8       0x10 /usr/lib/gcc/i686-w64-mingw32/4.8/../../../../i686-w64-mingw32/lib/../lib/libuuid.a(lib32_libuuid_a-uuid.o)
                0x000000000040cda8                BHID_RandomAccessStream
 .rdata$BHID_SFObject
                0x000000000040cdb8       0x10 /usr/lib/gcc/i686-w64-mingw32/4.8/../../../../i686-w64-mingw32/lib/../lib/libuuid.a(lib32_libuuid_a-uuid.o)
                0x000000000040cdb8                BHID_SFObject
 .rdata$BHID_SFUIObject
                0x000000000040cdc8       0x10 /usr/lib/gcc/i686-w64-mingw32/4.8/../../../../i686-w64-mingw32/lib/../lib/libuuid.a(lib32_libuuid_a-uuid.o)
                0x000000000040cdc8                BHID_SFUIObject
 .rdata$BHID_SFViewObject
                0x000000000040cdd8       0x10 /usr/lib/gcc/i686-w64-mingw32/4.8/../../../../i686-w64-mingw32/lib/../lib/libuuid.a(lib32_libuuid_a-uuid.o)
                0x000000000040cdd8                BHID_SFViewObject
 .rdata$BHID_Storage
                0x000000000040cde8       0x10 /usr/lib/gcc/i686-w64-mingw32/4.8/../../../../i686-w64-mingw32/lib/../lib/libuuid.a(lib32_libuuid_a-uuid.o)
                0x000000000040cde8                BHID_Storage
 .rdata$BHID_StorageEnum
                0x000000000040cdf8       0x10 /usr/lib/gcc/i686-w64-mingw32/4.8/../../../../i686-w64-mingw32/lib/../lib/libuuid.a(lib32_libuuid_a-uuid.o)
                0x000000000040cdf8                BHID_StorageEnum
 .rdata$BHID_Stream
                0x000000000040ce08       0x10 /usr/lib/gcc/i686-w64-mingw32/4.8/../../../../i686-w64-mingw32/lib/../lib/libuuid.a(lib32_libuuid_a-uuid.o)
                0x000000000040ce08                BHID_Stream
 .rdata$BHID_ThumbnailHandler
                0x000000000040ce18       0x10 /usr/lib/gcc/i686-w64-mingw32/4.8/../../../../i686-w64-mingw32/lib/../lib/libuuid.a(lib32_libuuid_a-uuid.o)
                0x000000000040ce18                BHID_ThumbnailHandler
 .rdata$BHID_Transfer
                0x000000000040ce28       0x10 /usr/lib/gcc/i686-w64-mingw32/4.8/../../../../i686-w64-mingw32/lib/../lib/libuuid.a(lib32_libuuid_a-uuid.o)
                0x000000000040ce28                BHID_Transfer
 .rdata$CATID_BrowsableShellExt
                0x000000000040ce38       0x10 /usr/lib/gcc/i686-w64-mingw32/4.8/../../../../i686-w64-mingw32/lib/../lib/libuuid.a(lib32_libuuid_a-uuid.o)
                0x000000000040ce38                CATID_BrowsableShellExt
 .rdata$CATID_BrowseInPlace
                0x000000000040ce48       0x10 /usr/lib/gcc/i686-w64-mingw32/4.8/../../../../i686-w64-mingw32/lib/../lib/libuuid.a(lib32_libuuid_a-uuid.o)
                0x000000000040ce48                CATID_BrowseInPlace
 .rdata$CATID_CommBand
                0x000000000040ce58       0x10 /usr/lib/gcc/i686-w64-mingw32/4.8/../../../../i686-w64-mingw32/lib/../lib/libuuid.a(lib32_libuuid_a-uuid.o)
                0x000000000040ce58                CATID_CommBand
 .rdata$CATID_Control
                0x000000000040ce68       0x10 /usr/lib/gcc/i686-w64-mingw32/4.8/../../../../i686-w64-mingw32/lib/../lib/libuuid.a(lib32_libuuid_a-uuid.o)
                0x000000000040ce68                CATID_Control
 .rdata$CATID_DeskBand
                0x000000000040ce78       0x10 /usr/lib/gcc/i686-w64-mingw32/4.8/../../../../i686-w64-mingw32/lib/../lib/libuuid.a(lib32_libuuid_a-uuid.o)
                0x000000000040ce78                CATID_DeskBand
 .rdata$CATID_DocObject
                0x000000000040ce88       0x10 /usr/lib/gcc/i686-w64-mingw32/4.8/../../../../i686-w64-mingw32/lib/../lib/libuuid.a(lib32_libuuid_a-uuid.o)
                0x000000000040ce88                CATID_DocObject
 .rdata$CATID_InfoBand
                0x000000000040ce98       0x10 /usr/lib/gcc/i686-w64-mingw32/4.8/../../../../i686-w64-mingw32/lib/../lib/libuuid.a(lib32_libuuid_a-uuid.o)
                0x000000000040ce98                CATID_InfoBand
 .rdata$CATID_Insertable
                0x000000000040cea8       0x10 /usr/lib/gcc/i686-w64-mingw32/4.8/../../../../i686-w64-mingw32/lib/../lib/libuuid.a(lib32_libuuid_a-uuid.o)
                0x000000000040cea8                CATID_Insertable
 .rdata$CATID_InternetAware
                0x000000000040ceb8       0x10 /usr/lib/gcc/i686-w64-mingw32/4.8/../../../../i686-w64-mingw32/lib/../lib/libuuid.a(lib32_libuuid_a-uuid.o)
                0x000000000040ceb8                CATID_InternetAware
 .rdata$CATID_IsShortcut
                0x000000000040cec8       0x10 /usr/lib/gcc/i686-w64-mingw32/4.8/../../../../i686-w64-mingw32/lib/../lib/libuuid.a(lib32_libuuid_a-uuid.o)
                0x000000000040cec8                CATID_IsShortcut
 .rdata$CATID_LocationFactory
                0x000000000040ced8       0x10 /usr/lib/gcc/i686-w64-mingw32/4.8/../../../../i686-w64-mingw32/lib/../lib/libuuid.a(lib32_libuuid_a-uuid.o)
                0x000000000040ced8                CATID_LocationFactory
 .rdata$CATID_LocationProvider
                0x000000000040cee8       0x10 /usr/lib/gcc/i686-w64-mingw32/4.8/../../../../i686-w64-mingw32/lib/../lib/libuuid.a(lib32_libuuid_a-uuid.o)
                0x000000000040cee8                CATID_LocationProvider
 .rdata$CATID_NeverShowExt
                0x000000000040cef8       0x10 /usr/lib/gcc/i686-w64-mingw32/4.8/../../../../i686-w64-mingw32/lib/../lib/libuuid.a(lib32_libuuid_a-uuid.o)
                0x000000000040cef8                CATID_NeverShowExt
 .rdata$CATID_PersistsToFile
                0x000000000040cf08       0x10 /usr/lib/gcc/i686-w64-mingw32/4.8/../../../../i686-w64-mingw32/lib/../lib/libuuid.a(lib32_libuuid_a-uuid.o)
                0x000000000040cf08                CATID_PersistsToFile
 .rdata$CATID_PersistsToMemory
                0x000000000040cf18       0x10 /usr/lib/gcc/i686-w64-mingw32/4.8/../../../../i686-w64-mingw32/lib/../lib/libuuid.a(lib32_libuuid_a-uuid.o)
                0x000000000040cf18                CATID_PersistsToMemory
 .rdata$CATID_PersistsToMoniker
                0x000000000040cf28       0x10 /usr/lib/gcc/i686-w64-mingw32/4.8/../../../../i686-w64-mingw32/lib/../lib/libuuid.a(lib32_libuuid_a-uuid.o)
                0x000000000040cf28                CATID_PersistsToMoniker
 .rdata$CATID_PersistsToPropertyBag
                0x000000000040cf38       0x10 /usr/lib/gcc/i686-w64-mingw32/4.8/../../../../i686-w64-mingw32/lib/../lib/libuuid.a(lib32_libuuid_a-uuid.o)
                0x000000000040cf38                CATID_PersistsToPropertyBag
 .rdata$CATID_PersistsToStorage
                0x000000000040cf48       0x10 /usr/lib/gcc/i686-w64-mingw32/4.8/../../../../i686-w64-mingw32/lib/../lib/libuuid.a(lib32_libuuid_a-uuid.o)
                0x000000000040cf48                CATID_PersistsToStorage
 .rdata$CATID_PersistsToStream
                0x000000000040cf58       0x10 /usr/lib/gcc/i686-w64-mingw32/4.8/../../../../i686-w64-mingw32/lib/../lib/libuuid.a(lib32_libuuid_a-uuid.o)
                0x000000000040cf58                CATID_PersistsToStream
 .rdata$CATID_PersistsToStreamInit
                0x000000000040cf68       0x10 /usr/lib/gcc/i686-w64-mingw32/4.8/../../../../i686-w64-mingw32/lib/../lib/libuuid.a(lib32_libuuid_a-uuid.o)
                0x000000000040cf68                CATID_PersistsToStreamInit
 .rdata$CATID_Printable
                0x000000000040cf78       0x10 /usr/lib/gcc/i686-w64-mingw32/4.8/../../../../i686-w64-mingw32/lib/../lib/libuuid.a(lib32_libuuid_a-uuid.o)
                0x000000000040cf78                CATID_Printable
 .rdata$CATID_Programmable
                0x000000000040cf88       0x10 /usr/lib/gcc/i686-w64-mingw32/4.8/../../../../i686-w64-mingw32/lib/../lib/libuuid.a(lib32_libuuid_a-uuid.o)
                0x000000000040cf88                CATID_Programmable
 .rdata$CATID_RequiresDataPathHost
                0x000000000040cf98       0x10 /usr/lib/gcc/i686-w64-mingw32/4.8/../../../../i686-w64-mingw32/lib/../lib/libuuid.a(lib32_libuuid_a-uuid.o)
                0x000000000040cf98                CATID_RequiresDataPathHost
 .rdata$CATID_SafeForInitializing
                0x000000000040cfa8       0x10 /usr/lib/gcc/i686-w64-mingw32/4.8/../../../../i686-w64-mingw32/lib/../lib/libuuid.a(lib32_libuuid_a-uuid.o)
                0x000000000040cfa8                CATID_SafeForInitializing
 .rdata$CATID_SafeForScripting
                0x000000000040cfb8       0x10 /usr/lib/gcc/i686-w64-mingw32/4.8/../../../../i686-w64-mingw32/lib/../lib/libuuid.a(lib32_libuuid_a-uuid.o)
                0x000000000040cfb8                CATID_SafeForScripting
 .rdata$CATID_SearchableApplication
                0x000000000040cfc8       0x10 /usr/lib/gcc/i686-w64-mingw32/4.8/../../../../i686-w64-mingw32/lib/../lib/libuuid.a(lib32_libuuid_a-uuid.o)
                0x000000000040cfc8                CATID_SearchableApplication
 .rdata$CGID_DefView
                0x000000000040cfd8       0x10 /usr/lib/gcc/i686-w64-mingw32/4.8/../../../../i686-w64-mingw32/lib/../lib/libuuid.a(lib32_libuuid_a-uuid.o)
                0x000000000040cfd8                CGID_DefView
 .rdata$CGID_Explorer
                0x000000000040cfe8       0x10 /usr/lib/gcc/i686-w64-mingw32/4.8/../../../../i686-w64-mingw32/lib/../lib/libuuid.a(lib32_libuuid_a-uuid.o)
                0x000000000040cfe8                CGID_Explorer
 .rdata$CGID_ExplorerBarDoc
                0x000000000040cff8       0x10 /usr/lib/gcc/i686-w64-mingw32/4.8/../../../../i686-w64-mingw32/lib/../lib/libuuid.a(lib32_libuuid_a-uuid.o)
                0x000000000040cff8                CGID_ExplorerBarDoc
 .rdata$CGID_MENUDESKBAR
                0x000000000040d008       0x10 /usr/lib/gcc/i686-w64-mingw32/4.8/../../../../i686-w64-mingw32/lib/../lib/libuuid.a(lib32_libuuid_a-uuid.o)
                0x000000000040d008                CGID_MENUDESKBAR
 .rdata$CGID_ShellDocView
                0x000000000040d018       0x10 /usr/lib/gcc/i686-w64-mingw32/4.8/../../../../i686-w64-mingw32/lib/../lib/libuuid.a(lib32_libuuid_a-uuid.o)
                0x000000000040d018                CGID_ShellDocView
 .rdata$CGID_ShellServiceObject
                0x000000000040d028       0x10 /usr/lib/gcc/i686-w64-mingw32/4.8/../../../../i686-w64-mingw32/lib/../lib/libuuid.a(lib32_libuuid_a-uuid.o)
                0x000000000040d028                CGID_ShellServiceObject
 .rdata$CGID_ShortCut
                0x000000000040d038       0x10 /usr/lib/gcc/i686-w64-mingw32/4.8/../../../../i686-w64-mingw32/lib/../lib/libuuid.a(lib32_libuuid_a-uuid.o)
                0x000000000040d038                CGID_ShortCut
 .rdata$CLSID_ACLCustomMRU
                0x000000000040d048       0x10 /usr/lib/gcc/i686-w64-mingw32/4.8/../../../../i686-w64-mingw32/lib/../lib/libuuid.a(lib32_libuuid_a-uuid.o)
                0x000000000040d048                CLSID_ACLCustomMRU
 .rdata$CLSID_ACLHistory
                0x000000000040d058       0x10 /usr/lib/gcc/i686-w64-mingw32/4.8/../../../../i686-w64-mingw32/lib/../lib/libuuid.a(lib32_libuuid_a-uuid.o)
                0x000000000040d058                CLSID_ACLHistory
 .rdata$CLSID_ACLMRU
                0x000000000040d068       0x10 /usr/lib/gcc/i686-w64-mingw32/4.8/../../../../i686-w64-mingw32/lib/../lib/libuuid.a(lib32_libuuid_a-uuid.o)
                0x000000000040d068                CLSID_ACLMRU
 .rdata$CLSID_ACLMulti
                0x000000000040d078       0x10 /usr/lib/gcc/i686-w64-mingw32/4.8/../../../../i686-w64-mingw32/lib/../lib/libuuid.a(lib32_libuuid_a-uuid.o)
                0x000000000040d078                CLSID_ACLMulti
 .rdata$CLSID_ACListISF
                0x000000000040d088       0x10 /usr/lib/gcc/i686-w64-mingw32/4.8/../../../../i686-w64-mingw32/lib/../lib/libuuid.a(lib32_libuuid_a-uuid.o)
                0x000000000040d088                CLSID_ACListISF
 .rdata$CLSID_AccPropServices
                0x000000000040d098       0x10 /usr/lib/gcc/i686-w64-mingw32/4.8/../../../../i686-w64-mingw32/lib/../lib/libuuid.a(lib32_libuuid_a-uuid.o)
                0x000000000040d098                CLSID_AccPropServices
 .rdata$CLSID_AccessibilityDockingService
                0x000000000040d0a8       0x10 /usr/lib/gcc/i686-w64-mingw32/4.8/../../../../i686-w64-mingw32/lib/../lib/libuuid.a(lib32_libuuid_a-uuid.o)
                0x000000000040d0a8                CLSID_AccessibilityDockingService
 .rdata$CLSID_ActiveDesktop
                0x000000000040d0b8       0x10 /usr/lib/gcc/i686-w64-mingw32/4.8/../../../../i686-w64-mingw32/lib/../lib/libuuid.a(lib32_libuuid_a-uuid.o)
                0x000000000040d0b8                CLSID_ActiveDesktop
 .rdata$CLSID_AllClasses
                0x000000000040d0c8       0x10 /usr/lib/gcc/i686-w64-mingw32/4.8/../../../../i686-w64-mingw32/lib/../lib/libuuid.a(lib32_libuuid_a-uuid.o)
                0x000000000040d0c8                CLSID_AllClasses
 .rdata$CLSID_AlphabeticalCategorizer
                0x000000000040d0d8       0x10 /usr/lib/gcc/i686-w64-mingw32/4.8/../../../../i686-w64-mingw32/lib/../lib/libuuid.a(lib32_libuuid_a-uuid.o)
                0x000000000040d0d8                CLSID_AlphabeticalCategorizer
 .rdata$CLSID_AppShellVerbHandler
                0x000000000040d0e8       0x10 /usr/lib/gcc/i686-w64-mingw32/4.8/../../../../i686-w64-mingw32/lib/../lib/libuuid.a(lib32_libuuid_a-uuid.o)
                0x000000000040d0e8                CLSID_AppShellVerbHandler
 .rdata$CLSID_AppStartupLink
                0x000000000040d0f8       0x10 /usr/lib/gcc/i686-w64-mingw32/4.8/../../../../i686-w64-mingw32/lib/../lib/libuuid.a(lib32_libuuid_a-uuid.o)
                0x000000000040d0f8                CLSID_AppStartupLink
 .rdata$CLSID_AppVisibility
                0x000000000040d108       0x10 /usr/lib/gcc/i686-w64-mingw32/4.8/../../../../i686-w64-mingw32/lib/../lib/libuuid.a(lib32_libuuid_a-uuid.o)
                0x000000000040d108                CLSID_AppVisibility
 .rdata$CLSID_ApplicationActivationManager
                0x000000000040d118       0x10 /usr/lib/gcc/i686-w64-mingw32/4.8/../../../../i686-w64-mingw32/lib/../lib/libuuid.a(lib32_libuuid_a-uuid.o)
                0x000000000040d118                CLSID_ApplicationActivationManager
 .rdata$CLSID_ApplicationAssociationRegistration
                0x000000000040d128       0x10 /usr/lib/gcc/i686-w64-mingw32/4.8/../../../../i686-w64-mingw32/lib/../lib/libuuid.a(lib32_libuuid_a-uuid.o)
                0x000000000040d128                CLSID_ApplicationAssociationRegistration
 .rdata$CLSID_ApplicationAssociationRegistrationUI
                0x000000000040d138       0x10 /usr/lib/gcc/i686-w64-mingw32/4.8/../../../../i686-w64-mingw32/lib/../lib/libshell32.a(lib32_libshell32_a-shell32.o)
                0x000000000040d138                CLSID_ApplicationAssociationRegistrationUI
 .rdata$CLSID_ApplicationDesignModeSettings
                0x000000000040d148       0x10 /usr/lib/gcc/i686-w64-mingw32/4.8/../../../../i686-w64-mingw32/lib/../lib/libuuid.a(lib32_libuuid_a-uuid.o)
                0x000000000040d148                CLSID_ApplicationDesignModeSettings
 .rdata$CLSID_ApplicationDestinations
                0x000000000040d158       0x10 /usr/lib/gcc/i686-w64-mingw32/4.8/../../../../i686-w64-mingw32/lib/../lib/libuuid.a(lib32_libuuid_a-uuid.o)
                0x000000000040d158                CLSID_ApplicationDestinations
 .rdata$CLSID_ApplicationDocumentLists
                0x000000000040d168       0x10 /usr/lib/gcc/i686-w64-mingw32/4.8/../../../../i686-w64-mingw32/lib/../lib/libuuid.a(lib32_libuuid_a-uuid.o)
                0x000000000040d168                CLSID_ApplicationDocumentLists
 .rdata$CLSID_AttachmentServices
                0x000000000040d178       0x10 /usr/lib/gcc/i686-w64-mingw32/4.8/../../../../i686-w64-mingw32/lib/../lib/libuuid.a(lib32_libuuid_a-uuid.o)
                0x000000000040d178                CLSID_AttachmentServices
 .rdata$CLSID_AutoComplete
                0x000000000040d188       0x10 /usr/lib/gcc/i686-w64-mingw32/4.8/../../../../i686-w64-mingw32/lib/../lib/libuuid.a(lib32_libuuid_a-uuid.o)
                0x000000000040d188                CLSID_AutoComplete
 .rdata$CLSID_CAnchorBrowsePropertyPage
                0x000000000040d198       0x10 /usr/lib/gcc/i686-w64-mingw32/4.8/../../../../i686-w64-mingw32/lib/../lib/libuuid.a(lib32_libuuid_a-uuid.o)
                0x000000000040d198                CLSID_CAnchorBrowsePropertyPage
 .rdata$CLSID_CColorPropPage
                0x000000000040d1a8       0x10 /usr/lib/gcc/i686-w64-mingw32/4.8/../../../../i686-w64-mingw32/lib/../lib/libuuid.a(lib32_libuuid_a-uuid.o)
                0x000000000040d1a8                CLSID_CColorPropPage
 .rdata$CLSID_CDBurn
                0x000000000040d1b8       0x10 /usr/lib/gcc/i686-w64-mingw32/4.8/../../../../i686-w64-mingw32/lib/../lib/libuuid.a(lib32_libuuid_a-uuid.o)
                0x000000000040d1b8                CLSID_CDBurn
 .rdata$CLSID_CDocBrowsePropertyPage
                0x000000000040d1c8       0x10 /usr/lib/gcc/i686-w64-mingw32/4.8/../../../../i686-w64-mingw32/lib/../lib/libuuid.a(lib32_libuuid_a-uuid.o)
                0x000000000040d1c8                CLSID_CDocBrowsePropertyPage
 .rdata$CLSID_CFSIconOverlayManager
                0x000000000040d1d8       0x10 /usr/lib/gcc/i686-w64-mingw32/4.8/../../../../i686-w64-mingw32/lib/../lib/libuuid.a(lib32_libuuid_a-uuid.o)
                0x000000000040d1d8                CLSID_CFSIconOverlayManager
 .rdata$CLSID_CFontPropPage
                0x000000000040d1e8       0x10 /usr/lib/gcc/i686-w64-mingw32/4.8/../../../../i686-w64-mingw32/lib/../lib/libuuid.a(lib32_libuuid_a-uuid.o)
                0x000000000040d1e8                CLSID_CFontPropPage
 .rdata$CLSID_CImageBrowsePropertyPage
                0x000000000040d1f8       0x10 /usr/lib/gcc/i686-w64-mingw32/4.8/../../../../i686-w64-mingw32/lib/../lib/libuuid.a(lib32_libuuid_a-uuid.o)
                0x000000000040d1f8                CLSID_CImageBrowsePropertyPage
 .rdata$CLSID_CPicturePropPage
                0x000000000040d208       0x10 /usr/lib/gcc/i686-w64-mingw32/4.8/../../../../i686-w64-mingw32/lib/../lib/libuuid.a(lib32_libuuid_a-uuid.o)
                0x000000000040d208                CLSID_CPicturePropPage
 .rdata$CLSID_CURLSearchHook
                0x000000000040d218       0x10 /usr/lib/gcc/i686-w64-mingw32/4.8/../../../../i686-w64-mingw32/lib/../lib/libuuid.a(lib32_libuuid_a-uuid.o)
                0x000000000040d218                CLSID_CURLSearchHook
 .rdata$CLSID_CUrlHistory
                0x000000000040d228       0x10 /usr/lib/gcc/i686-w64-mingw32/4.8/../../../../i686-w64-mingw32/lib/../lib/libuuid.a(lib32_libuuid_a-uuid.o)
                0x000000000040d228                CLSID_CUrlHistory
 .rdata$CLSID_ControlPanel
                0x000000000040d238       0x10 /usr/lib/gcc/i686-w64-mingw32/4.8/../../../../i686-w64-mingw32/lib/../lib/libuuid.a(lib32_libuuid_a-uuid.o)
                0x000000000040d238                CLSID_ControlPanel
 .rdata$CLSID_ConvertVBX
                0x000000000040d248       0x10 /usr/lib/gcc/i686-w64-mingw32/4.8/../../../../i686-w64-mingw32/lib/../lib/libuuid.a(lib32_libuuid_a-uuid.o)
                0x000000000040d248                CLSID_ConvertVBX
 .rdata$CLSID_CurrentUserClasses
                0x000000000040d258       0x10 /usr/lib/gcc/i686-w64-mingw32/4.8/../../../../i686-w64-mingw32/lib/../lib/libuuid.a(lib32_libuuid_a-uuid.o)
                0x000000000040d258                CLSID_CurrentUserClasses
 .rdata$CLSID_DarwinAppPublisher
                0x000000000040d268       0x10 /usr/lib/gcc/i686-w64-mingw32/4.8/../../../../i686-w64-mingw32/lib/../lib/libuuid.a(lib32_libuuid_a-uuid.o)
                0x000000000040d268                CLSID_DarwinAppPublisher
 .rdata$CLSID_DefFolderMenu
                0x000000000040d278       0x10 /usr/lib/gcc/i686-w64-mingw32/4.8/../../../../i686-w64-mingw32/lib/../lib/libuuid.a(lib32_libuuid_a-uuid.o)
                0x000000000040d278                CLSID_DefFolderMenu
 .rdata$CLSID_DesktopGadget
                0x000000000040d288       0x10 /usr/lib/gcc/i686-w64-mingw32/4.8/../../../../i686-w64-mingw32/lib/../lib/libuuid.a(lib32_libuuid_a-uuid.o)
                0x000000000040d288                CLSID_DesktopGadget
 .rdata$CLSID_DesktopWallpaper
                0x000000000040d298       0x10 /usr/lib/gcc/i686-w64-mingw32/4.8/../../../../i686-w64-mingw32/lib/../lib/libuuid.a(lib32_libuuid_a-uuid.o)
                0x000000000040d298                CLSID_DesktopWallpaper
 .rdata$CLSID_DestinationList
                0x000000000040d2a8       0x10 /usr/lib/gcc/i686-w64-mingw32/4.8/../../../../i686-w64-mingw32/lib/../lib/libuuid.a(lib32_libuuid_a-uuid.o)
                0x000000000040d2a8                CLSID_DestinationList
 .rdata$CLSID_DocHostUIHandler
                0x000000000040d2b8       0x10 /usr/lib/gcc/i686-w64-mingw32/4.8/../../../../i686-w64-mingw32/lib/../lib/libuuid.a(lib32_libuuid_a-uuid.o)
                0x000000000040d2b8                CLSID_DocHostUIHandler
 .rdata$CLSID_DocPropShellExtension
                0x000000000040d2c8       0x10 /usr/lib/gcc/i686-w64-mingw32/4.8/../../../../i686-w64-mingw32/lib/../lib/libuuid.a(lib32_libuuid_a-uuid.o)
                0x000000000040d2c8                CLSID_DocPropShellExtension
 .rdata$CLSID_DragDropHelper
                0x000000000040d2d8       0x10 /usr/lib/gcc/i686-w64-mingw32/4.8/../../../../i686-w64-mingw32/lib/../lib/libuuid.a(lib32_libuuid_a-uuid.o)
                0x000000000040d2d8                CLSID_DragDropHelper
 .rdata$CLSID_DriveSizeCategorizer
                0x000000000040d2e8       0x10 /usr/lib/gcc/i686-w64-mingw32/4.8/../../../../i686-w64-mingw32/lib/../lib/libuuid.a(lib32_libuuid_a-uuid.o)
                0x000000000040d2e8                CLSID_DriveSizeCategorizer
 .rdata$CLSID_DriveTypeCategorizer
                0x000000000040d2f8       0x10 /usr/lib/gcc/i686-w64-mingw32/4.8/../../../../i686-w64-mingw32/lib/../lib/libuuid.a(lib32_libuuid_a-uuid.o)
                0x000000000040d2f8                CLSID_DriveTypeCategorizer
 .rdata$CLSID_EnumerableObjectCollection
                0x000000000040d308       0x10 /usr/lib/gcc/i686-w64-mingw32/4.8/../../../../i686-w64-mingw32/lib/../lib/libuuid.a(lib32_libuuid_a-uuid.o)
                0x000000000040d308                CLSID_EnumerableObjectCollection
 .rdata$CLSID_ExecuteFolder
                0x000000000040d318       0x10 /usr/lib/gcc/i686-w64-mingw32/4.8/../../../../i686-w64-mingw32/lib/../lib/libuuid.a(lib32_libuuid_a-uuid.o)
                0x000000000040d318                CLSID_ExecuteFolder
 .rdata$CLSID_ExecuteUnknown
                0x000000000040d328       0x10 /usr/lib/gcc/i686-w64-mingw32/4.8/../../../../i686-w64-mingw32/lib/../lib/libuuid.a(lib32_libuuid_a-uuid.o)
                0x000000000040d328                CLSID_ExecuteUnknown
 .rdata$CLSID_ExplorerBrowser
                0x000000000040d338       0x10 /usr/lib/gcc/i686-w64-mingw32/4.8/../../../../i686-w64-mingw32/lib/../lib/libuuid.a(lib32_libuuid_a-uuid.o)
                0x000000000040d338                CLSID_ExplorerBrowser
 .rdata$CLSID_FSCopyHandler
                0x000000000040d348       0x10 /usr/lib/gcc/i686-w64-mingw32/4.8/../../../../i686-w64-mingw32/lib/../lib/libuuid.a(lib32_libuuid_a-uuid.o)
                0x000000000040d348                CLSID_FSCopyHandler
 .rdata$CLSID_FileOpenDialog
                0x000000000040d358       0x10 /usr/lib/gcc/i686-w64-mingw32/4.8/../../../../i686-w64-mingw32/lib/../lib/libuuid.a(lib32_libuuid_a-uuid.o)
                0x000000000040d358                CLSID_FileOpenDialog
 .rdata$CLSID_FileOperation
                0x000000000040d368       0x10 /usr/lib/gcc/i686-w64-mingw32/4.8/../../../../i686-w64-mingw32/lib/../lib/libuuid.a(lib32_libuuid_a-uuid.o)
                0x000000000040d368                CLSID_FileOperation
 .rdata$CLSID_FileProtocol
                0x000000000040d378       0x10 /usr/lib/gcc/i686-w64-mingw32/4.8/../../../../i686-w64-mingw32/lib/../lib/libuuid.a(lib32_libuuid_a-uuid.o)
                0x000000000040d378                CLSID_FileProtocol
 .rdata$CLSID_FileSaveDialog
                0x000000000040d388       0x10 /usr/lib/gcc/i686-w64-mingw32/4.8/../../../../i686-w64-mingw32/lib/../lib/libuuid.a(lib32_libuuid_a-uuid.o)
                0x000000000040d388                CLSID_FileSaveDialog
 .rdata$CLSID_FileTypes
                0x000000000040d398       0x10 /usr/lib/gcc/i686-w64-mingw32/4.8/../../../../i686-w64-mingw32/lib/../lib/libuuid.a(lib32_libuuid_a-uuid.o)
                0x000000000040d398                CLSID_FileTypes
 .rdata$CLSID_FolderItem
                0x000000000040d3a8       0x10 /usr/lib/gcc/i686-w64-mingw32/4.8/../../../../i686-w64-mingw32/lib/../lib/libuuid.a(lib32_libuuid_a-uuid.o)
                0x000000000040d3a8                CLSID_FolderItem
 .rdata$CLSID_FolderItemsMultiLevel
                0x000000000040d3b8       0x10 /usr/lib/gcc/i686-w64-mingw32/4.8/../../../../i686-w64-mingw32/lib/../lib/libuuid.a(lib32_libuuid_a-uuid.o)
                0x000000000040d3b8                CLSID_FolderItemsMultiLevel
 .rdata$CLSID_FolderShortcut
                0x000000000040d3c8       0x10 /usr/lib/gcc/i686-w64-mingw32/4.8/../../../../i686-w64-mingw32/lib/../lib/libuuid.a(lib32_libuuid_a-uuid.o)
                0x000000000040d3c8                CLSID_FolderShortcut
 .rdata$CLSID_FolderViewHost
                0x000000000040d3d8       0x10 /usr/lib/gcc/i686-w64-mingw32/4.8/../../../../i686-w64-mingw32/lib/../lib/libuuid.a(lib32_libuuid_a-uuid.o)
                0x000000000040d3d8                CLSID_FolderViewHost
 .rdata$CLSID_FrameworkInputPane
                0x000000000040d3e8       0x10 /usr/lib/gcc/i686-w64-mingw32/4.8/../../../../i686-w64-mingw32/lib/../lib/libuuid.a(lib32_libuuid_a-uuid.o)
                0x000000000040d3e8                CLSID_FrameworkInputPane
 .rdata$CLSID_FreeSpaceCategorizer
                0x000000000040d3f8       0x10 /usr/lib/gcc/i686-w64-mingw32/4.8/../../../../i686-w64-mingw32/lib/../lib/libuuid.a(lib32_libuuid_a-uuid.o)
                0x000000000040d3f8                CLSID_FreeSpaceCategorizer
 .rdata$CLSID_FtpProtocol
                0x000000000040d408       0x10 /usr/lib/gcc/i686-w64-mingw32/4.8/../../../../i686-w64-mingw32/lib/../lib/libuuid.a(lib32_libuuid_a-uuid.o)
                0x000000000040d408                CLSID_FtpProtocol
 .rdata$CLSID_GopherProtocol
                0x000000000040d418       0x10 /usr/lib/gcc/i686-w64-mingw32/4.8/../../../../i686-w64-mingw32/lib/../lib/libuuid.a(lib32_libuuid_a-uuid.o)
                0x000000000040d418                CLSID_GopherProtocol
 .rdata$CLSID_HWShellExecute
                0x000000000040d428       0x10 /usr/lib/gcc/i686-w64-mingw32/4.8/../../../../i686-w64-mingw32/lib/../lib/libuuid.a(lib32_libuuid_a-uuid.o)
                0x000000000040d428                CLSID_HWShellExecute
 .rdata$CLSID_HomeGroup
                0x000000000040d438       0x10 /usr/lib/gcc/i686-w64-mingw32/4.8/../../../../i686-w64-mingw32/lib/../lib/libuuid.a(lib32_libuuid_a-uuid.o)
                0x000000000040d438                CLSID_HomeGroup
 .rdata$CLSID_HttpProtocol
                0x000000000040d448       0x10 /usr/lib/gcc/i686-w64-mingw32/4.8/../../../../i686-w64-mingw32/lib/../lib/libuuid.a(lib32_libuuid_a-uuid.o)
                0x000000000040d448                CLSID_HttpProtocol
 .rdata$CLSID_HttpSProtocol
                0x000000000040d458       0x10 /usr/lib/gcc/i686-w64-mingw32/4.8/../../../../i686-w64-mingw32/lib/../lib/libuuid.a(lib32_libuuid_a-uuid.o)
                0x000000000040d458                CLSID_HttpSProtocol
 .rdata$CLSID_IENamespaceTreeControl
                0x000000000040d468       0x10 /usr/lib/gcc/i686-w64-mingw32/4.8/../../../../i686-w64-mingw32/lib/../lib/libuuid.a(lib32_libuuid_a-uuid.o)
                0x000000000040d468                CLSID_IENamespaceTreeControl
 .rdata$CLSID_ISFBand
                0x000000000040d478       0x10 /usr/lib/gcc/i686-w64-mingw32/4.8/../../../../i686-w64-mingw32/lib/../lib/libuuid.a(lib32_libuuid_a-uuid.o)
                0x000000000040d478                CLSID_ISFBand
 .rdata$CLSID_IdentityUnmarshal
                0x000000000040d488       0x10 /usr/lib/gcc/i686-w64-mingw32/4.8/../../../../i686-w64-mingw32/lib/../lib/libuuid.a(lib32_libuuid_a-uuid.o)
                0x000000000040d488                CLSID_IdentityUnmarshal
 .rdata$CLSID_ImageProperties
                0x000000000040d498       0x10 /usr/lib/gcc/i686-w64-mingw32/4.8/../../../../i686-w64-mingw32/lib/../lib/libuuid.a(lib32_libuuid_a-uuid.o)
                0x000000000040d498                CLSID_ImageProperties
 .rdata$CLSID_ImageRecompress
                0x000000000040d4a8       0x10 /usr/lib/gcc/i686-w64-mingw32/4.8/../../../../i686-w64-mingw32/lib/../lib/libuuid.a(lib32_libuuid_a-uuid.o)
                0x000000000040d4a8                CLSID_ImageRecompress
 .rdata$CLSID_InMemoryPropertyStore
                0x000000000040d4b8       0x10 /usr/lib/gcc/i686-w64-mingw32/4.8/../../../../i686-w64-mingw32/lib/../lib/libuuid.a(lib32_libuuid_a-uuid.o)
                0x000000000040d4b8                CLSID_InMemoryPropertyStore
 .rdata$CLSID_InProcFreeMarshaler
                0x000000000040d4c8       0x10 /usr/lib/gcc/i686-w64-mingw32/4.8/../../../../i686-w64-mingw32/lib/../lib/libuuid.a(lib32_libuuid_a-uuid.o)
                0x000000000040d4c8                CLSID_InProcFreeMarshaler
 .rdata$CLSID_Internet
                0x000000000040d4d8       0x10 /usr/lib/gcc/i686-w64-mingw32/4.8/../../../../i686-w64-mingw32/lib/../lib/libuuid.a(lib32_libuuid_a-uuid.o)
                0x000000000040d4d8                CLSID_Internet
 .rdata$CLSID_InternetButtons
                0x000000000040d4e8       0x10 /usr/lib/gcc/i686-w64-mingw32/4.8/../../../../i686-w64-mingw32/lib/../lib/libuuid.a(lib32_libuuid_a-uuid.o)
                0x000000000040d4e8                CLSID_InternetButtons
 .rdata$CLSID_InternetExplorer
                0x000000000040d4f8       0x10 /usr/lib/gcc/i686-w64-mingw32/4.8/../../../../i686-w64-mingw32/lib/../lib/libshell32.a(lib32_libshell32_a-shell32.o)
                0x000000000040d4f8                CLSID_InternetExplorer
 .rdata$CLSID_InternetPrintOrdering
                0x000000000040d508       0x10 /usr/lib/gcc/i686-w64-mingw32/4.8/../../../../i686-w64-mingw32/lib/../lib/libuuid.a(lib32_libuuid_a-uuid.o)
                0x000000000040d508                CLSID_InternetPrintOrdering
 .rdata$CLSID_InternetShortcut
                0x000000000040d518       0x10 /usr/lib/gcc/i686-w64-mingw32/4.8/../../../../i686-w64-mingw32/lib/../lib/libuuid.a(lib32_libuuid_a-uuid.o)
                0x000000000040d518                CLSID_InternetShortcut
 .rdata$CLSID_KnownFolderManager
                0x000000000040d528       0x10 /usr/lib/gcc/i686-w64-mingw32/4.8/../../../../i686-w64-mingw32/lib/../lib/libuuid.a(lib32_libuuid_a-uuid.o)
                0x000000000040d528                CLSID_KnownFolderManager
 .rdata$CLSID_LinkColumnProvider
                0x000000000040d538       0x10 /usr/lib/gcc/i686-w64-mingw32/4.8/../../../../i686-w64-mingw32/lib/../lib/libuuid.a(lib32_libuuid_a-uuid.o)
                0x000000000040d538                CLSID_LinkColumnProvider
 .rdata$CLSID_LocalMachineClasses
                0x000000000040d548       0x10 /usr/lib/gcc/i686-w64-mingw32/4.8/../../../../i686-w64-mingw32/lib/../lib/libuuid.a(lib32_libuuid_a-uuid.o)
                0x000000000040d548                CLSID_LocalMachineClasses
 .rdata$CLSID_MSOButtons
                0x000000000040d558       0x10 /usr/lib/gcc/i686-w64-mingw32/4.8/../../../../i686-w64-mingw32/lib/../lib/libuuid.a(lib32_libuuid_a-uuid.o)
                0x000000000040d558                CLSID_MSOButtons
 .rdata$CLSID_MailRecipient
                0x000000000040d568       0x10 /usr/lib/gcc/i686-w64-mingw32/4.8/../../../../i686-w64-mingw32/lib/../lib/libuuid.a(lib32_libuuid_a-uuid.o)
                0x000000000040d568                CLSID_MailRecipient
 .rdata$CLSID_MenuBand
                0x000000000040d578       0x10 /usr/lib/gcc/i686-w64-mingw32/4.8/../../../../i686-w64-mingw32/lib/../lib/libuuid.a(lib32_libuuid_a-uuid.o)
                0x000000000040d578                CLSID_MenuBand
 .rdata$CLSID_MenuBandSite
                0x000000000040d588       0x10 /usr/lib/gcc/i686-w64-mingw32/4.8/../../../../i686-w64-mingw32/lib/../lib/libuuid.a(lib32_libuuid_a-uuid.o)
                0x000000000040d588                CLSID_MenuBandSite
 .rdata$CLSID_MenuToolbarBase
                0x000000000040d598       0x10 /usr/lib/gcc/i686-w64-mingw32/4.8/../../../../i686-w64-mingw32/lib/../lib/libuuid.a(lib32_libuuid_a-uuid.o)
                0x000000000040d598                CLSID_MenuToolbarBase
 .rdata$CLSID_MergedCategorizer
                0x000000000040d5a8       0x10 /usr/lib/gcc/i686-w64-mingw32/4.8/../../../../i686-w64-mingw32/lib/../lib/libuuid.a(lib32_libuuid_a-uuid.o)
                0x000000000040d5a8                CLSID_MergedCategorizer
 .rdata$CLSID_MkProtocol
                0x000000000040d5b8       0x10 /usr/lib/gcc/i686-w64-mingw32/4.8/../../../../i686-w64-mingw32/lib/../lib/libuuid.a(lib32_libuuid_a-uuid.o)
                0x000000000040d5b8                CLSID_MkProtocol
 .rdata$CLSID_MyComputer
                0x000000000040d5c8       0x10 /usr/lib/gcc/i686-w64-mingw32/4.8/../../../../i686-w64-mingw32/lib/../lib/libuuid.a(lib32_libuuid_a-uuid.o)
                0x000000000040d5c8                CLSID_MyComputer
 .rdata$CLSID_MyDocuments
                0x000000000040d5d8       0x10 /usr/lib/gcc/i686-w64-mingw32/4.8/../../../../i686-w64-mingw32/lib/../lib/libuuid.a(lib32_libuuid_a-uuid.o)
                0x000000000040d5d8                CLSID_MyDocuments
 .rdata$CLSID_NamespaceTreeControl
                0x000000000040d5e8       0x10 /usr/lib/gcc/i686-w64-mingw32/4.8/../../../../i686-w64-mingw32/lib/../lib/libuuid.a(lib32_libuuid_a-uuid.o)
                0x000000000040d5e8                CLSID_NamespaceTreeControl
 .rdata$CLSID_NamespaceWalker
                0x000000000040d5f8       0x10 /usr/lib/gcc/i686-w64-mingw32/4.8/../../../../i686-w64-mingw32/lib/../lib/libuuid.a(lib32_libuuid_a-uuid.o)
                0x000000000040d5f8                CLSID_NamespaceWalker
 .rdata$CLSID_NetworkConnections
                0x000000000040d608       0x10 /usr/lib/gcc/i686-w64-mingw32/4.8/../../../../i686-w64-mingw32/lib/../lib/libuuid.a(lib32_libuuid_a-uuid.o)
                0x000000000040d608                CLSID_NetworkConnections
 .rdata$CLSID_NetworkDomain
                0x000000000040d618       0x10 /usr/lib/gcc/i686-w64-mingw32/4.8/../../../../i686-w64-mingw32/lib/../lib/libuuid.a(lib32_libuuid_a-uuid.o)
                0x000000000040d618                CLSID_NetworkDomain
 .rdata$CLSID_NetworkExplorerFolder
                0x000000000040d628       0x10 /usr/lib/gcc/i686-w64-mingw32/4.8/../../../../i686-w64-mingw32/lib/../lib/libuuid.a(lib32_libuuid_a-uuid.o)
                0x000000000040d628                CLSID_NetworkExplorerFolder
 .rdata$CLSID_NetworkPlaces
                0x000000000040d638       0x10 /usr/lib/gcc/i686-w64-mingw32/4.8/../../../../i686-w64-mingw32/lib/../lib/libuuid.a(lib32_libuuid_a-uuid.o)
                0x000000000040d638                CLSID_NetworkPlaces
 .rdata$CLSID_NetworkServer
                0x000000000040d648       0x10 /usr/lib/gcc/i686-w64-mingw32/4.8/../../../../i686-w64-mingw32/lib/../lib/libuuid.a(lib32_libuuid_a-uuid.o)
                0x000000000040d648                CLSID_NetworkServer
 .rdata$CLSID_NetworkShare
                0x000000000040d658       0x10 /usr/lib/gcc/i686-w64-mingw32/4.8/../../../../i686-w64-mingw32/lib/../lib/libuuid.a(lib32_libuuid_a-uuid.o)
                0x000000000040d658                CLSID_NetworkShare
 .rdata$CLSID_NewMenu
                0x000000000040d668       0x10 /usr/lib/gcc/i686-w64-mingw32/4.8/../../../../i686-w64-mingw32/lib/../lib/libuuid.a(lib32_libuuid_a-uuid.o)
                0x000000000040d668                CLSID_NewMenu
 .rdata$CLSID_OpenControlPanel
                0x000000000040d678       0x10 /usr/lib/gcc/i686-w64-mingw32/4.8/../../../../i686-w64-mingw32/lib/../lib/libuuid.a(lib32_libuuid_a-uuid.o)
                0x000000000040d678                CLSID_OpenControlPanel
 .rdata$CLSID_PSBindCtx
                0x000000000040d688       0x10 /usr/lib/gcc/i686-w64-mingw32/4.8/../../../../i686-w64-mingw32/lib/../lib/libuuid.a(lib32_libuuid_a-uuid.o)
                0x000000000040d688                CLSID_PSBindCtx
 .rdata$CLSID_PSClassObject
                0x000000000040d698       0x10 /usr/lib/gcc/i686-w64-mingw32/4.8/../../../../i686-w64-mingw32/lib/../lib/libuuid.a(lib32_libuuid_a-uuid.o)
                0x000000000040d698                CLSID_PSClassObject
 .rdata$CLSID_PSClientSite
                0x000000000040d6a8       0x10 /usr/lib/gcc/i686-w64-mingw32/4.8/../../../../i686-w64-mingw32/lib/../lib/libuuid.a(lib32_libuuid_a-uuid.o)
                0x000000000040d6a8                CLSID_PSClientSite
 .rdata$CLSID_PSDragDrop
                0x000000000040d6b8       0x10 /usr/lib/gcc/i686-w64-mingw32/4.8/../../../../i686-w64-mingw32/lib/../lib/libuuid.a(lib32_libuuid_a-uuid.o)
                0x000000000040d6b8                CLSID_PSDragDrop
 .rdata$CLSID_PSEnumerators
                0x000000000040d6c8       0x10 /usr/lib/gcc/i686-w64-mingw32/4.8/../../../../i686-w64-mingw32/lib/../lib/libuuid.a(lib32_libuuid_a-uuid.o)
                0x000000000040d6c8                CLSID_PSEnumerators
 .rdata$CLSID_PSGenObject
                0x000000000040d6d8       0x10 /usr/lib/gcc/i686-w64-mingw32/4.8/../../../../i686-w64-mingw32/lib/../lib/libuuid.a(lib32_libuuid_a-uuid.o)
                0x000000000040d6d8                CLSID_PSGenObject
 .rdata$CLSID_PSInPlaceActive
                0x000000000040d6e8       0x10 /usr/lib/gcc/i686-w64-mingw32/4.8/../../../../i686-w64-mingw32/lib/../lib/libuuid.a(lib32_libuuid_a-uuid.o)
                0x000000000040d6e8                CLSID_PSInPlaceActive
 .rdata$CLSID_PSInPlaceFrame
                0x000000000040d6f8       0x10 /usr/lib/gcc/i686-w64-mingw32/4.8/../../../../i686-w64-mingw32/lib/../lib/libuuid.a(lib32_libuuid_a-uuid.o)
                0x000000000040d6f8                CLSID_PSInPlaceFrame
 .rdata$CLSID_PSUrlMonProxy
                0x000000000040d708       0x10 /usr/lib/gcc/i686-w64-mingw32/4.8/../../../../i686-w64-mingw32/lib/../lib/libuuid.a(lib32_libuuid_a-uuid.o)
                0x000000000040d708                CLSID_PSUrlMonProxy
 .rdata$CLSID_PackageDebugSettings
                0x000000000040d718       0x10 /usr/lib/gcc/i686-w64-mingw32/4.8/../../../../i686-w64-mingw32/lib/../lib/libuuid.a(lib32_libuuid_a-uuid.o)
                0x000000000040d718                CLSID_PackageDebugSettings
 .rdata$CLSID_PersistPropset
                0x000000000040d728       0x10 /usr/lib/gcc/i686-w64-mingw32/4.8/../../../../i686-w64-mingw32/lib/../lib/libuuid.a(lib32_libuuid_a-uuid.o)
                0x000000000040d728                CLSID_PersistPropset
 .rdata$CLSID_Picture_Dib
                0x000000000040d738       0x10 /usr/lib/gcc/i686-w64-mingw32/4.8/../../../../i686-w64-mingw32/lib/../lib/libuuid.a(lib32_libuuid_a-uuid.o)
                0x000000000040d738                CLSID_Picture_Dib
 .rdata$CLSID_Picture_EnhMetafile
                0x000000000040d748       0x10 /usr/lib/gcc/i686-w64-mingw32/4.8/../../../../i686-w64-mingw32/lib/../lib/libuuid.a(lib32_libuuid_a-uuid.o)
                0x000000000040d748                CLSID_Picture_EnhMetafile
 .rdata$CLSID_Picture_Metafile
                0x000000000040d758       0x10 /usr/lib/gcc/i686-w64-mingw32/4.8/../../../../i686-w64-mingw32/lib/../lib/libuuid.a(lib32_libuuid_a-uuid.o)
                0x000000000040d758                CLSID_Picture_Metafile
 .rdata$CLSID_PlaybackManager
                0x000000000040d768       0x10 /usr/lib/gcc/i686-w64-mingw32/4.8/../../../../i686-w64-mingw32/lib/../lib/libuuid.a(lib32_libuuid_a-uuid.o)
                0x000000000040d768                CLSID_PlaybackManager
 .rdata$CLSID_PreviousVersions
                0x000000000040d778       0x10 /usr/lib/gcc/i686-w64-mingw32/4.8/../../../../i686-w64-mingw32/lib/../lib/libuuid.a(lib32_libuuid_a-uuid.o)
                0x000000000040d778                CLSID_PreviousVersions
 .rdata$CLSID_Printers
                0x000000000040d788       0x10 /usr/lib/gcc/i686-w64-mingw32/4.8/../../../../i686-w64-mingw32/lib/../lib/libuuid.a(lib32_libuuid_a-uuid.o)
                0x000000000040d788                CLSID_Printers
 .rdata$CLSID_ProgressDialog
                0x000000000040d798       0x10 /usr/lib/gcc/i686-w64-mingw32/4.8/../../../../i686-w64-mingw32/lib/../lib/libuuid.a(lib32_libuuid_a-uuid.o)
                0x000000000040d798                CLSID_ProgressDialog
 .rdata$CLSID_PropertiesUI
                0x000000000040d7a8       0x10 /usr/lib/gcc/i686-w64-mingw32/4.8/../../../../i686-w64-mingw32/lib/../lib/libuuid.a(lib32_libuuid_a-uuid.o)
                0x000000000040d7a8                CLSID_PropertiesUI
 .rdata$CLSID_PropertySystem
                0x000000000040d7b8       0x10 /usr/lib/gcc/i686-w64-mingw32/4.8/../../../../i686-w64-mingw32/lib/../lib/libuuid.a(lib32_libuuid_a-uuid.o)
                0x000000000040d7b8                CLSID_PropertySystem
 .rdata$CLSID_PublishDropTarget
                0x000000000040d7c8       0x10 /usr/lib/gcc/i686-w64-mingw32/4.8/../../../../i686-w64-mingw32/lib/../lib/libuuid.a(lib32_libuuid_a-uuid.o)
                0x000000000040d7c8                CLSID_PublishDropTarget
 .rdata$CLSID_PublishingWizard
                0x000000000040d7d8       0x10 /usr/lib/gcc/i686-w64-mingw32/4.8/../../../../i686-w64-mingw32/lib/../lib/libuuid.a(lib32_libuuid_a-uuid.o)
                0x000000000040d7d8                CLSID_PublishingWizard
 .rdata$CLSID_QueryAssociations
                0x000000000040d7e8       0x10 /usr/lib/gcc/i686-w64-mingw32/4.8/../../../../i686-w64-mingw32/lib/../lib/libuuid.a(lib32_libuuid_a-uuid.o)
                0x000000000040d7e8                CLSID_QueryAssociations
 .rdata$CLSID_QueryCancelAutoPlay
                0x000000000040d7f8       0x10 /usr/lib/gcc/i686-w64-mingw32/4.8/../../../../i686-w64-mingw32/lib/../lib/libuuid.a(lib32_libuuid_a-uuid.o)
                0x000000000040d7f8                CLSID_QueryCancelAutoPlay
 .rdata$CLSID_QuickLinks
                0x000000000040d808       0x10 /usr/lib/gcc/i686-w64-mingw32/4.8/../../../../i686-w64-mingw32/lib/../lib/libuuid.a(lib32_libuuid_a-uuid.o)
                0x000000000040d808                CLSID_QuickLinks
 .rdata$CLSID_RecycleBin
                0x000000000040d818       0x10 /usr/lib/gcc/i686-w64-mingw32/4.8/../../../../i686-w64-mingw32/lib/../lib/libuuid.a(lib32_libuuid_a-uuid.o)
                0x000000000040d818                CLSID_RecycleBin
 .rdata$CLSID_SHItemOC
                0x000000000040d828       0x10 /usr/lib/gcc/i686-w64-mingw32/4.8/../../../../i686-w64-mingw32/lib/../lib/libshell32.a(lib32_libshell32_a-shell32.o)
                0x000000000040d828                CLSID_SHItemOC
 .rdata$CLSID_ScheduledTasks
                0x000000000040d838       0x10 /usr/lib/gcc/i686-w64-mingw32/4.8/../../../../i686-w64-mingw32/lib/../lib/libuuid.a(lib32_libuuid_a-uuid.o)
                0x000000000040d838                CLSID_ScheduledTasks
 .rdata$CLSID_SearchFolderItemFactory
                0x000000000040d848       0x10 /usr/lib/gcc/i686-w64-mingw32/4.8/../../../../i686-w64-mingw32/lib/../lib/libuuid.a(lib32_libuuid_a-uuid.o)
                0x000000000040d848                CLSID_SearchFolderItemFactory
 .rdata$CLSID_SharingConfigurationManager
                0x000000000040d858       0x10 /usr/lib/gcc/i686-w64-mingw32/4.8/../../../../i686-w64-mingw32/lib/../lib/libuuid.a(lib32_libuuid_a-uuid.o)
                0x000000000040d858                CLSID_SharingConfigurationManager
 .rdata$CLSID_ShellDesktop
                0x000000000040d868       0x10 /usr/lib/gcc/i686-w64-mingw32/4.8/../../../../i686-w64-mingw32/lib/../lib/libuuid.a(lib32_libuuid_a-uuid.o)
                0x000000000040d868                CLSID_ShellDesktop
 .rdata$CLSID_ShellExplorer
                0x000000000040d878       0x10 /usr/lib/gcc/i686-w64-mingw32/4.8/../../../../i686-w64-mingw32/lib/../lib/libshell32.a(lib32_libshell32_a-shell32.o)
                0x000000000040d878                CLSID_ShellExplorer
 .rdata$CLSID_ShellFSFolder
                0x000000000040d888       0x10 /usr/lib/gcc/i686-w64-mingw32/4.8/../../../../i686-w64-mingw32/lib/../lib/libuuid.a(lib32_libuuid_a-uuid.o)
                0x000000000040d888                CLSID_ShellFSFolder
 .rdata$CLSID_ShellFldSetExt
                0x000000000040d898       0x10 /usr/lib/gcc/i686-w64-mingw32/4.8/../../../../i686-w64-mingw32/lib/../lib/libuuid.a(lib32_libuuid_a-uuid.o)
                0x000000000040d898                CLSID_ShellFldSetExt
 .rdata$CLSID_ShellItem
                0x000000000040d8a8       0x10 /usr/lib/gcc/i686-w64-mingw32/4.8/../../../../i686-w64-mingw32/lib/../lib/libuuid.a(lib32_libuuid_a-uuid.o)
                0x000000000040d8a8                CLSID_ShellItem
 .rdata$CLSID_ShellLibrary
                0x000000000040d8b8       0x10 /usr/lib/gcc/i686-w64-mingw32/4.8/../../../../i686-w64-mingw32/lib/../lib/libuuid.a(lib32_libuuid_a-uuid.o)
                0x000000000040d8b8                CLSID_ShellLibrary
 .rdata$CLSID_ShellLink
                0x000000000040d8c8       0x10 /usr/lib/gcc/i686-w64-mingw32/4.8/../../../../i686-w64-mingw32/lib/../lib/libshell32.a(lib32_libshell32_a-shell32.o)
                0x000000000040d8c8                CLSID_ShellLink
 .rdata$CLSID_SizeCategorizer
                0x000000000040d8d8       0x10 /usr/lib/gcc/i686-w64-mingw32/4.8/../../../../i686-w64-mingw32/lib/../lib/libuuid.a(lib32_libuuid_a-uuid.o)
                0x000000000040d8d8                CLSID_SizeCategorizer
 .rdata$CLSID_StartMenuPin
                0x000000000040d8e8       0x10 /usr/lib/gcc/i686-w64-mingw32/4.8/../../../../i686-w64-mingw32/lib/../lib/libuuid.a(lib32_libuuid_a-uuid.o)
                0x000000000040d8e8                CLSID_StartMenuPin
 .rdata$CLSID_StaticDib
                0x000000000040d8f8       0x10 /usr/lib/gcc/i686-w64-mingw32/4.8/../../../../i686-w64-mingw32/lib/../lib/libuuid.a(lib32_libuuid_a-uuid.o)
                0x000000000040d8f8                CLSID_StaticDib
 .rdata$CLSID_StaticMetafile
                0x000000000040d908       0x10 /usr/lib/gcc/i686-w64-mingw32/4.8/../../../../i686-w64-mingw32/lib/../lib/libuuid.a(lib32_libuuid_a-uuid.o)
                0x000000000040d908                CLSID_StaticMetafile
 .rdata$CLSID_StdComponentCategoriesMgr
                0x000000000040d918       0x10 /usr/lib/gcc/i686-w64-mingw32/4.8/../../../../i686-w64-mingw32/lib/../lib/libuuid.a(lib32_libuuid_a-uuid.o)
                0x000000000040d918                CLSID_StdComponentCategoriesMgr
 .rdata$CLSID_StdFont
                0x000000000040d928       0x10 /usr/lib/gcc/i686-w64-mingw32/4.8/../../../../i686-w64-mingw32/lib/../lib/libuuid.a(lib32_libuuid_a-uuid.o)
                0x000000000040d928                CLSID_StdFont
 .rdata$CLSID_StdHlink
                0x000000000040d938       0x10 /usr/lib/gcc/i686-w64-mingw32/4.8/../../../../i686-w64-mingw32/lib/../lib/libuuid.a(lib32_libuuid_a-uuid.o)
                0x000000000040d938                CLSID_StdHlink
 .rdata$CLSID_StdHlinkBrowseContext
                0x000000000040d948       0x10 /usr/lib/gcc/i686-w64-mingw32/4.8/../../../../i686-w64-mingw32/lib/../lib/libuuid.a(lib32_libuuid_a-uuid.o)
                0x000000000040d948                CLSID_StdHlinkBrowseContext
 .rdata$CLSID_StdHyperLink
                0x000000000040d958       0x10 /usr/lib/gcc/i686-w64-mingw32/4.8/../../../../i686-w64-mingw32/lib/../lib/libshell32.a(lib32_libshell32_a-shell32.o)
                0x000000000040d958                CLSID_StdHyperLink
 .rdata$CLSID_StdMarshal
                0x000000000040d968       0x10 /usr/lib/gcc/i686-w64-mingw32/4.8/../../../../i686-w64-mingw32/lib/../lib/libuuid.a(lib32_libuuid_a-uuid.o)
                0x000000000040d968                CLSID_StdMarshal
 .rdata$CLSID_StdPicture
                0x000000000040d978       0x10 /usr/lib/gcc/i686-w64-mingw32/4.8/../../../../i686-w64-mingw32/lib/../lib/libuuid.a(lib32_libuuid_a-uuid.o)
                0x000000000040d978                CLSID_StdPicture
 .rdata$CLSID_StdURLMoniker
                0x000000000040d988       0x10 /usr/lib/gcc/i686-w64-mingw32/4.8/../../../../i686-w64-mingw32/lib/../lib/libuuid.a(lib32_libuuid_a-uuid.o)
                0x000000000040d988                CLSID_StdURLMoniker
 .rdata$CLSID_StdURLProtocol
                0x000000000040d998       0x10 /usr/lib/gcc/i686-w64-mingw32/4.8/../../../../i686-w64-mingw32/lib/../lib/libuuid.a(lib32_libuuid_a-uuid.o)
                0x000000000040d998                CLSID_StdURLProtocol
 .rdata$CLSID_TaskbarList
                0x000000000040d9a8       0x10 /usr/lib/gcc/i686-w64-mingw32/4.8/../../../../i686-w64-mingw32/lib/../lib/libshell32.a(lib32_libshell32_a-shell32.o)
                0x000000000040d9a8                CLSID_TaskbarList
 .rdata$CLSID_TimeCategorizer
                0x000000000040d9b8       0x10 /usr/lib/gcc/i686-w64-mingw32/4.8/../../../../i686-w64-mingw32/lib/../lib/libuuid.a(lib32_libuuid_a-uuid.o)
                0x000000000040d9b8                CLSID_TimeCategorizer
 .rdata$CLSID_ToolbarExtButtons
                0x000000000040d9c8       0x10 /usr/lib/gcc/i686-w64-mingw32/4.8/../../../../i686-w64-mingw32/lib/../lib/libuuid.a(lib32_libuuid_a-uuid.o)
                0x000000000040d9c8                CLSID_ToolbarExtButtons
 .rdata$CLSID_TrayBandSiteService
                0x000000000040d9d8       0x10 /usr/lib/gcc/i686-w64-mingw32/4.8/../../../../i686-w64-mingw32/lib/../lib/libuuid.a(lib32_libuuid_a-uuid.o)
                0x000000000040d9d8                CLSID_TrayBandSiteService
 .rdata$CLSID_TrayDeskBand
                0x000000000040d9e8       0x10 /usr/lib/gcc/i686-w64-mingw32/4.8/../../../../i686-w64-mingw32/lib/../lib/libuuid.a(lib32_libuuid_a-uuid.o)
                0x000000000040d9e8                CLSID_TrayDeskBand
 .rdata$CLSID_UserNotification
                0x000000000040d9f8       0x10 /usr/lib/gcc/i686-w64-mingw32/4.8/../../../../i686-w64-mingw32/lib/../lib/libuuid.a(lib32_libuuid_a-uuid.o)
                0x000000000040d9f8                CLSID_UserNotification
 .rdata$CLSID_WebBrowser
                0x000000000040da08       0x10 /usr/lib/gcc/i686-w64-mingw32/4.8/../../../../i686-w64-mingw32/lib/../lib/libuuid.a(lib32_libuuid_a-uuid.o)
                0x000000000040da08                CLSID_WebBrowser
 .rdata$CLSID_WebWizardHost
                0x000000000040da18       0x10 /usr/lib/gcc/i686-w64-mingw32/4.8/../../../../i686-w64-mingw32/lib/../lib/libuuid.a(lib32_libuuid_a-uuid.o)
                0x000000000040da18                CLSID_WebWizardHost
 .rdata$CPFG_CREDENTIAL_PROVIDER_LABEL
                0x000000000040da28       0x10 /usr/lib/gcc/i686-w64-mingw32/4.8/../../../../i686-w64-mingw32/lib/../lib/libuuid.a(lib32_libuuid_a-uuid.o)
                0x000000000040da28                CPFG_CREDENTIAL_PROVIDER_LABEL
 .rdata$CPFG_CREDENTIAL_PROVIDER_LOGO
                0x000000000040da38       0x10 /usr/lib/gcc/i686-w64-mingw32/4.8/../../../../i686-w64-mingw32/lib/../lib/libuuid.a(lib32_libuuid_a-uuid.o)
                0x000000000040da38                CPFG_CREDENTIAL_PROVIDER_LOGO
 .rdata$CPFG_LOGON_PASSWORD
                0x000000000040da48       0x10 /usr/lib/gcc/i686-w64-mingw32/4.8/../../../../i686-w64-mingw32/lib/../lib/libuuid.a(lib32_libuuid_a-uuid.o)
                0x000000000040da48                CPFG_LOGON_PASSWORD
 .rdata$CPFG_LOGON_USERNAME
                0x000000000040da58       0x10 /usr/lib/gcc/i686-w64-mingw32/4.8/../../../../i686-w64-mingw32/lib/../lib/libuuid.a(lib32_libuuid_a-uuid.o)
                0x000000000040da58                CPFG_LOGON_USERNAME
 .rdata$CPFG_SMARTCARD_PIN
                0x000000000040da68       0x10 /usr/lib/gcc/i686-w64-mingw32/4.8/../../../../i686-w64-mingw32/lib/../lib/libuuid.a(lib32_libuuid_a-uuid.o)
                0x000000000040da68                CPFG_SMARTCARD_PIN
 .rdata$CPFG_SMARTCARD_USERNAME
                0x000000000040da78       0x10 /usr/lib/gcc/i686-w64-mingw32/4.8/../../../../i686-w64-mingw32/lib/../lib/libuuid.a(lib32_libuuid_a-uuid.o)
                0x000000000040da78                CPFG_SMARTCARD_USERNAME
 .rdata$DIID_DExplorerEvents
                0x000000000040da88       0x10 /usr/lib/gcc/i686-w64-mingw32/4.8/../../../../i686-w64-mingw32/lib/../lib/libshell32.a(lib32_libshell32_a-shell32.o)